[0.235s] DEBUG:colcon:Command line arguments: ['/usr/bin/colcon', 'build', '--packages-select', 'smarthome_vision', '--cmake-clean-cache']
[0.237s] DEBUG:colcon:Parsed command line arguments: Namespace(log_base=None, log_level=None, verb_name='build', build_base='build', install_base='install', merge_install=False, symlink_install=False, test_result_base=None, continue_on_error=False, executor='parallel', parallel_workers=8, event_handlers=None, ignore_user_meta=False, metas=['./colcon.meta'], base_paths=['.'], packages_ignore=None, packages_ignore_regex=None, paths=None, packages_up_to=None, packages_up_to_regex=None, packages_above=None, packages_above_and_dependencies=None, packages_above_depth=None, packages_select_by_dep=None, packages_skip_by_dep=None, packages_skip_up_to=None, packages_select_build_failed=False, packages_skip_build_finished=False, packages_select_test_failures=False, packages_skip_test_passed=False, packages_select=['smarthome_vision'], packages_skip=None, packages_select_regex=None, packages_skip_regex=None, packages_start=None, packages_end=None, allow_overriding=[], cmake_args=None, cmake_target=None, cmake_target_skip_unavailable=False, cmake_clean_cache=True, cmake_clean_first=False, cmake_force_configure=False, ament_cmake_args=None, catkin_cmake_args=None, catkin_skip_building_tests=False, verb_parser=<colcon_defaults.argument_parser.defaults.DefaultArgumentsDecorator object at 0xffffb7aac550>, verb_extension=<colcon_core.verb.build.BuildVerb object at 0xffffb7aac0a0>, main=<bound method BuildVerb.main of <colcon_core.verb.build.BuildVerb object at 0xffffb7aac0a0>>)
[0.570s] Level 1:colcon.colcon_core.package_discovery:discover_packages(colcon_meta) check parameters
[0.570s] Level 1:colcon.colcon_core.package_discovery:discover_packages(recursive) check parameters
[0.570s] Level 1:colcon.colcon_core.package_discovery:discover_packages(ignore) check parameters
[0.570s] Level 1:colcon.colcon_core.package_discovery:discover_packages(path) check parameters
[0.571s] Level 1:colcon.colcon_core.package_discovery:discover_packages(colcon_meta) discover
[0.571s] Level 1:colcon.colcon_core.package_discovery:discover_packages(recursive) discover
[0.571s] INFO:colcon.colcon_core.package_discovery:Crawling recursively for packages in '/home/nvidia4/smarthome_2026/ws'
[0.571s] Level 1:colcon.colcon_core.package_identification:_identify(.) by extensions ['ignore', 'ignore_ament_install']
[0.571s] Level 1:colcon.colcon_core.package_identification:_identify(.) by extension 'ignore'
[0.572s] Level 1:colcon.colcon_core.package_identification:_identify(.) by extension 'ignore_ament_install'
[0.572s] Level 1:colcon.colcon_core.package_identification:_identify(.) by extensions ['colcon_pkg']
[0.572s] Level 1:colcon.colcon_core.package_identification:_identify(.) by extension 'colcon_pkg'
[0.572s] Level 1:colcon.colcon_core.package_identification:_identify(.) by extensions ['colcon_meta']
[0.572s] Level 1:colcon.colcon_core.package_identification:_identify(.) by extension 'colcon_meta'
[0.572s] Level 1:colcon.colcon_core.package_identification:_identify(.) by extensions ['ros']
[0.572s] Level 1:colcon.colcon_core.package_identification:_identify(.) by extension 'ros'
[0.594s] Level 1:colcon.colcon_core.package_identification:_identify(.) by extensions ['cmake', 'python']
[0.595s] Level 1:colcon.colcon_core.package_identification:_identify(.) by extension 'cmake'
[0.595s] Level 1:colcon.colcon_core.package_identification:_identify(.) by extension 'python'
[0.595s] Level 1:colcon.colcon_core.package_identification:_identify(.) by extensions ['python_setup_py']
[0.595s] Level 1:colcon.colcon_core.package_identification:_identify(.) by extension 'python_setup_py'
[0.595s] Level 1:colcon.colcon_core.package_identification:_identify(build) by extensions ['ignore', 'ignore_ament_install']
[0.595s] Level 1:colcon.colcon_core.package_identification:_identify(build) by extension 'ignore'
[0.595s] Level 1:colcon.colcon_core.package_identification:_identify(build) ignored
[0.596s] Level 1:colcon.colcon_core.package_identification:_identify(install) by extensions ['ignore', 'ignore_ament_install']
[0.596s] Level 1:colcon.colcon_core.package_identification:_identify(install) by extension 'ignore'
[0.596s] Level 1:colcon.colcon_core.package_identification:_identify(install) ignored
[0.596s] Level 1:colcon.colcon_core.package_identification:_identify(log) by extensions ['ignore', 'ignore_ament_install']
[0.596s] Level 1:colcon.colcon_core.package_identification:_identify(log) by extension 'ignore'
[0.596s] Level 1:colcon.colcon_core.package_identification:_identify(log) ignored
[0.597s] Level 1:colcon.colcon_core.package_identification:_identify(src) by extensions ['ignore', 'ignore_ament_install']
[0.597s] Level 1:colcon.colcon_core.package_identification:_identify(src) by extension 'ignore'
[0.597s] Level 1:colcon.colcon_core.package_identification:_identify(src) by extension 'ignore_ament_install'
[0.597s] Level 1:colcon.colcon_core.package_identification:_identify(src) by extensions ['colcon_pkg']
[0.597s] Level 1:colcon.colcon_core.package_identification:_identify(src) by extension 'colcon_pkg'
[0.597s] Level 1:colcon.colcon_core.package_identification:_identify(src) by extensions ['colcon_meta']
[0.597s] Level 1:colcon.colcon_core.package_identification:_identify(src) by extension 'colcon_meta'
[0.597s] Level 1:colcon.colcon_core.package_identification:_identify(src) by extensions ['ros']
[0.597s] Level 1:colcon.colcon_core.package_identification:_identify(src) by extension 'ros'
[0.597s] Level 1:colcon.colcon_core.package_identification:_identify(src) by extensions ['cmake', 'python']
[0.597s] Level 1:colcon.colcon_core.package_identification:_identify(src) by extension 'cmake'
[0.598s] Level 1:colcon.colcon_core.package_identification:_identify(src) by extension 'python'
[0.598s] Level 1:colcon.colcon_core.package_identification:_identify(src) by extensions ['python_setup_py']
[0.598s] Level 1:colcon.colcon_core.package_identification:_identify(src) by extension 'python_setup_py'
[0.598s] Level 1:colcon.colcon_core.package_identification:_identify(src/smarthome_vision_ros2) by extensions ['ignore', 'ignore_ament_install']
[0.598s] Level 1:colcon.colcon_core.package_identification:_identify(src/smarthome_vision_ros2) by extension 'ignore'
[0.598s] Level 1:colcon.colcon_core.package_identification:_identify(src/smarthome_vision_ros2) by extension 'ignore_ament_install'
[0.598s] Level 1:colcon.colcon_core.package_identification:_identify(src/smarthome_vision_ros2) by extensions ['colcon_pkg']
[0.598s] Level 1:colcon.colcon_core.package_identification:_identify(src/smarthome_vision_ros2) by extension 'colcon_pkg'
[0.598s] Level 1:colcon.colcon_core.package_identification:_identify(src/smarthome_vision_ros2) by extensions ['colcon_meta']
[0.599s] Level 1:colcon.colcon_core.package_identification:_identify(src/smarthome_vision_ros2) by extension 'colcon_meta'
[0.599s] Level 1:colcon.colcon_core.package_identification:_identify(src/smarthome_vision_ros2) by extensions ['ros']
[0.599s] Level 1:colcon.colcon_core.package_identification:_identify(src/smarthome_vision_ros2) by extension 'ros'
[0.604s] DEBUG:colcon.colcon_core.package_identification:Package 'src/smarthome_vision_ros2' with type 'ros.ament_cmake' and name 'smarthome_vision'
[0.605s] Level 1:colcon.colcon_core.package_discovery:discover_packages(recursive) using defaults
[0.605s] Level 1:colcon.colcon_core.package_discovery:discover_packages(ignore) discover
[0.605s] Level 1:colcon.colcon_core.package_discovery:discover_packages(ignore) using defaults
[0.605s] Level 1:colcon.colcon_core.package_discovery:discover_packages(path) discover
[0.605s] Level 1:colcon.colcon_core.package_discovery:discover_packages(path) using defaults
[0.651s] Level 1:colcon.colcon_core.package_discovery:discover_packages(prefix_path) check parameters
[0.651s] Level 1:colcon.colcon_core.package_discovery:discover_packages(prefix_path) discover
[0.656s] DEBUG:colcon.colcon_installed_package_information.package_discovery:Found 1 installed packages in /home/nvidia4/smarthome_2026/ws/install
[0.658s] DEBUG:colcon.colcon_installed_package_information.package_discovery:Found 296 installed packages in /opt/ros/humble
[0.692s] Level 1:colcon.colcon_core.package_discovery:discover_packages(prefix_path) using defaults
[0.771s] Level 5:colcon.colcon_core.verb:set package 'smarthome_vision' build argument 'cmake_args' from command line to 'None'
[0.771s] Level 5:colcon.colcon_core.verb:set package 'smarthome_vision' build argument 'cmake_target' from command line to 'None'
[0.771s] Level 5:colcon.colcon_core.verb:set package 'smarthome_vision' build argument 'cmake_target_skip_unavailable' from command line to 'False'
[0.772s] Level 5:colcon.colcon_core.verb:set package 'smarthome_vision' build argument 'cmake_clean_cache' from command line to 'True'
[0.772s] Level 5:colcon.colcon_core.verb:set package 'smarthome_vision' build argument 'cmake_clean_first' from command line to 'False'
[0.772s] Level 5:colcon.colcon_core.verb:set package 'smarthome_vision' build argument 'cmake_force_configure' from command line to 'False'
[0.772s] Level 5:colcon.colcon_core.verb:set package 'smarthome_vision' build argument 'ament_cmake_args' from command line to 'None'
[0.772s] Level 5:colcon.colcon_core.verb:set package 'smarthome_vision' build argument 'catkin_cmake_args' from command line to 'None'
[0.772s] Level 5:colcon.colcon_core.verb:set package 'smarthome_vision' build argument 'catkin_skip_building_tests' from command line to 'False'
[0.772s] DEBUG:colcon.colcon_core.verb:Building package 'smarthome_vision' with the following arguments: {'ament_cmake_args': None, 'build_base': '/home/nvidia4/smarthome_2026/ws/build/smarthome_vision', 'catkin_cmake_args': None, 'catkin_skip_building_tests': False, 'cmake_args': None, 'cmake_clean_cache': True, 'cmake_clean_first': False, 'cmake_force_configure': False, 'cmake_target': None, 'cmake_target_skip_unavailable': False, 'install_base': '/home/nvidia4/smarthome_2026/ws/install/smarthome_vision', 'merge_install': False, 'path': '/home/nvidia4/smarthome_2026/ws/src/smarthome_vision_ros2', 'symlink_install': False, 'test_result_base': None}
[0.772s] INFO:colcon.colcon_core.executor:Executing jobs using 'parallel' executor
[0.775s] DEBUG:colcon.colcon_parallel_executor.executor.parallel:run_until_complete
[0.776s] INFO:colcon.colcon_ros.task.ament_cmake.build:Building ROS package in '/home/nvidia4/smarthome_2026/ws/src/smarthome_vision_ros2' with build type 'ament_cmake'
[0.777s] INFO:colcon.colcon_cmake.task.cmake.build:Building CMake package in '/home/nvidia4/smarthome_2026/ws/src/smarthome_vision_ros2'
[0.783s] INFO:colcon.colcon_core.plugin_system:Skipping extension 'colcon_core.shell.bat': Not used on non-Windows systems
[0.784s] INFO:colcon.colcon_core.shell:Skip shell extension 'powershell' for command environment: Not usable outside of PowerShell
[0.784s] DEBUG:colcon.colcon_core.shell:Skip shell extension 'dsv' for command environment
[0.808s] DEBUG:colcon.colcon_core.event_handler.log_command:Invoking command in '/home/nvidia4/smarthome_2026/ws/build/smarthome_vision': CMAKE_PREFIX_PATH=${CMAKE_PREFIX_PATH}:/opt/ros/humble /usr/bin/cmake /home/nvidia4/smarthome_2026/ws/src/smarthome_vision_ros2 -DCMAKE_INSTALL_PREFIX=/home/nvidia4/smarthome_2026/ws/install/smarthome_vision
[6.290s] DEBUG:colcon.colcon_core.event_handler.log_command:Invoked command in '/home/nvidia4/smarthome_2026/ws/build/smarthome_vision' returned '0': CMAKE_PREFIX_PATH=${CMAKE_PREFIX_PATH}:/opt/ros/humble /usr/bin/cmake /home/nvidia4/smarthome_2026/ws/src/smarthome_vision_ros2 -DCMAKE_INSTALL_PREFIX=/home/nvidia4/smarthome_2026/ws/install/smarthome_vision
[6.295s] DEBUG:colcon.colcon_core.event_handler.log_command:Invoking command in '/home/nvidia4/smarthome_2026/ws/build/smarthome_vision': CMAKE_PREFIX_PATH=${CMAKE_PREFIX_PATH}:/opt/ros/humble /usr/bin/cmake --build /home/nvidia4/smarthome_2026/ws/build/smarthome_vision -- -j8 -l8
[8.506s] DEBUG:colcon.colcon_core.event_handler.log_command:Invoked command in '/home/nvidia4/smarthome_2026/ws/build/smarthome_vision' returned '0': CMAKE_PREFIX_PATH=${CMAKE_PREFIX_PATH}:/opt/ros/humble /usr/bin/cmake --build /home/nvidia4/smarthome_2026/ws/build/smarthome_vision -- -j8 -l8
[8.523s] DEBUG:colcon.colcon_core.event_handler.log_command:Invoking command in '/home/nvidia4/smarthome_2026/ws/build/smarthome_vision': CMAKE_PREFIX_PATH=${CMAKE_PREFIX_PATH}:/opt/ros/humble /usr/bin/cmake --install /home/nvidia4/smarthome_2026/ws/build/smarthome_vision
[8.742s] Level 1:colcon.colcon_core.environment:create_environment_scripts_only(smarthome_vision)
[8.747s] Level 1:colcon.colcon_core.environment:checking '/home/nvidia4/smarthome_2026/ws/install/smarthome_vision' for CMake module files
[8.749s] Level 1:colcon.colcon_core.environment:checking '/home/nvidia4/smarthome_2026/ws/install/smarthome_vision' for CMake config files
[8.749s] Level 1:colcon.colcon_core.shell:create_environment_hook('smarthome_vision', 'cmake_prefix_path')
[8.750s] INFO:colcon.colcon_core.shell:Creating environment hook '/home/nvidia4/smarthome_2026/ws/install/smarthome_vision/share/smarthome_vision/hook/cmake_prefix_path.ps1'
[8.751s] INFO:colcon.colcon_core.shell:Creating environment descriptor '/home/nvidia4/smarthome_2026/ws/install/smarthome_vision/share/smarthome_vision/hook/cmake_prefix_path.dsv'
[8.752s] INFO:colcon.colcon_core.shell:Creating environment hook '/home/nvidia4/smarthome_2026/ws/install/smarthome_vision/share/smarthome_vision/hook/cmake_prefix_path.sh'
[8.754s] Level 1:colcon.colcon_core.environment:checking '/home/nvidia4/smarthome_2026/ws/install/smarthome_vision/lib'
[8.755s] Level 1:colcon.colcon_core.shell:create_environment_hook('smarthome_vision', 'ld_library_path_lib')
[8.755s] INFO:colcon.colcon_core.shell:Creating environment hook '/home/nvidia4/smarthome_2026/ws/install/smarthome_vision/share/smarthome_vision/hook/ld_library_path_lib.ps1'
[8.769s] INFO:colcon.colcon_core.shell:Creating environment descriptor '/home/nvidia4/smarthome_2026/ws/install/smarthome_vision/share/smarthome_vision/hook/ld_library_path_lib.dsv'
[8.770s] INFO:colcon.colcon_core.shell:Creating environment hook '/home/nvidia4/smarthome_2026/ws/install/smarthome_vision/share/smarthome_vision/hook/ld_library_path_lib.sh'
[8.772s] DEBUG:colcon.colcon_core.event_handler.log_command:Invoked command in '/home/nvidia4/smarthome_2026/ws/build/smarthome_vision' returned '0': CMAKE_PREFIX_PATH=${CMAKE_PREFIX_PATH}:/opt/ros/humble /usr/bin/cmake --install /home/nvidia4/smarthome_2026/ws/build/smarthome_vision
[8.773s] Level 1:colcon.colcon_core.environment:checking '/home/nvidia4/smarthome_2026/ws/install/smarthome_vision/bin'
[8.773s] Level 1:colcon.colcon_core.environment:checking '/home/nvidia4/smarthome_2026/ws/install/smarthome_vision/lib/pkgconfig/smarthome_vision.pc'
[8.773s] Level 1:colcon.colcon_core.environment:checking '/home/nvidia4/smarthome_2026/ws/install/smarthome_vision/lib/python3.10/site-packages'
[8.774s] Level 1:colcon.colcon_core.environment:checking '/home/nvidia4/smarthome_2026/ws/install/smarthome_vision/bin'
[8.775s] INFO:colcon.colcon_core.shell:Creating package script '/home/nvidia4/smarthome_2026/ws/install/smarthome_vision/share/smarthome_vision/package.ps1'
[8.788s] INFO:colcon.colcon_core.shell:Creating package descriptor '/home/nvidia4/smarthome_2026/ws/install/smarthome_vision/share/smarthome_vision/package.dsv'
[8.790s] INFO:colcon.colcon_core.shell:Creating package script '/home/nvidia4/smarthome_2026/ws/install/smarthome_vision/share/smarthome_vision/package.sh'
[8.791s] INFO:colcon.colcon_core.shell:Creating package script '/home/nvidia4/smarthome_2026/ws/install/smarthome_vision/share/smarthome_vision/package.bash'
[8.792s] INFO:colcon.colcon_core.shell:Creating package script '/home/nvidia4/smarthome_2026/ws/install/smarthome_vision/share/smarthome_vision/package.zsh'
[8.794s] Level 1:colcon.colcon_core.environment:create_file_with_runtime_dependencies(/home/nvidia4/smarthome_2026/ws/install/smarthome_vision/share/colcon-core/packages/smarthome_vision)
[8.795s] Level 1:colcon.colcon_core.environment:create_environment_scripts_only(smarthome_vision)
[8.795s] Level 1:colcon.colcon_core.environment:checking '/home/nvidia4/smarthome_2026/ws/install/smarthome_vision' for CMake module files
[8.796s] Level 1:colcon.colcon_core.environment:checking '/home/nvidia4/smarthome_2026/ws/install/smarthome_vision' for CMake config files
[8.797s] Level 1:colcon.colcon_core.shell:create_environment_hook('smarthome_vision', 'cmake_prefix_path')
[8.797s] INFO:colcon.colcon_core.shell:Creating environment hook '/home/nvidia4/smarthome_2026/ws/install/smarthome_vision/share/smarthome_vision/hook/cmake_prefix_path.ps1'
[8.798s] INFO:colcon.colcon_core.shell:Creating environment descriptor '/home/nvidia4/smarthome_2026/ws/install/smarthome_vision/share/smarthome_vision/hook/cmake_prefix_path.dsv'
[8.799s] INFO:colcon.colcon_core.shell:Creating environment hook '/home/nvidia4/smarthome_2026/ws/install/smarthome_vision/share/smarthome_vision/hook/cmake_prefix_path.sh'
[8.800s] Level 1:colcon.colcon_core.environment:checking '/home/nvidia4/smarthome_2026/ws/install/smarthome_vision/lib'
[8.800s] Level 1:colcon.colcon_core.shell:create_environment_hook('smarthome_vision', 'ld_library_path_lib')
[8.800s] INFO:colcon.colcon_core.shell:Creating environment hook '/home/nvidia4/smarthome_2026/ws/install/smarthome_vision/share/smarthome_vision/hook/ld_library_path_lib.ps1'
[8.801s] INFO:colcon.colcon_core.shell:Creating environment descriptor '/home/nvidia4/smarthome_2026/ws/install/smarthome_vision/share/smarthome_vision/hook/ld_library_path_lib.dsv'
[8.802s] INFO:colcon.colcon_core.shell:Creating environment hook '/home/nvidia4/smarthome_2026/ws/install/smarthome_vision/share/smarthome_vision/hook/ld_library_path_lib.sh'
[8.802s] Level 1:colcon.colcon_core.environment:checking '/home/nvidia4/smarthome_2026/ws/install/smarthome_vision/bin'
[8.802s] Level 1:colcon.colcon_core.environment:checking '/home/nvidia4/smarthome_2026/ws/install/smarthome_vision/lib/pkgconfig/smarthome_vision.pc'
[8.803s] Level 1:colcon.colcon_core.environment:checking '/home/nvidia4/smarthome_2026/ws/install/smarthome_vision/lib/python3.10/site-packages'
[8.803s] Level 1:colcon.colcon_core.environment:checking '/home/nvidia4/smarthome_2026/ws/install/smarthome_vision/bin'
[8.804s] INFO:colcon.colcon_core.shell:Creating package script '/home/nvidia4/smarthome_2026/ws/install/smarthome_vision/share/smarthome_vision/package.ps1'
[8.805s] INFO:colcon.colcon_core.shell:Creating package descriptor '/home/nvidia4/smarthome_2026/ws/install/smarthome_vision/share/smarthome_vision/package.dsv'
[8.807s] INFO:colcon.colcon_core.shell:Creating package script '/home/nvidia4/smarthome_2026/ws/install/smarthome_vision/share/smarthome_vision/package.sh'
[8.808s] INFO:colcon.colcon_core.shell:Creating package script '/home/nvidia4/smarthome_2026/ws/install/smarthome_vision/share/smarthome_vision/package.bash'
[8.809s] INFO:colcon.colcon_core.shell:Creating package script '/home/nvidia4/smarthome_2026/ws/install/smarthome_vision/share/smarthome_vision/package.zsh'
[8.809s] Level 1:colcon.colcon_core.environment:create_file_with_runtime_dependencies(/home/nvidia4/smarthome_2026/ws/install/smarthome_vision/share/colcon-core/packages/smarthome_vision)
[8.810s] DEBUG:colcon.colcon_parallel_executor.executor.parallel:closing loop
[8.811s] DEBUG:colcon.colcon_parallel_executor.executor.parallel:loop closed
[8.811s] DEBUG:colcon.colcon_parallel_executor.executor.parallel:run_until_complete finished with '0'
[8.811s] DEBUG:colcon.colcon_core.event_reactor:joining thread
[8.832s] INFO:colcon.colcon_core.plugin_system:Skipping extension 'colcon_notification.desktop_notification.terminal_notifier': Not used on non-Darwin systems
[8.833s] INFO:colcon.colcon_core.plugin_system:Skipping extension 'colcon_notification.desktop_notification.win32': Not used on non-Windows systems
[8.833s] INFO:colcon.colcon_notification.desktop_notification:Sending desktop notification using 'notify2'
[8.846s] DEBUG:colcon.colcon_core.event_reactor:joined thread
[8.847s] INFO:colcon.colcon_core.shell:Creating prefix script '/home/nvidia4/smarthome_2026/ws/install/local_setup.ps1'
[8.849s] INFO:colcon.colcon_core.shell:Creating prefix util module '/home/nvidia4/smarthome_2026/ws/install/_local_setup_util_ps1.py'
[8.852s] INFO:colcon.colcon_core.shell:Creating prefix chain script '/home/nvidia4/smarthome_2026/ws/install/setup.ps1'
[8.854s] INFO:colcon.colcon_core.shell:Creating prefix script '/home/nvidia4/smarthome_2026/ws/install/local_setup.sh'
[8.856s] INFO:colcon.colcon_core.shell:Creating prefix util module '/home/nvidia4/smarthome_2026/ws/install/_local_setup_util_sh.py'
[8.857s] INFO:colcon.colcon_core.shell:Creating prefix chain script '/home/nvidia4/smarthome_2026/ws/install/setup.sh'
[8.859s] INFO:colcon.colcon_core.shell:Creating prefix script '/home/nvidia4/smarthome_2026/ws/install/local_setup.bash'
[8.861s] INFO:colcon.colcon_core.shell:Creating prefix chain script '/home/nvidia4/smarthome_2026/ws/install/setup.bash'
[8.863s] INFO:colcon.colcon_core.shell:Creating prefix script '/home/nvidia4/smarthome_2026/ws/install/local_setup.zsh'
[8.877s] INFO:colcon.colcon_core.shell:Creating prefix chain script '/home/nvidia4/smarthome_2026/ws/install/setup.zsh'
