[0.332s] DEBUG:colcon:Command line arguments: ['/usr/bin/colcon', 'build', '--packages-select', 'smarthome_vision']
[0.332s] DEBUG:colcon:Parsed command line arguments: Namespace(log_base=None, log_level=None, verb_name='build', build_base='build', install_base='install', merge_install=False, symlink_install=False, test_result_base=None, continue_on_error=False, executor='parallel', parallel_workers=8, event_handlers=None, ignore_user_meta=False, metas=['./colcon.meta'], base_paths=['.'], packages_ignore=None, packages_ignore_regex=None, paths=None, packages_up_to=None, packages_up_to_regex=None, packages_above=None, packages_above_and_dependencies=None, packages_above_depth=None, packages_select_by_dep=None, packages_skip_by_dep=None, packages_skip_up_to=None, packages_select_build_failed=False, packages_skip_build_finished=False, packages_select_test_failures=False, packages_skip_test_passed=False, packages_select=['smarthome_vision'], packages_skip=None, packages_select_regex=None, packages_skip_regex=None, packages_start=None, packages_end=None, allow_overriding=[], cmake_args=None, cmake_target=None, cmake_target_skip_unavailable=False, cmake_clean_cache=False, cmake_clean_first=False, cmake_force_configure=False, ament_cmake_args=None, catkin_cmake_args=None, catkin_skip_building_tests=False, verb_parser=<colcon_defaults.argument_parser.defaults.DefaultArgumentsDecorator object at 0xffffb3fd40d0>, verb_extension=<colcon_core.verb.build.BuildVerb object at 0xffffb3f97c40>, main=<bound method BuildVerb.main of <colcon_core.verb.build.BuildVerb object at 0xffffb3f97c40>>)
[0.751s] Level 1:colcon.colcon_core.package_discovery:discover_packages(colcon_meta) check parameters
[0.752s] Level 1:colcon.colcon_core.package_discovery:discover_packages(recursive) check parameters
[0.752s] Level 1:colcon.colcon_core.package_discovery:discover_packages(ignore) check parameters
[0.752s] Level 1:colcon.colcon_core.package_discovery:discover_packages(path) check parameters
[0.752s] Level 1:colcon.colcon_core.package_discovery:discover_packages(colcon_meta) discover
[0.752s] Level 1:colcon.colcon_core.package_discovery:discover_packages(recursive) discover
[0.752s] INFO:colcon.colcon_core.package_discovery:Crawling recursively for packages in '/home/nvidia4/smarthome_2026/ws'
[0.752s] Level 1:colcon.colcon_core.package_identification:_identify(.) by extensions ['ignore', 'ignore_ament_install']
[0.753s] Level 1:colcon.colcon_core.package_identification:_identify(.) by extension 'ignore'
[0.753s] Level 1:colcon.colcon_core.package_identification:_identify(.) by extension 'ignore_ament_install'
[0.753s] Level 1:colcon.colcon_core.package_identification:_identify(.) by extensions ['colcon_pkg']
[0.753s] Level 1:colcon.colcon_core.package_identification:_identify(.) by extension 'colcon_pkg'
[0.753s] Level 1:colcon.colcon_core.package_identification:_identify(.) by extensions ['colcon_meta']
[0.753s] Level 1:colcon.colcon_core.package_identification:_identify(.) by extension 'colcon_meta'
[0.753s] Level 1:colcon.colcon_core.package_identification:_identify(.) by extensions ['ros']
[0.753s] Level 1:colcon.colcon_core.package_identification:_identify(.) by extension 'ros'
[0.774s] Level 1:colcon.colcon_core.package_identification:_identify(.) by extensions ['cmake', 'python']
[0.775s] Level 1:colcon.colcon_core.package_identification:_identify(.) by extension 'cmake'
[0.775s] Level 1:colcon.colcon_core.package_identification:_identify(.) by extension 'python'
[0.775s] Level 1:colcon.colcon_core.package_identification:_identify(.) by extensions ['python_setup_py']
[0.775s] Level 1:colcon.colcon_core.package_identification:_identify(.) by extension 'python_setup_py'
[0.775s] Level 1:colcon.colcon_core.package_identification:_identify(build) by extensions ['ignore', 'ignore_ament_install']
[0.775s] Level 1:colcon.colcon_core.package_identification:_identify(build) by extension 'ignore'
[0.776s] Level 1:colcon.colcon_core.package_identification:_identify(build) ignored
[0.776s] Level 1:colcon.colcon_core.package_identification:_identify(install) by extensions ['ignore', 'ignore_ament_install']
[0.776s] Level 1:colcon.colcon_core.package_identification:_identify(install) by extension 'ignore'
[0.776s] Level 1:colcon.colcon_core.package_identification:_identify(install) ignored
[0.776s] Level 1:colcon.colcon_core.package_identification:_identify(log) by extensions ['ignore', 'ignore_ament_install']
[0.776s] Level 1:colcon.colcon_core.package_identification:_identify(log) by extension 'ignore'
[0.776s] Level 1:colcon.colcon_core.package_identification:_identify(log) ignored
[0.777s] Level 1:colcon.colcon_core.package_identification:_identify(src) by extensions ['ignore', 'ignore_ament_install']
[0.777s] Level 1:colcon.colcon_core.package_identification:_identify(src) by extension 'ignore'
[0.777s] Level 1:colcon.colcon_core.package_identification:_identify(src) by extension 'ignore_ament_install'
[0.777s] Level 1:colcon.colcon_core.package_identification:_identify(src) by extensions ['colcon_pkg']
[0.777s] Level 1:colcon.colcon_core.package_identification:_identify(src) by extension 'colcon_pkg'
[0.777s] Level 1:colcon.colcon_core.package_identification:_identify(src) by extensions ['colcon_meta']
[0.777s] Level 1:colcon.colcon_core.package_identification:_identify(src) by extension 'colcon_meta'
[0.777s] Level 1:colcon.colcon_core.package_identification:_identify(src) by extensions ['ros']
[0.777s] Level 1:colcon.colcon_core.package_identification:_identify(src) by extension 'ros'
[0.777s] Level 1:colcon.colcon_core.package_identification:_identify(src) by extensions ['cmake', 'python']
[0.777s] Level 1:colcon.colcon_core.package_identification:_identify(src) by extension 'cmake'
[0.777s] Level 1:colcon.colcon_core.package_identification:_identify(src) by extension 'python'
[0.778s] Level 1:colcon.colcon_core.package_identification:_identify(src) by extensions ['python_setup_py']
[0.778s] Level 1:colcon.colcon_core.package_identification:_identify(src) by extension 'python_setup_py'
[0.778s] Level 1:colcon.colcon_core.package_identification:_identify(src/smarthome_vision_ros2) by extensions ['ignore', 'ignore_ament_install']
[0.778s] Level 1:colcon.colcon_core.package_identification:_identify(src/smarthome_vision_ros2) by extension 'ignore'
[0.778s] Level 1:colcon.colcon_core.package_identification:_identify(src/smarthome_vision_ros2) by extension 'ignore_ament_install'
[0.778s] Level 1:colcon.colcon_core.package_identification:_identify(src/smarthome_vision_ros2) by extensions ['colcon_pkg']
[0.778s] Level 1:colcon.colcon_core.package_identification:_identify(src/smarthome_vision_ros2) by extension 'colcon_pkg'
[0.778s] Level 1:colcon.colcon_core.package_identification:_identify(src/smarthome_vision_ros2) by extensions ['colcon_meta']
[0.778s] Level 1:colcon.colcon_core.package_identification:_identify(src/smarthome_vision_ros2) by extension 'colcon_meta'
[0.778s] Level 1:colcon.colcon_core.package_identification:_identify(src/smarthome_vision_ros2) by extensions ['ros']
[0.778s] Level 1:colcon.colcon_core.package_identification:_identify(src/smarthome_vision_ros2) by extension 'ros'
[0.784s] DEBUG:colcon.colcon_core.package_identification:Package 'src/smarthome_vision_ros2' with type 'ros.ament_cmake' and name 'smarthome_vision'
[0.785s] Level 1:colcon.colcon_core.package_discovery:discover_packages(recursive) using defaults
[0.785s] Level 1:colcon.colcon_core.package_discovery:discover_packages(ignore) discover
[0.785s] Level 1:colcon.colcon_core.package_discovery:discover_packages(ignore) using defaults
[0.785s] Level 1:colcon.colcon_core.package_discovery:discover_packages(path) discover
[0.785s] Level 1:colcon.colcon_core.package_discovery:discover_packages(path) using defaults
[0.829s] Level 1:colcon.colcon_core.package_discovery:discover_packages(prefix_path) check parameters
[0.829s] Level 1:colcon.colcon_core.package_discovery:discover_packages(prefix_path) discover
[0.834s] DEBUG:colcon.colcon_installed_package_information.package_discovery:Found 281 installed packages in /opt/ros/humble
[0.874s] Level 1:colcon.colcon_core.package_discovery:discover_packages(prefix_path) using defaults
[0.942s] Level 5:colcon.colcon_core.verb:set package 'smarthome_vision' build argument 'cmake_args' from command line to 'None'
[0.942s] Level 5:colcon.colcon_core.verb:set package 'smarthome_vision' build argument 'cmake_target' from command line to 'None'
[0.942s] Level 5:colcon.colcon_core.verb:set package 'smarthome_vision' build argument 'cmake_target_skip_unavailable' from command line to 'False'
[0.942s] Level 5:colcon.colcon_core.verb:set package 'smarthome_vision' build argument 'cmake_clean_cache' from command line to 'False'
[0.942s] Level 5:colcon.colcon_core.verb:set package 'smarthome_vision' build argument 'cmake_clean_first' from command line to 'False'
[0.942s] Level 5:colcon.colcon_core.verb:set package 'smarthome_vision' build argument 'cmake_force_configure' from command line to 'False'
[0.942s] Level 5:colcon.colcon_core.verb:set package 'smarthome_vision' build argument 'ament_cmake_args' from command line to 'None'
[0.942s] Level 5:colcon.colcon_core.verb:set package 'smarthome_vision' build argument 'catkin_cmake_args' from command line to 'None'
[0.942s] Level 5:colcon.colcon_core.verb:set package 'smarthome_vision' build argument 'catkin_skip_building_tests' from command line to 'False'
[0.942s] DEBUG:colcon.colcon_core.verb:Building package 'smarthome_vision' with the following arguments: {'ament_cmake_args': None, 'build_base': '/home/nvidia4/smarthome_2026/ws/build/smarthome_vision', 'catkin_cmake_args': None, 'catkin_skip_building_tests': False, 'cmake_args': None, 'cmake_clean_cache': False, 'cmake_clean_first': False, 'cmake_force_configure': False, 'cmake_target': None, 'cmake_target_skip_unavailable': False, 'install_base': '/home/nvidia4/smarthome_2026/ws/install/smarthome_vision', 'merge_install': False, 'path': '/home/nvidia4/smarthome_2026/ws/src/smarthome_vision_ros2', 'symlink_install': False, 'test_result_base': None}
[0.943s] INFO:colcon.colcon_core.executor:Executing jobs using 'parallel' executor
[0.945s] DEBUG:colcon.colcon_parallel_executor.executor.parallel:run_until_complete
[0.945s] INFO:colcon.colcon_ros.task.ament_cmake.build:Building ROS package in '/home/nvidia4/smarthome_2026/ws/src/smarthome_vision_ros2' with build type 'ament_cmake'
[0.945s] INFO:colcon.colcon_cmake.task.cmake.build:Building CMake package in '/home/nvidia4/smarthome_2026/ws/src/smarthome_vision_ros2'
[0.954s] INFO:colcon.colcon_core.plugin_system:Skipping extension 'colcon_core.shell.bat': Not used on non-Windows systems
[0.955s] INFO:colcon.colcon_core.shell:Skip shell extension 'powershell' for command environment: Not usable outside of PowerShell
[0.955s] DEBUG:colcon.colcon_core.shell:Skip shell extension 'dsv' for command environment
[0.978s] DEBUG:colcon.colcon_core.event_handler.log_command:Invoking command in '/home/nvidia4/smarthome_2026/ws/build/smarthome_vision': CMAKE_PREFIX_PATH=/opt/ros/humble /usr/bin/cmake --build /home/nvidia4/smarthome_2026/ws/build/smarthome_vision -- -j8 -l8
[30.402s] DEBUG:colcon.colcon_core.event_handler.log_command:Invoked command in '/home/nvidia4/smarthome_2026/ws/build/smarthome_vision' returned '0': CMAKE_PREFIX_PATH=/opt/ros/humble /usr/bin/cmake --build /home/nvidia4/smarthome_2026/ws/build/smarthome_vision -- -j8 -l8
[30.431s] DEBUG:colcon.colcon_core.event_handler.log_command:Invoking command in '/home/nvidia4/smarthome_2026/ws/build/smarthome_vision': CMAKE_PREFIX_PATH=/opt/ros/humble /usr/bin/cmake --install /home/nvidia4/smarthome_2026/ws/build/smarthome_vision
[30.614s] Level 1:colcon.colcon_core.environment:create_environment_scripts_only(smarthome_vision)
[30.616s] DEBUG:colcon.colcon_core.event_handler.log_command:Invoked command in '/home/nvidia4/smarthome_2026/ws/build/smarthome_vision' returned '0': CMAKE_PREFIX_PATH=/opt/ros/humble /usr/bin/cmake --install /home/nvidia4/smarthome_2026/ws/build/smarthome_vision
[30.624s] Level 1:colcon.colcon_core.environment:checking '/home/nvidia4/smarthome_2026/ws/install/smarthome_vision' for CMake module files
[30.625s] Level 1:colcon.colcon_core.environment:checking '/home/nvidia4/smarthome_2026/ws/install/smarthome_vision' for CMake config files
[30.626s] Level 1:colcon.colcon_core.shell:create_environment_hook('smarthome_vision', 'cmake_prefix_path')
[30.627s] INFO:colcon.colcon_core.shell:Creating environment hook '/home/nvidia4/smarthome_2026/ws/install/smarthome_vision/share/smarthome_vision/hook/cmake_prefix_path.ps1'
[30.629s] INFO:colcon.colcon_core.shell:Creating environment descriptor '/home/nvidia4/smarthome_2026/ws/install/smarthome_vision/share/smarthome_vision/hook/cmake_prefix_path.dsv'
[30.630s] INFO:colcon.colcon_core.shell:Creating environment hook '/home/nvidia4/smarthome_2026/ws/install/smarthome_vision/share/smarthome_vision/hook/cmake_prefix_path.sh'
[30.633s] Level 1:colcon.colcon_core.environment:checking '/home/nvidia4/smarthome_2026/ws/install/smarthome_vision/lib'
[30.634s] Level 1:colcon.colcon_core.shell:create_environment_hook('smarthome_vision', 'ld_library_path_lib')
[30.634s] INFO:colcon.colcon_core.shell:Creating environment hook '/home/nvidia4/smarthome_2026/ws/install/smarthome_vision/share/smarthome_vision/hook/ld_library_path_lib.ps1'
[30.636s] INFO:colcon.colcon_core.shell:Creating environment descriptor '/home/nvidia4/smarthome_2026/ws/install/smarthome_vision/share/smarthome_vision/hook/ld_library_path_lib.dsv'
[30.649s] INFO:colcon.colcon_core.shell:Creating environment hook '/home/nvidia4/smarthome_2026/ws/install/smarthome_vision/share/smarthome_vision/hook/ld_library_path_lib.sh'
[30.651s] Level 1:colcon.colcon_core.environment:checking '/home/nvidia4/smarthome_2026/ws/install/smarthome_vision/bin'
[30.651s] Level 1:colcon.colcon_core.environment:checking '/home/nvidia4/smarthome_2026/ws/install/smarthome_vision/lib/pkgconfig/smarthome_vision.pc'
[30.652s] Level 1:colcon.colcon_core.environment:checking '/home/nvidia4/smarthome_2026/ws/install/smarthome_vision/lib/python3.10/site-packages'
[30.652s] Level 1:colcon.colcon_core.environment:checking '/home/nvidia4/smarthome_2026/ws/install/smarthome_vision/bin'
[30.653s] INFO:colcon.colcon_core.shell:Creating package script '/home/nvidia4/smarthome_2026/ws/install/smarthome_vision/share/smarthome_vision/package.ps1'
[30.657s] INFO:colcon.colcon_core.shell:Creating package descriptor '/home/nvidia4/smarthome_2026/ws/install/smarthome_vision/share/smarthome_vision/package.dsv'
[30.659s] INFO:colcon.colcon_core.shell:Creating package script '/home/nvidia4/smarthome_2026/ws/install/smarthome_vision/share/smarthome_vision/package.sh'
[30.661s] INFO:colcon.colcon_core.shell:Creating package script '/home/nvidia4/smarthome_2026/ws/install/smarthome_vision/share/smarthome_vision/package.bash'
[30.666s] INFO:colcon.colcon_core.shell:Creating package script '/home/nvidia4/smarthome_2026/ws/install/smarthome_vision/share/smarthome_vision/package.zsh'
[30.668s] Level 1:colcon.colcon_core.environment:create_file_with_runtime_dependencies(/home/nvidia4/smarthome_2026/ws/install/smarthome_vision/share/colcon-core/packages/smarthome_vision)
[30.670s] Level 1:colcon.colcon_core.environment:create_environment_scripts_only(smarthome_vision)
[30.671s] Level 1:colcon.colcon_core.environment:checking '/home/nvidia4/smarthome_2026/ws/install/smarthome_vision' for CMake module files
[30.672s] Level 1:colcon.colcon_core.environment:checking '/home/nvidia4/smarthome_2026/ws/install/smarthome_vision' for CMake config files
[30.672s] Level 1:colcon.colcon_core.shell:create_environment_hook('smarthome_vision', 'cmake_prefix_path')
[30.673s] INFO:colcon.colcon_core.shell:Creating environment hook '/home/nvidia4/smarthome_2026/ws/install/smarthome_vision/share/smarthome_vision/hook/cmake_prefix_path.ps1'
[30.676s] INFO:colcon.colcon_core.shell:Creating environment descriptor '/home/nvidia4/smarthome_2026/ws/install/smarthome_vision/share/smarthome_vision/hook/cmake_prefix_path.dsv'
[30.677s] INFO:colcon.colcon_core.shell:Creating environment hook '/home/nvidia4/smarthome_2026/ws/install/smarthome_vision/share/smarthome_vision/hook/cmake_prefix_path.sh'
[30.679s] Level 1:colcon.colcon_core.environment:checking '/home/nvidia4/smarthome_2026/ws/install/smarthome_vision/lib'
[30.679s] Level 1:colcon.colcon_core.shell:create_environment_hook('smarthome_vision', 'ld_library_path_lib')
[30.680s] INFO:colcon.colcon_core.shell:Creating environment hook '/home/nvidia4/smarthome_2026/ws/install/smarthome_vision/share/smarthome_vision/hook/ld_library_path_lib.ps1'
[30.681s] INFO:colcon.colcon_core.shell:Creating environment descriptor '/home/nvidia4/smarthome_2026/ws/install/smarthome_vision/share/smarthome_vision/hook/ld_library_path_lib.dsv'
[30.682s] INFO:colcon.colcon_core.shell:Creating environment hook '/home/nvidia4/smarthome_2026/ws/install/smarthome_vision/share/smarthome_vision/hook/ld_library_path_lib.sh'
[30.682s] Level 1:colcon.colcon_core.environment:checking '/home/nvidia4/smarthome_2026/ws/install/smarthome_vision/bin'
[30.683s] Level 1:colcon.colcon_core.environment:checking '/home/nvidia4/smarthome_2026/ws/install/smarthome_vision/lib/pkgconfig/smarthome_vision.pc'
[30.683s] Level 1:colcon.colcon_core.environment:checking '/home/nvidia4/smarthome_2026/ws/install/smarthome_vision/lib/python3.10/site-packages'
[30.684s] Level 1:colcon.colcon_core.environment:checking '/home/nvidia4/smarthome_2026/ws/install/smarthome_vision/bin'
[30.685s] INFO:colcon.colcon_core.shell:Creating package script '/home/nvidia4/smarthome_2026/ws/install/smarthome_vision/share/smarthome_vision/package.ps1'
[30.686s] INFO:colcon.colcon_core.shell:Creating package descriptor '/home/nvidia4/smarthome_2026/ws/install/smarthome_vision/share/smarthome_vision/package.dsv'
[30.688s] INFO:colcon.colcon_core.shell:Creating package script '/home/nvidia4/smarthome_2026/ws/install/smarthome_vision/share/smarthome_vision/package.sh'
[30.689s] INFO:colcon.colcon_core.shell:Creating package script '/home/nvidia4/smarthome_2026/ws/install/smarthome_vision/share/smarthome_vision/package.bash'
[30.690s] INFO:colcon.colcon_core.shell:Creating package script '/home/nvidia4/smarthome_2026/ws/install/smarthome_vision/share/smarthome_vision/package.zsh'
[30.691s] Level 1:colcon.colcon_core.environment:create_file_with_runtime_dependencies(/home/nvidia4/smarthome_2026/ws/install/smarthome_vision/share/colcon-core/packages/smarthome_vision)
[30.691s] DEBUG:colcon.colcon_parallel_executor.executor.parallel:closing loop
[30.692s] DEBUG:colcon.colcon_parallel_executor.executor.parallel:loop closed
[30.692s] DEBUG:colcon.colcon_parallel_executor.executor.parallel:run_until_complete finished with '0'
[30.693s] DEBUG:colcon.colcon_core.event_reactor:joining thread
[30.716s] INFO:colcon.colcon_core.plugin_system:Skipping extension 'colcon_notification.desktop_notification.terminal_notifier': Not used on non-Darwin systems
[30.717s] INFO:colcon.colcon_core.plugin_system:Skipping extension 'colcon_notification.desktop_notification.win32': Not used on non-Windows systems
[30.717s] INFO:colcon.colcon_notification.desktop_notification:Sending desktop notification using 'notify2'
[30.750s] DEBUG:colcon.colcon_core.event_reactor:joined thread
[30.752s] INFO:colcon.colcon_core.shell:Creating prefix script '/home/nvidia4/smarthome_2026/ws/install/local_setup.ps1'
[30.755s] INFO:colcon.colcon_core.shell:Creating prefix util module '/home/nvidia4/smarthome_2026/ws/install/_local_setup_util_ps1.py'
[30.760s] INFO:colcon.colcon_core.shell:Creating prefix chain script '/home/nvidia4/smarthome_2026/ws/install/setup.ps1'
[30.763s] INFO:colcon.colcon_core.shell:Creating prefix script '/home/nvidia4/smarthome_2026/ws/install/local_setup.sh'
[30.765s] INFO:colcon.colcon_core.shell:Creating prefix util module '/home/nvidia4/smarthome_2026/ws/install/_local_setup_util_sh.py'
[30.766s] INFO:colcon.colcon_core.shell:Creating prefix chain script '/home/nvidia4/smarthome_2026/ws/install/setup.sh'
[30.773s] INFO:colcon.colcon_core.shell:Creating prefix script '/home/nvidia4/smarthome_2026/ws/install/local_setup.bash'
[30.775s] INFO:colcon.colcon_core.shell:Creating prefix chain script '/home/nvidia4/smarthome_2026/ws/install/setup.bash'
[30.779s] INFO:colcon.colcon_core.shell:Creating prefix script '/home/nvidia4/smarthome_2026/ws/install/local_setup.zsh'
[30.780s] INFO:colcon.colcon_core.shell:Creating prefix chain script '/home/nvidia4/smarthome_2026/ws/install/setup.zsh'
