[0.034s] Invoking command in '/home/nvidia4/smarthome_2026/ws/build/smarthome_vision': CMAKE_PREFIX_PATH=${CMAKE_PREFIX_PATH}:/opt/ros/humble /usr/bin/cmake /home/nvidia4/smarthome_2026/ws/src/smarthome_vision_ros2 -DCMAKE_INSTALL_PREFIX=/home/nvidia4/smarthome_2026/ws/install/smarthome_vision
[0.173s] -- The C compiler identification is GNU 11.4.0
[0.308s] -- The CXX compiler identification is GNU 11.4.0
[0.320s] -- Detecting C compiler ABI info
[0.489s] -- Detecting C compiler ABI info - done
[0.507s] -- Check for working C compiler: /usr/bin/cc - skipped
[0.508s] -- Detecting C compile features
[0.508s] -- Detecting C compile features - done
[0.508s] -- Detecting CXX compiler ABI info
[0.692s] -- Detecting CXX compiler ABI info - done
[0.706s] -- Check for working CXX compiler: /usr/bin/c++ - skipped
[0.706s] -- Detecting CXX compile features
[0.706s] -- Detecting CXX compile features - done
[0.709s] -- Found ament_cmake: 1.3.14 (/opt/ros/humble/share/ament_cmake/cmake)
[1.111s] -- Found Python3: /usr/bin/python3 (found version "3.10.12") found components: Interpreter 
[1.317s] -- Found rclcpp: 16.0.19 (/opt/ros/humble/share/rclcpp/cmake)
[1.384s] -- Found rosidl_generator_c: 3.1.8 (/opt/ros/humble/share/rosidl_generator_c/cmake)
[1.392s] -- Found rosidl_adapter: 3.1.8 (/opt/ros/humble/share/rosidl_adapter/cmake)
[1.407s] -- Found rosidl_generator_cpp: 3.1.8 (/opt/ros/humble/share/rosidl_generator_cpp/cmake)
[1.437s] -- Using all available rosidl_typesupport_c: rosidl_typesupport_fastrtps_c;rosidl_typesupport_introspection_c
[1.453s] -- Using all available rosidl_typesupport_cpp: rosidl_typesupport_fastrtps_cpp;rosidl_typesupport_introspection_cpp
[1.524s] -- Found rmw_implementation_cmake: 6.1.2 (/opt/ros/humble/share/rmw_implementation_cmake/cmake)
[1.530s] -- Found rmw_fastrtps_cpp: 6.2.10 (/opt/ros/humble/share/rmw_fastrtps_cpp/cmake)
[1.714s] -- Found OpenSSL: /usr/lib/aarch64-linux-gnu/libcrypto.so (found version "3.0.2")  
[1.771s] -- Found FastRTPS: /opt/ros/humble/include  
[1.856s] -- Using RMW implementation 'rmw_fastrtps_cpp' as default
[1.880s] -- Looking for pthread.h
[2.079s] -- Looking for pthread.h - found
[2.080s] -- Performing Test CMAKE_HAVE_LIBC_PTHREAD
[2.308s] -- Performing Test CMAKE_HAVE_LIBC_PTHREAD - Success
[2.308s] -- Found Threads: TRUE  
[2.408s] -- Found sensor_msgs: 4.9.1 (/opt/ros/humble/share/sensor_msgs/cmake)
[2.455s] -- Found cv_bridge: 3.2.1 (/opt/ros/humble/share/cv_bridge/cmake)
[2.538s] -- Found CUDA: /usr/local/cuda (found suitable exact version "12.6") 
[2.561s] -- Found image_transport: 3.1.12 (/opt/ros/humble/share/image_transport/cmake)
[2.618s] -- Found camera_info_manager: 3.1.12 (/opt/ros/humble/share/camera_info_manager/cmake)
[2.651s] -- Found OpenCV: /usr/local (found version "4.10.0") found components: core imgproc highgui cudaarithm cudaimgproc cudawarping 
[2.652s] -- Found rosidl_default_generators: 1.2.1 (/opt/ros/humble/share/rosidl_default_generators/cmake)
[2.707s] -- Found CUDAToolkit: /usr/local/cuda/include (found version "12.6.68") 
[3.552s] -- Found ament_cmake_ros: 0.10.0 (/opt/ros/humble/share/ament_cmake_ros/cmake)
[4.494s] -- Using all available rosidl_typesupport_c: rosidl_typesupport_fastrtps_c;rosidl_typesupport_introspection_c
[4.845s] -- Using all available rosidl_typesupport_cpp: rosidl_typesupport_fastrtps_cpp;rosidl_typesupport_introspection_cpp
[4.914s] -- Found PythonInterp: /usr/bin/python3 (found suitable version "3.10.12", minimum required is "3.6") 
[4.916s] -- Found python_cmake_module: 0.10.0 (/opt/ros/humble/share/python_cmake_module/cmake)
[4.975s] -- Found PythonLibs: /usr/lib/aarch64-linux-gnu/libpython3.10.so (found suitable version "3.10.12", minimum required is "3.5") 
[4.976s] -- Using PYTHON_EXECUTABLE: /usr/bin/python3
[4.976s] -- Using PYTHON_INCLUDE_DIRS: /usr/include/python3.10
[4.976s] -- Using PYTHON_LIBRARIES: /usr/lib/aarch64-linux-gnu/libpython3.10.so
[5.022s] -- Found PythonExtra: .so  
[5.279s] -- Configuring done
[5.399s] -- Generating done
[5.438s] -- Build files have been written to: /home/nvidia4/smarthome_2026/ws/build/smarthome_vision
[5.495s] Invoked command in '/home/nvidia4/smarthome_2026/ws/build/smarthome_vision' returned '0': CMAKE_PREFIX_PATH=${CMAKE_PREFIX_PATH}:/opt/ros/humble /usr/bin/cmake /home/nvidia4/smarthome_2026/ws/src/smarthome_vision_ros2 -DCMAKE_INSTALL_PREFIX=/home/nvidia4/smarthome_2026/ws/install/smarthome_vision
[5.496s] Invoking command in '/home/nvidia4/smarthome_2026/ws/build/smarthome_vision': CMAKE_PREFIX_PATH=${CMAKE_PREFIX_PATH}:/opt/ros/humble /usr/bin/cmake --build /home/nvidia4/smarthome_2026/ws/build/smarthome_vision -- -j8 -l8
[5.611s] [  2%] Built target smarthome_vision__rs
[5.650s] [35m[1mConsolidate compiler generated dependencies of target smarthome_vision_core[0m
[5.716s] [ 17%] Built target smarthome_vision_core
[5.796s] [ 17%] Built target ament_cmake_python_copy_smarthome_vision
[5.854s] [ 20%] Built target smarthome_vision__cpp
[6.333s] running egg_info
[6.333s] writing smarthome_vision.egg-info/PKG-INFO
[6.337s] writing dependency_links to smarthome_vision.egg-info/dependency_links.txt
[6.337s] writing top-level names to smarthome_vision.egg-info/top_level.txt
[6.337s] reading manifest file 'smarthome_vision.egg-info/SOURCES.txt'
[6.338s] writing manifest file 'smarthome_vision.egg-info/SOURCES.txt'
[6.445s] [ 20%] Built target ament_cmake_python_build_smarthome_vision_egg
[6.466s] [35m[1mConsolidate compiler generated dependencies of target smarthome_vision__rosidl_typesupport_cpp[0m
[6.526s] [ 27%] Built target smarthome_vision__rosidl_typesupport_cpp
[6.540s] [35m[1mConsolidate compiler generated dependencies of target smarthome_vision__rosidl_typesupport_introspection_cpp[0m
[6.573s] [ 35%] Built target smarthome_vision__rosidl_typesupport_introspection_cpp
[6.603s] [35m[1mConsolidate compiler generated dependencies of target vision_node[0m
[6.660s] [ 40%] Built target vision_node
[6.680s] [35m[1mConsolidate compiler generated dependencies of target smarthome_vision__rosidl_typesupport_fastrtps_cpp[0m
[6.725s] [ 47%] Built target smarthome_vision__rosidl_typesupport_fastrtps_cpp
[6.751s] [35m[1mConsolidate compiler generated dependencies of target smarthome_vision__rosidl_generator_c[0m
[6.778s] [ 55%] Built target smarthome_vision__rosidl_generator_c
[6.806s] [35m[1mConsolidate compiler generated dependencies of target smarthome_vision__rosidl_typesupport_fastrtps_c[0m
[6.842s] [ 62%] Built target smarthome_vision__rosidl_typesupport_fastrtps_c
[6.872s] [35m[1mConsolidate compiler generated dependencies of target smarthome_vision__rosidl_typesupport_c[0m
[6.896s] [ 70%] Built target smarthome_vision__rosidl_typesupport_c
[6.918s] [35m[1mConsolidate compiler generated dependencies of target smarthome_vision__rosidl_typesupport_introspection_c[0m
[6.942s] [ 77%] Built target smarthome_vision__rosidl_typesupport_introspection_c
[6.982s] [ 77%] Built target smarthome_vision
[7.027s] [ 80%] Built target smarthome_vision__py
[7.060s] [35m[1mConsolidate compiler generated dependencies of target smarthome_vision__rosidl_generator_py[0m
[7.083s] [ 85%] Built target smarthome_vision__rosidl_generator_py
[7.114s] [35m[1mConsolidate compiler generated dependencies of target smarthome_vision__rosidl_typesupport_fastrtps_c__pyext[0m
[7.149s] [ 90%] Built target smarthome_vision__rosidl_typesupport_fastrtps_c__pyext
[7.176s] [35m[1mConsolidate compiler generated dependencies of target smarthome_vision__rosidl_typesupport_c__pyext[0m
[7.211s] [ 95%] Built target smarthome_vision__rosidl_typesupport_c__pyext
[7.233s] [35m[1mConsolidate compiler generated dependencies of target smarthome_vision__rosidl_typesupport_introspection_c__pyext[0m
[7.265s] [100%] Built target smarthome_vision__rosidl_typesupport_introspection_c__pyext
[7.295s] Invoked command in '/home/nvidia4/smarthome_2026/ws/build/smarthome_vision' returned '0': CMAKE_PREFIX_PATH=${CMAKE_PREFIX_PATH}:/opt/ros/humble /usr/bin/cmake --build /home/nvidia4/smarthome_2026/ws/build/smarthome_vision -- -j8 -l8
[7.321s] Invoking command in '/home/nvidia4/smarthome_2026/ws/build/smarthome_vision': CMAKE_PREFIX_PATH=${CMAKE_PREFIX_PATH}:/opt/ros/humble /usr/bin/cmake --install /home/nvidia4/smarthome_2026/ws/build/smarthome_vision
[7.343s] -- Install configuration: ""
[7.343s] -- Up-to-date: /home/nvidia4/smarthome_2026/ws/install/smarthome_vision/share/ament_index/resource_index/rosidl_interfaces/smarthome_vision
[7.343s] -- Up-to-date: /home/nvidia4/smarthome_2026/ws/install/smarthome_vision/include/smarthome_vision/smarthome_vision
[7.343s] -- Up-to-date: /home/nvidia4/smarthome_2026/ws/install/smarthome_vision/include/smarthome_vision/smarthome_vision/msg
[7.343s] -- Up-to-date: /home/nvidia4/smarthome_2026/ws/install/smarthome_vision/include/smarthome_vision/smarthome_vision/msg/rosidl_generator_c__visibility_control.h
[7.343s] -- Up-to-date: /home/nvidia4/smarthome_2026/ws/install/smarthome_vision/include/smarthome_vision/smarthome_vision/msg/detail
[7.344s] -- Up-to-date: /home/nvidia4/smarthome_2026/ws/install/smarthome_vision/include/smarthome_vision/smarthome_vision/msg/detail/detected_target__struct.h
[7.344s] -- Up-to-date: /home/nvidia4/smarthome_2026/ws/install/smarthome_vision/include/smarthome_vision/smarthome_vision/msg/detail/detected_target__type_support.h
[7.344s] -- Up-to-date: /home/nvidia4/smarthome_2026/ws/install/smarthome_vision/include/smarthome_vision/smarthome_vision/msg/detail/detected_target__functions.h
[7.344s] -- Up-to-date: /home/nvidia4/smarthome_2026/ws/install/smarthome_vision/include/smarthome_vision/smarthome_vision/msg/detail/detected_target__functions.c
[7.344s] -- Up-to-date: /home/nvidia4/smarthome_2026/ws/install/smarthome_vision/include/smarthome_vision/smarthome_vision/msg/detected_target.h
[7.344s] -- Up-to-date: /home/nvidia4/smarthome_2026/ws/install/smarthome_vision/share/smarthome_vision/environment/library_path.sh
[7.344s] -- Installing: /home/nvidia4/smarthome_2026/ws/install/smarthome_vision/share/smarthome_vision/environment/library_path.dsv
[7.345s] -- Up-to-date: /home/nvidia4/smarthome_2026/ws/install/smarthome_vision/lib/libsmarthome_vision__rosidl_generator_c.so
[7.345s] -- Up-to-date: /home/nvidia4/smarthome_2026/ws/install/smarthome_vision/include/smarthome_vision/smarthome_vision
[7.345s] -- Up-to-date: /home/nvidia4/smarthome_2026/ws/install/smarthome_vision/include/smarthome_vision/smarthome_vision/msg
[7.345s] -- Up-to-date: /home/nvidia4/smarthome_2026/ws/install/smarthome_vision/include/smarthome_vision/smarthome_vision/msg/detail
[7.346s] -- Up-to-date: /home/nvidia4/smarthome_2026/ws/install/smarthome_vision/include/smarthome_vision/smarthome_vision/msg/detail/detected_target__rosidl_typesupport_fastrtps_c.h
[7.346s] -- Up-to-date: /home/nvidia4/smarthome_2026/ws/install/smarthome_vision/include/smarthome_vision/smarthome_vision/msg/rosidl_typesupport_fastrtps_c__visibility_control.h
[7.346s] -- Up-to-date: /home/nvidia4/smarthome_2026/ws/install/smarthome_vision/lib/libsmarthome_vision__rosidl_typesupport_fastrtps_c.so
[7.346s] -- Up-to-date: /home/nvidia4/smarthome_2026/ws/install/smarthome_vision/include/smarthome_vision/smarthome_vision
[7.346s] -- Up-to-date: /home/nvidia4/smarthome_2026/ws/install/smarthome_vision/include/smarthome_vision/smarthome_vision/msg
[7.347s] -- Up-to-date: /home/nvidia4/smarthome_2026/ws/install/smarthome_vision/include/smarthome_vision/smarthome_vision/msg/detail
[7.347s] -- Up-to-date: /home/nvidia4/smarthome_2026/ws/install/smarthome_vision/include/smarthome_vision/smarthome_vision/msg/detail/detected_target__struct.hpp
[7.347s] -- Up-to-date: /home/nvidia4/smarthome_2026/ws/install/smarthome_vision/include/smarthome_vision/smarthome_vision/msg/detail/detected_target__type_support.hpp
[7.347s] -- Up-to-date: /home/nvidia4/smarthome_2026/ws/install/smarthome_vision/include/smarthome_vision/smarthome_vision/msg/detail/detected_target__traits.hpp
[7.347s] -- Up-to-date: /home/nvidia4/smarthome_2026/ws/install/smarthome_vision/include/smarthome_vision/smarthome_vision/msg/detail/detected_target__builder.hpp
[7.347s] -- Up-to-date: /home/nvidia4/smarthome_2026/ws/install/smarthome_vision/include/smarthome_vision/smarthome_vision/msg/detected_target.hpp
[7.347s] -- Up-to-date: /home/nvidia4/smarthome_2026/ws/install/smarthome_vision/include/smarthome_vision/smarthome_vision/msg/rosidl_generator_cpp__visibility_control.hpp
[7.350s] -- Up-to-date: /home/nvidia4/smarthome_2026/ws/install/smarthome_vision/include/smarthome_vision/smarthome_vision
[7.350s] -- Up-to-date: /home/nvidia4/smarthome_2026/ws/install/smarthome_vision/include/smarthome_vision/smarthome_vision/msg
[7.350s] -- Up-to-date: /home/nvidia4/smarthome_2026/ws/install/smarthome_vision/include/smarthome_vision/smarthome_vision/msg/detail
[7.350s] -- Up-to-date: /home/nvidia4/smarthome_2026/ws/install/smarthome_vision/include/smarthome_vision/smarthome_vision/msg/detail/detected_target__rosidl_typesupport_fastrtps_cpp.hpp
[7.351s] -- Up-to-date: /home/nvidia4/smarthome_2026/ws/install/smarthome_vision/include/smarthome_vision/smarthome_vision/msg/detail/dds_fastrtps
[7.351s] -- Up-to-date: /home/nvidia4/smarthome_2026/ws/install/smarthome_vision/include/smarthome_vision/smarthome_vision/msg/rosidl_typesupport_fastrtps_cpp__visibility_control.h
[7.351s] -- Up-to-date: /home/nvidia4/smarthome_2026/ws/install/smarthome_vision/lib/libsmarthome_vision__rosidl_typesupport_fastrtps_cpp.so
[7.351s] -- Up-to-date: /home/nvidia4/smarthome_2026/ws/install/smarthome_vision/include/smarthome_vision/smarthome_vision
[7.351s] -- Up-to-date: /home/nvidia4/smarthome_2026/ws/install/smarthome_vision/include/smarthome_vision/smarthome_vision/msg
[7.351s] -- Up-to-date: /home/nvidia4/smarthome_2026/ws/install/smarthome_vision/include/smarthome_vision/smarthome_vision/msg/detail
[7.351s] -- Up-to-date: /home/nvidia4/smarthome_2026/ws/install/smarthome_vision/include/smarthome_vision/smarthome_vision/msg/detail/detected_target__rosidl_typesupport_introspection_c.h
[7.351s] -- Up-to-date: /home/nvidia4/smarthome_2026/ws/install/smarthome_vision/include/smarthome_vision/smarthome_vision/msg/detail/detected_target__type_support.c
[7.351s] -- Up-to-date: /home/nvidia4/smarthome_2026/ws/install/smarthome_vision/include/smarthome_vision/smarthome_vision/msg/rosidl_typesupport_introspection_c__visibility_control.h
[7.351s] -- Up-to-date: /home/nvidia4/smarthome_2026/ws/install/smarthome_vision/lib/libsmarthome_vision__rosidl_typesupport_introspection_c.so
[7.352s] -- Up-to-date: /home/nvidia4/smarthome_2026/ws/install/smarthome_vision/lib/libsmarthome_vision__rosidl_typesupport_c.so
[7.352s] -- Up-to-date: /home/nvidia4/smarthome_2026/ws/install/smarthome_vision/include/smarthome_vision/smarthome_vision
[7.352s] -- Up-to-date: /home/nvidia4/smarthome_2026/ws/install/smarthome_vision/include/smarthome_vision/smarthome_vision/msg
[7.352s] -- Up-to-date: /home/nvidia4/smarthome_2026/ws/install/smarthome_vision/include/smarthome_vision/smarthome_vision/msg/detail
[7.352s] -- Up-to-date: /home/nvidia4/smarthome_2026/ws/install/smarthome_vision/include/smarthome_vision/smarthome_vision/msg/detail/detected_target__rosidl_typesupport_introspection_cpp.hpp
[7.352s] -- Up-to-date: /home/nvidia4/smarthome_2026/ws/install/smarthome_vision/include/smarthome_vision/smarthome_vision/msg/detail/detected_target__type_support.cpp
[7.352s] -- Up-to-date: /home/nvidia4/smarthome_2026/ws/install/smarthome_vision/lib/libsmarthome_vision__rosidl_typesupport_introspection_cpp.so
[7.352s] -- Up-to-date: /home/nvidia4/smarthome_2026/ws/install/smarthome_vision/lib/libsmarthome_vision__rosidl_typesupport_cpp.so
[7.360s] -- Up-to-date: /home/nvidia4/smarthome_2026/ws/install/smarthome_vision/share/smarthome_vision/environment/pythonpath.sh
[7.360s] -- Installing: /home/nvidia4/smarthome_2026/ws/install/smarthome_vision/share/smarthome_vision/environment/pythonpath.dsv
[7.361s] -- Up-to-date: /home/nvidia4/smarthome_2026/ws/install/smarthome_vision/local/lib/python3.10/dist-packages/smarthome_vision-0.0.1-py3.10.egg-info
[7.361s] -- Installing: /home/nvidia4/smarthome_2026/ws/install/smarthome_vision/local/lib/python3.10/dist-packages/smarthome_vision-0.0.1-py3.10.egg-info/PKG-INFO
[7.361s] -- Installing: /home/nvidia4/smarthome_2026/ws/install/smarthome_vision/local/lib/python3.10/dist-packages/smarthome_vision-0.0.1-py3.10.egg-info/top_level.txt
[7.362s] -- Installing: /home/nvidia4/smarthome_2026/ws/install/smarthome_vision/local/lib/python3.10/dist-packages/smarthome_vision-0.0.1-py3.10.egg-info/SOURCES.txt
[7.362s] -- Installing: /home/nvidia4/smarthome_2026/ws/install/smarthome_vision/local/lib/python3.10/dist-packages/smarthome_vision-0.0.1-py3.10.egg-info/dependency_links.txt
[7.362s] -- Up-to-date: /home/nvidia4/smarthome_2026/ws/install/smarthome_vision/local/lib/python3.10/dist-packages/smarthome_vision
[7.363s] -- Up-to-date: /home/nvidia4/smarthome_2026/ws/install/smarthome_vision/local/lib/python3.10/dist-packages/smarthome_vision/smarthome_vision_s__rosidl_typesupport_c.cpython-310-aarch64-linux-gnu.so
[7.363s] -- Up-to-date: /home/nvidia4/smarthome_2026/ws/install/smarthome_vision/local/lib/python3.10/dist-packages/smarthome_vision/smarthome_vision_s__rosidl_typesupport_introspection_c.cpython-310-aarch64-linux-gnu.so
[7.363s] -- Up-to-date: /home/nvidia4/smarthome_2026/ws/install/smarthome_vision/local/lib/python3.10/dist-packages/smarthome_vision/msg
[7.363s] -- Up-to-date: /home/nvidia4/smarthome_2026/ws/install/smarthome_vision/local/lib/python3.10/dist-packages/smarthome_vision/msg/_detected_target.py
[7.363s] -- Up-to-date: /home/nvidia4/smarthome_2026/ws/install/smarthome_vision/local/lib/python3.10/dist-packages/smarthome_vision/msg/__init__.py
[7.364s] -- Up-to-date: /home/nvidia4/smarthome_2026/ws/install/smarthome_vision/local/lib/python3.10/dist-packages/smarthome_vision/msg/_detected_target_s.c
[7.364s] -- Up-to-date: /home/nvidia4/smarthome_2026/ws/install/smarthome_vision/local/lib/python3.10/dist-packages/smarthome_vision/smarthome_vision_s__rosidl_typesupport_fastrtps_c.cpython-310-aarch64-linux-gnu.so
[7.364s] -- Up-to-date: /home/nvidia4/smarthome_2026/ws/install/smarthome_vision/local/lib/python3.10/dist-packages/smarthome_vision/_smarthome_vision_s.ep.rosidl_typesupport_c.c
[7.364s] -- Up-to-date: /home/nvidia4/smarthome_2026/ws/install/smarthome_vision/local/lib/python3.10/dist-packages/smarthome_vision/libsmarthome_vision__rosidl_generator_py.so
[7.364s] -- Up-to-date: /home/nvidia4/smarthome_2026/ws/install/smarthome_vision/local/lib/python3.10/dist-packages/smarthome_vision/_smarthome_vision_s.ep.rosidl_typesupport_fastrtps_c.c
[7.364s] -- Installing: /home/nvidia4/smarthome_2026/ws/install/smarthome_vision/local/lib/python3.10/dist-packages/smarthome_vision/__init__.py
[7.365s] -- Up-to-date: /home/nvidia4/smarthome_2026/ws/install/smarthome_vision/local/lib/python3.10/dist-packages/smarthome_vision/_smarthome_vision_s.ep.rosidl_typesupport_introspection_c.c
[7.442s] Listing '/home/nvidia4/smarthome_2026/ws/install/smarthome_vision/local/lib/python3.10/dist-packages/smarthome_vision'...
[7.442s] Compiling '/home/nvidia4/smarthome_2026/ws/install/smarthome_vision/local/lib/python3.10/dist-packages/smarthome_vision/__init__.py'...
[7.442s] Listing '/home/nvidia4/smarthome_2026/ws/install/smarthome_vision/local/lib/python3.10/dist-packages/smarthome_vision/msg'...
[7.461s] -- Up-to-date: /home/nvidia4/smarthome_2026/ws/install/smarthome_vision/local/lib/python3.10/dist-packages/smarthome_vision/smarthome_vision_s__rosidl_typesupport_fastrtps_c.cpython-310-aarch64-linux-gnu.so
[7.462s] -- Up-to-date: /home/nvidia4/smarthome_2026/ws/install/smarthome_vision/local/lib/python3.10/dist-packages/smarthome_vision/smarthome_vision_s__rosidl_typesupport_introspection_c.cpython-310-aarch64-linux-gnu.so
[7.462s] -- Up-to-date: /home/nvidia4/smarthome_2026/ws/install/smarthome_vision/local/lib/python3.10/dist-packages/smarthome_vision/smarthome_vision_s__rosidl_typesupport_c.cpython-310-aarch64-linux-gnu.so
[7.462s] -- Up-to-date: /home/nvidia4/smarthome_2026/ws/install/smarthome_vision/lib/libsmarthome_vision__rosidl_generator_py.so
[7.463s] -- Up-to-date: /home/nvidia4/smarthome_2026/ws/install/smarthome_vision/share/ament_index/resource_index/rust_packages/smarthome_vision
[7.463s] -- Up-to-date: /home/nvidia4/smarthome_2026/ws/install/smarthome_vision/share/smarthome_vision/rust
[7.463s] -- Up-to-date: /home/nvidia4/smarthome_2026/ws/install/smarthome_vision/share/smarthome_vision/rust/build.rs
[7.463s] -- Up-to-date: /home/nvidia4/smarthome_2026/ws/install/smarthome_vision/share/smarthome_vision/rust/src
[7.463s] -- Up-to-date: /home/nvidia4/smarthome_2026/ws/install/smarthome_vision/share/smarthome_vision/rust/src/lib.rs
[7.464s] -- Up-to-date: /home/nvidia4/smarthome_2026/ws/install/smarthome_vision/share/smarthome_vision/rust/src/msg
[7.464s] -- Up-to-date: /home/nvidia4/smarthome_2026/ws/install/smarthome_vision/share/smarthome_vision/rust/src/msg/rmw.rs
[7.464s] -- Up-to-date: /home/nvidia4/smarthome_2026/ws/install/smarthome_vision/share/smarthome_vision/rust/src/msg.rs
[7.464s] -- Up-to-date: /home/nvidia4/smarthome_2026/ws/install/smarthome_vision/share/smarthome_vision/rust/Cargo.toml
[7.464s] -- Up-to-date: /home/nvidia4/smarthome_2026/ws/install/smarthome_vision/share/smarthome_vision/msg/DetectedTarget.idl
[7.464s] -- Up-to-date: /home/nvidia4/smarthome_2026/ws/install/smarthome_vision/share/smarthome_vision/msg/DetectedTarget.msg
[7.465s] -- Up-to-date: /home/nvidia4/smarthome_2026/ws/install/smarthome_vision/lib/libsmarthome_vision_core.so
[7.465s] -- Up-to-date: /home/nvidia4/smarthome_2026/ws/install/smarthome_vision/lib/smarthome_vision/vision_node
[7.465s] -- Up-to-date: /home/nvidia4/smarthome_2026/ws/install/smarthome_vision/include/
[7.465s] -- Up-to-date: /home/nvidia4/smarthome_2026/ws/install/smarthome_vision/include//smarthome_vision
[7.465s] -- Up-to-date: /home/nvidia4/smarthome_2026/ws/install/smarthome_vision/include//smarthome_vision/gimbal_bridge.hpp
[7.465s] -- Up-to-date: /home/nvidia4/smarthome_2026/ws/install/smarthome_vision/include//smarthome_vision/detector.hpp
[7.466s] -- Up-to-date: /home/nvidia4/smarthome_2026/ws/install/smarthome_vision/include//smarthome_vision/trt_detector.hpp
[7.467s] -- Up-to-date: /home/nvidia4/smarthome_2026/ws/install/smarthome_vision/include//smarthome_vision/crc16.hpp
[7.468s] -- Up-to-date: /home/nvidia4/smarthome_2026/ws/install/smarthome_vision/include//smarthome_vision/types.hpp
[7.468s] -- Up-to-date: /home/nvidia4/smarthome_2026/ws/install/smarthome_vision/include//smarthome_vision/pose_solver.hpp
[7.468s] -- Up-to-date: /home/nvidia4/smarthome_2026/ws/install/smarthome_vision/include//smarthome_vision/protocol.hpp
[7.468s] -- Up-to-date: /home/nvidia4/smarthome_2026/ws/install/smarthome_vision/share/smarthome_vision/launch
[7.468s] -- Up-to-date: /home/nvidia4/smarthome_2026/ws/install/smarthome_vision/share/smarthome_vision/launch/vision.launch.py
[7.468s] -- Up-to-date: /home/nvidia4/smarthome_2026/ws/install/smarthome_vision/share/smarthome_vision/config
[7.469s] -- Installing: /home/nvidia4/smarthome_2026/ws/install/smarthome_vision/share/smarthome_vision/config/vision.yaml
[7.469s] -- Up-to-date: /home/nvidia4/smarthome_2026/ws/install/smarthome_vision/share/ament_index/resource_index/package_run_dependencies/smarthome_vision
[7.469s] -- Up-to-date: /home/nvidia4/smarthome_2026/ws/install/smarthome_vision/share/ament_index/resource_index/parent_prefix_path/smarthome_vision
[7.469s] -- Up-to-date: /home/nvidia4/smarthome_2026/ws/install/smarthome_vision/share/smarthome_vision/environment/ament_prefix_path.sh
[7.469s] -- Installing: /home/nvidia4/smarthome_2026/ws/install/smarthome_vision/share/smarthome_vision/environment/ament_prefix_path.dsv
[7.470s] -- Up-to-date: /home/nvidia4/smarthome_2026/ws/install/smarthome_vision/share/smarthome_vision/environment/path.sh
[7.470s] -- Installing: /home/nvidia4/smarthome_2026/ws/install/smarthome_vision/share/smarthome_vision/environment/path.dsv
[7.470s] -- Up-to-date: /home/nvidia4/smarthome_2026/ws/install/smarthome_vision/share/smarthome_vision/local_setup.bash
[7.470s] -- Up-to-date: /home/nvidia4/smarthome_2026/ws/install/smarthome_vision/share/smarthome_vision/local_setup.sh
[7.470s] -- Up-to-date: /home/nvidia4/smarthome_2026/ws/install/smarthome_vision/share/smarthome_vision/local_setup.zsh
[7.470s] -- Installing: /home/nvidia4/smarthome_2026/ws/install/smarthome_vision/share/smarthome_vision/local_setup.dsv
[7.470s] -- Installing: /home/nvidia4/smarthome_2026/ws/install/smarthome_vision/share/smarthome_vision/package.dsv
[7.470s] -- Up-to-date: /home/nvidia4/smarthome_2026/ws/install/smarthome_vision/share/ament_index/resource_index/packages/smarthome_vision
[7.471s] -- Up-to-date: /home/nvidia4/smarthome_2026/ws/install/smarthome_vision/share/smarthome_vision/cmake/export_smarthome_vision__rosidl_generator_cExport.cmake
[7.471s] -- Up-to-date: /home/nvidia4/smarthome_2026/ws/install/smarthome_vision/share/smarthome_vision/cmake/export_smarthome_vision__rosidl_generator_cExport-noconfig.cmake
[7.471s] -- Up-to-date: /home/nvidia4/smarthome_2026/ws/install/smarthome_vision/share/smarthome_vision/cmake/export_smarthome_vision__rosidl_typesupport_fastrtps_cExport.cmake
[7.471s] -- Up-to-date: /home/nvidia4/smarthome_2026/ws/install/smarthome_vision/share/smarthome_vision/cmake/export_smarthome_vision__rosidl_typesupport_fastrtps_cExport-noconfig.cmake
[7.471s] -- Up-to-date: /home/nvidia4/smarthome_2026/ws/install/smarthome_vision/share/smarthome_vision/cmake/export_smarthome_vision__rosidl_generator_cppExport.cmake
[7.471s] -- Up-to-date: /home/nvidia4/smarthome_2026/ws/install/smarthome_vision/share/smarthome_vision/cmake/export_smarthome_vision__rosidl_typesupport_fastrtps_cppExport.cmake
[7.471s] -- Up-to-date: /home/nvidia4/smarthome_2026/ws/install/smarthome_vision/share/smarthome_vision/cmake/export_smarthome_vision__rosidl_typesupport_fastrtps_cppExport-noconfig.cmake
[7.471s] -- Up-to-date: /home/nvidia4/smarthome_2026/ws/install/smarthome_vision/share/smarthome_vision/cmake/smarthome_vision__rosidl_typesupport_introspection_cExport.cmake
[7.471s] -- Up-to-date: /home/nvidia4/smarthome_2026/ws/install/smarthome_vision/share/smarthome_vision/cmake/smarthome_vision__rosidl_typesupport_introspection_cExport-noconfig.cmake
[7.472s] -- Up-to-date: /home/nvidia4/smarthome_2026/ws/install/smarthome_vision/share/smarthome_vision/cmake/smarthome_vision__rosidl_typesupport_cExport.cmake
[7.472s] -- Up-to-date: /home/nvidia4/smarthome_2026/ws/install/smarthome_vision/share/smarthome_vision/cmake/smarthome_vision__rosidl_typesupport_cExport-noconfig.cmake
[7.472s] -- Up-to-date: /home/nvidia4/smarthome_2026/ws/install/smarthome_vision/share/smarthome_vision/cmake/smarthome_vision__rosidl_typesupport_introspection_cppExport.cmake
[7.472s] -- Up-to-date: /home/nvidia4/smarthome_2026/ws/install/smarthome_vision/share/smarthome_vision/cmake/smarthome_vision__rosidl_typesupport_introspection_cppExport-noconfig.cmake
[7.472s] -- Up-to-date: /home/nvidia4/smarthome_2026/ws/install/smarthome_vision/share/smarthome_vision/cmake/smarthome_vision__rosidl_typesupport_cppExport.cmake
[7.472s] -- Up-to-date: /home/nvidia4/smarthome_2026/ws/install/smarthome_vision/share/smarthome_vision/cmake/smarthome_vision__rosidl_typesupport_cppExport-noconfig.cmake
[7.472s] -- Up-to-date: /home/nvidia4/smarthome_2026/ws/install/smarthome_vision/share/smarthome_vision/cmake/export_smarthome_vision__rosidl_generator_pyExport.cmake
[7.473s] -- Up-to-date: /home/nvidia4/smarthome_2026/ws/install/smarthome_vision/share/smarthome_vision/cmake/export_smarthome_vision__rosidl_generator_pyExport-noconfig.cmake
[7.473s] -- Up-to-date: /home/nvidia4/smarthome_2026/ws/install/smarthome_vision/share/smarthome_vision/cmake/rosidl_cmake-extras.cmake
[7.473s] -- Up-to-date: /home/nvidia4/smarthome_2026/ws/install/smarthome_vision/share/smarthome_vision/cmake/ament_cmake_export_dependencies-extras.cmake
[7.473s] -- Up-to-date: /home/nvidia4/smarthome_2026/ws/install/smarthome_vision/share/smarthome_vision/cmake/ament_cmake_export_include_directories-extras.cmake
[7.473s] -- Up-to-date: /home/nvidia4/smarthome_2026/ws/install/smarthome_vision/share/smarthome_vision/cmake/ament_cmake_export_libraries-extras.cmake
[7.473s] -- Up-to-date: /home/nvidia4/smarthome_2026/ws/install/smarthome_vision/share/smarthome_vision/cmake/ament_cmake_export_targets-extras.cmake
[7.473s] -- Up-to-date: /home/nvidia4/smarthome_2026/ws/install/smarthome_vision/share/smarthome_vision/cmake/rosidl_cmake_export_typesupport_targets-extras.cmake
[7.473s] -- Up-to-date: /home/nvidia4/smarthome_2026/ws/install/smarthome_vision/share/smarthome_vision/cmake/rosidl_cmake_export_typesupport_libraries-extras.cmake
[7.473s] -- Up-to-date: /home/nvidia4/smarthome_2026/ws/install/smarthome_vision/share/smarthome_vision/cmake/smarthome_visionConfig.cmake
[7.473s] -- Up-to-date: /home/nvidia4/smarthome_2026/ws/install/smarthome_vision/share/smarthome_vision/cmake/smarthome_visionConfig-version.cmake
[7.474s] -- Up-to-date: /home/nvidia4/smarthome_2026/ws/install/smarthome_vision/share/smarthome_vision/package.xml
[7.480s] Invoked command in '/home/nvidia4/smarthome_2026/ws/build/smarthome_vision' returned '0': CMAKE_PREFIX_PATH=${CMAKE_PREFIX_PATH}:/opt/ros/humble /usr/bin/cmake --install /home/nvidia4/smarthome_2026/ws/build/smarthome_vision
