[0.047s] Invoking command in '/home/nvidia4/smarthome_2026/ws/build/smarthome_vision': CMAKE_PREFIX_PATH=${CMAKE_PREFIX_PATH}:/opt/ros/humble /usr/bin/cmake --build /home/nvidia4/smarthome_2026/ws/build/smarthome_vision -- -j8 -l8
[0.261s] [  2%] Built target smarthome_vision__rs
[0.308s] [35m[1mConsolidate compiler generated dependencies of target smarthome_vision_core[0m
[0.371s] [  5%] [32mBuilding CXX object CMakeFiles/smarthome_vision_core.dir/src/trt_detector.cpp.o[0m
[4.658s] [  7%] [32m[1mLinking CXX shared library libsmarthome_vision_core.so[0m
[5.197s] [ 17%] Built target smarthome_vision_core
[5.311s] [ 17%] Built target ament_cmake_python_symlink_smarthome_vision
[5.337s] [ 20%] Built target smarthome_vision__cpp
[5.967s] running egg_info
[5.968s] writing smarthome_vision.egg-info/PKG-INFO
[5.968s] writing dependency_links to smarthome_vision.egg-info/dependency_links.txt
[5.968s] writing top-level names to smarthome_vision.egg-info/top_level.txt
[5.968s] reading manifest file 'smarthome_vision.egg-info/SOURCES.txt'
[5.968s] writing manifest file 'smarthome_vision.egg-info/SOURCES.txt'
[6.167s] [ 20%] Built target ament_cmake_python_build_smarthome_vision_egg
[6.267s] [ 27%] Built target smarthome_vision__rosidl_typesupport_cpp
[6.359s] [ 35%] Built target smarthome_vision__rosidl_typesupport_introspection_cpp
[6.486s] [ 37%] [32m[1mLinking CXX executable vision_node[0m
[7.382s] /usr/bin/ld: warning: libopencv_imgproc.so.4.5d, needed by /opt/ros/humble/lib/libcv_bridge.so, may conflict with libopencv_imgproc.so.410
[7.383s] /usr/bin/ld: warning: libopencv_core.so.4.5d, needed by /opt/ros/humble/lib/libcv_bridge.so, may conflict with libopencv_core.so.410
[9.303s] [ 40%] Built target vision_node
[9.430s] [ 47%] Built target smarthome_vision__rosidl_typesupport_fastrtps_cpp
[9.525s] [ 55%] Built target smarthome_vision__rosidl_generator_c
[9.595s] [ 62%] Built target smarthome_vision__rosidl_typesupport_fastrtps_c
[9.686s] [ 70%] Built target smarthome_vision__rosidl_typesupport_c
[9.823s] [ 77%] Built target smarthome_vision__rosidl_typesupport_introspection_c
[9.880s] [ 77%] Built target smarthome_vision
[9.978s] [ 80%] Built target smarthome_vision__py
[10.101s] [ 85%] Built target smarthome_vision__rosidl_generator_py
[10.165s] [ 90%] Built target smarthome_vision__rosidl_typesupport_fastrtps_c__pyext
[10.196s] [ 95%] Built target smarthome_vision__rosidl_typesupport_c__pyext
[10.303s] [100%] Built target smarthome_vision__rosidl_typesupport_introspection_c__pyext
[10.373s] Invoked command in '/home/nvidia4/smarthome_2026/ws/build/smarthome_vision' returned '0': CMAKE_PREFIX_PATH=${CMAKE_PREFIX_PATH}:/opt/ros/humble /usr/bin/cmake --build /home/nvidia4/smarthome_2026/ws/build/smarthome_vision -- -j8 -l8
[10.396s] Invoking command in '/home/nvidia4/smarthome_2026/ws/build/smarthome_vision': CMAKE_PREFIX_PATH=${CMAKE_PREFIX_PATH}:/opt/ros/humble /usr/bin/cmake --install /home/nvidia4/smarthome_2026/ws/build/smarthome_vision
[10.424s] -- Install configuration: ""
[10.425s] -- Execute custom install script
[10.426s] -- Up-to-date symlink: /home/nvidia4/smarthome_2026/ws/install/smarthome_vision/share/ament_index/resource_index/rosidl_interfaces/smarthome_vision
[10.426s] -- Up-to-date symlink: /home/nvidia4/smarthome_2026/ws/install/smarthome_vision/include/smarthome_vision/smarthome_vision/msg/detail/detected_target__functions.h
[10.427s] -- Up-to-date symlink: /home/nvidia4/smarthome_2026/ws/install/smarthome_vision/include/smarthome_vision/smarthome_vision/msg/detail/detected_target__struct.h
[10.427s] -- Up-to-date symlink: /home/nvidia4/smarthome_2026/ws/install/smarthome_vision/include/smarthome_vision/smarthome_vision/msg/detail/detected_target__type_support.h
[10.427s] -- Up-to-date symlink: /home/nvidia4/smarthome_2026/ws/install/smarthome_vision/include/smarthome_vision/smarthome_vision/msg/detected_target.h
[10.428s] -- Up-to-date symlink: /home/nvidia4/smarthome_2026/ws/install/smarthome_vision/include/smarthome_vision/smarthome_vision/msg/rosidl_generator_c__visibility_control.h
[10.429s] -- Up-to-date symlink: /home/nvidia4/smarthome_2026/ws/install/smarthome_vision/share/smarthome_vision/environment/library_path.sh
[10.429s] -- Up-to-date symlink: /home/nvidia4/smarthome_2026/ws/install/smarthome_vision/share/smarthome_vision/environment/library_path.dsv
[10.429s] -- Up-to-date symlink: /home/nvidia4/smarthome_2026/ws/install/smarthome_vision/include/smarthome_vision/smarthome_vision/msg/detail/detected_target__rosidl_typesupport_fastrtps_c.h
[10.431s] -- Up-to-date symlink: /home/nvidia4/smarthome_2026/ws/install/smarthome_vision/include/smarthome_vision/smarthome_vision/msg/rosidl_typesupport_fastrtps_c__visibility_control.h
[10.431s] -- Up-to-date symlink: /home/nvidia4/smarthome_2026/ws/install/smarthome_vision/include/smarthome_vision/smarthome_vision/msg/detail/detected_target__builder.hpp
[10.432s] -- Up-to-date symlink: /home/nvidia4/smarthome_2026/ws/install/smarthome_vision/include/smarthome_vision/smarthome_vision/msg/detail/detected_target__struct.hpp
[10.434s] -- Up-to-date symlink: /home/nvidia4/smarthome_2026/ws/install/smarthome_vision/include/smarthome_vision/smarthome_vision/msg/detail/detected_target__traits.hpp
[10.434s] -- Up-to-date symlink: /home/nvidia4/smarthome_2026/ws/install/smarthome_vision/include/smarthome_vision/smarthome_vision/msg/detail/detected_target__type_support.hpp
[10.434s] -- Up-to-date symlink: /home/nvidia4/smarthome_2026/ws/install/smarthome_vision/include/smarthome_vision/smarthome_vision/msg/detected_target.hpp
[10.434s] -- Up-to-date symlink: /home/nvidia4/smarthome_2026/ws/install/smarthome_vision/include/smarthome_vision/smarthome_vision/msg/rosidl_generator_cpp__visibility_control.hpp
[10.434s] -- Up-to-date symlink: /home/nvidia4/smarthome_2026/ws/install/smarthome_vision/include/smarthome_vision/smarthome_vision/msg/detail/detected_target__rosidl_typesupport_fastrtps_cpp.hpp
[10.434s] -- Up-to-date symlink: /home/nvidia4/smarthome_2026/ws/install/smarthome_vision/include/smarthome_vision/smarthome_vision/msg/rosidl_typesupport_fastrtps_cpp__visibility_control.h
[10.436s] -- Up-to-date symlink: /home/nvidia4/smarthome_2026/ws/install/smarthome_vision/include/smarthome_vision/smarthome_vision/msg/detail/detected_target__rosidl_typesupport_introspection_c.h
[10.436s] -- Up-to-date symlink: /home/nvidia4/smarthome_2026/ws/install/smarthome_vision/include/smarthome_vision/smarthome_vision/msg/rosidl_typesupport_introspection_c__visibility_control.h
[10.436s] -- Up-to-date symlink: /home/nvidia4/smarthome_2026/ws/install/smarthome_vision/include/smarthome_vision/smarthome_vision/msg/detail/detected_target__rosidl_typesupport_introspection_cpp.hpp
[10.437s] -- Up-to-date symlink: /home/nvidia4/smarthome_2026/ws/install/smarthome_vision/share/smarthome_vision/environment/pythonpath.sh
[10.438s] -- Up-to-date symlink: /home/nvidia4/smarthome_2026/ws/install/smarthome_vision/share/smarthome_vision/environment/pythonpath.dsv
[10.438s] -- Up-to-date symlink: /home/nvidia4/smarthome_2026/ws/install/smarthome_vision/local/lib/python3.10/dist-packages/smarthome_vision-0.0.1-py3.10.egg-info/PKG-INFO
[10.439s] -- Up-to-date symlink: /home/nvidia4/smarthome_2026/ws/install/smarthome_vision/local/lib/python3.10/dist-packages/smarthome_vision-0.0.1-py3.10.egg-info/SOURCES.txt
[10.439s] -- Up-to-date symlink: /home/nvidia4/smarthome_2026/ws/install/smarthome_vision/local/lib/python3.10/dist-packages/smarthome_vision-0.0.1-py3.10.egg-info/dependency_links.txt
[10.439s] -- Up-to-date symlink: /home/nvidia4/smarthome_2026/ws/install/smarthome_vision/local/lib/python3.10/dist-packages/smarthome_vision-0.0.1-py3.10.egg-info/top_level.txt
[10.440s] -- Up-to-date symlink: /home/nvidia4/smarthome_2026/ws/install/smarthome_vision/local/lib/python3.10/dist-packages/smarthome_vision/__init__.py
[10.443s] -- Up-to-date symlink: /home/nvidia4/smarthome_2026/ws/install/smarthome_vision/local/lib/python3.10/dist-packages/smarthome_vision/_smarthome_vision_s.ep.rosidl_typesupport_c.c
[10.443s] -- Up-to-date symlink: /home/nvidia4/smarthome_2026/ws/install/smarthome_vision/local/lib/python3.10/dist-packages/smarthome_vision/_smarthome_vision_s.ep.rosidl_typesupport_fastrtps_c.c
[10.444s] -- Up-to-date symlink: /home/nvidia4/smarthome_2026/ws/install/smarthome_vision/local/lib/python3.10/dist-packages/smarthome_vision/_smarthome_vision_s.ep.rosidl_typesupport_introspection_c.c
[10.444s] -- Up-to-date symlink: /home/nvidia4/smarthome_2026/ws/install/smarthome_vision/local/lib/python3.10/dist-packages/smarthome_vision/libsmarthome_vision__rosidl_generator_py.so
[10.445s] -- Up-to-date symlink: /home/nvidia4/smarthome_2026/ws/install/smarthome_vision/local/lib/python3.10/dist-packages/smarthome_vision/msg/__init__.py
[10.445s] -- Up-to-date symlink: /home/nvidia4/smarthome_2026/ws/install/smarthome_vision/local/lib/python3.10/dist-packages/smarthome_vision/msg/_detected_target.py
[10.446s] -- Up-to-date symlink: /home/nvidia4/smarthome_2026/ws/install/smarthome_vision/local/lib/python3.10/dist-packages/smarthome_vision/msg/_detected_target_s.c
[10.446s] -- Up-to-date symlink: /home/nvidia4/smarthome_2026/ws/install/smarthome_vision/local/lib/python3.10/dist-packages/smarthome_vision/smarthome_vision_s__rosidl_typesupport_c.cpython-310-aarch64-linux-gnu.so
[10.449s] -- Up-to-date symlink: /home/nvidia4/smarthome_2026/ws/install/smarthome_vision/local/lib/python3.10/dist-packages/smarthome_vision/smarthome_vision_s__rosidl_typesupport_fastrtps_c.cpython-310-aarch64-linux-gnu.so
[10.450s] -- Up-to-date symlink: /home/nvidia4/smarthome_2026/ws/install/smarthome_vision/local/lib/python3.10/dist-packages/smarthome_vision/smarthome_vision_s__rosidl_typesupport_introspection_c.cpython-310-aarch64-linux-gnu.so
[10.451s] -- Up-to-date symlink: /home/nvidia4/smarthome_2026/ws/install/smarthome_vision/local/lib/python3.10/dist-packages/smarthome_vision/smarthome_vision_s__rosidl_typesupport_fastrtps_c.cpython-310-aarch64-linux-gnu.so
[10.454s] -- Up-to-date symlink: /home/nvidia4/smarthome_2026/ws/install/smarthome_vision/local/lib/python3.10/dist-packages/smarthome_vision/smarthome_vision_s__rosidl_typesupport_introspection_c.cpython-310-aarch64-linux-gnu.so
[10.455s] -- Up-to-date symlink: /home/nvidia4/smarthome_2026/ws/install/smarthome_vision/local/lib/python3.10/dist-packages/smarthome_vision/smarthome_vision_s__rosidl_typesupport_c.cpython-310-aarch64-linux-gnu.so
[10.456s] -- Up-to-date symlink: /home/nvidia4/smarthome_2026/ws/install/smarthome_vision/share/ament_index/resource_index/rust_packages/smarthome_vision
[10.457s] -- Up-to-date symlink: /home/nvidia4/smarthome_2026/ws/install/smarthome_vision/share/smarthome_vision/rust/Cargo.toml
[10.457s] -- Up-to-date symlink: /home/nvidia4/smarthome_2026/ws/install/smarthome_vision/share/smarthome_vision/rust/build.rs
[10.458s] -- Up-to-date symlink: /home/nvidia4/smarthome_2026/ws/install/smarthome_vision/share/smarthome_vision/rust/src/lib.rs
[10.458s] -- Up-to-date symlink: /home/nvidia4/smarthome_2026/ws/install/smarthome_vision/share/smarthome_vision/rust/src/msg.rs
[10.459s] -- Up-to-date symlink: /home/nvidia4/smarthome_2026/ws/install/smarthome_vision/share/smarthome_vision/rust/src/msg/rmw.rs
[10.459s] -- Up-to-date symlink: /home/nvidia4/smarthome_2026/ws/install/smarthome_vision/share/smarthome_vision/msg/DetectedTarget.idl
[10.460s] -- Up-to-date symlink: /home/nvidia4/smarthome_2026/ws/install/smarthome_vision/share/smarthome_vision/msg/DetectedTarget.msg
[10.461s] -- Up-to-date symlink: /home/nvidia4/smarthome_2026/ws/install/smarthome_vision/lib/libsmarthome_vision_core.so
[10.470s] -- Up-to-date symlink: /home/nvidia4/smarthome_2026/ws/install/smarthome_vision/lib/smarthome_vision/vision_node
[10.471s] -- Up-to-date symlink: /home/nvidia4/smarthome_2026/ws/install/smarthome_vision/include//smarthome_vision/crc16.hpp
[10.472s] -- Up-to-date symlink: /home/nvidia4/smarthome_2026/ws/install/smarthome_vision/include//smarthome_vision/detector.hpp
[10.473s] -- Up-to-date symlink: /home/nvidia4/smarthome_2026/ws/install/smarthome_vision/include//smarthome_vision/gimbal_bridge.hpp
[10.474s] -- Up-to-date symlink: /home/nvidia4/smarthome_2026/ws/install/smarthome_vision/include//smarthome_vision/pose_solver.hpp
[10.474s] -- Up-to-date symlink: /home/nvidia4/smarthome_2026/ws/install/smarthome_vision/include//smarthome_vision/protocol.hpp
[10.475s] -- Up-to-date symlink: /home/nvidia4/smarthome_2026/ws/install/smarthome_vision/include//smarthome_vision/trt_detector.hpp
[10.475s] -- Up-to-date symlink: /home/nvidia4/smarthome_2026/ws/install/smarthome_vision/include//smarthome_vision/types.hpp
[10.476s] -- Up-to-date symlink: /home/nvidia4/smarthome_2026/ws/install/smarthome_vision/share/smarthome_vision/launch/vision.launch.py
[10.526s] -- Up-to-date symlink: /home/nvidia4/smarthome_2026/ws/install/smarthome_vision/share/smarthome_vision/config/vision.yaml
[10.527s] -- Up-to-date symlink: /home/nvidia4/smarthome_2026/ws/install/smarthome_vision/share/ament_index/resource_index/package_run_dependencies/smarthome_vision
[10.531s] -- Up-to-date symlink: /home/nvidia4/smarthome_2026/ws/install/smarthome_vision/share/ament_index/resource_index/parent_prefix_path/smarthome_vision
[10.531s] -- Up-to-date symlink: /home/nvidia4/smarthome_2026/ws/install/smarthome_vision/share/smarthome_vision/environment/ament_prefix_path.sh
[10.532s] -- Up-to-date symlink: /home/nvidia4/smarthome_2026/ws/install/smarthome_vision/share/smarthome_vision/environment/ament_prefix_path.dsv
[10.532s] -- Up-to-date symlink: /home/nvidia4/smarthome_2026/ws/install/smarthome_vision/share/smarthome_vision/environment/path.sh
[10.532s] -- Up-to-date symlink: /home/nvidia4/smarthome_2026/ws/install/smarthome_vision/share/smarthome_vision/environment/path.dsv
[10.532s] -- Up-to-date symlink: /home/nvidia4/smarthome_2026/ws/install/smarthome_vision/share/smarthome_vision/local_setup.bash
[10.533s] -- Up-to-date symlink: /home/nvidia4/smarthome_2026/ws/install/smarthome_vision/share/smarthome_vision/local_setup.sh
[10.533s] -- Up-to-date symlink: /home/nvidia4/smarthome_2026/ws/install/smarthome_vision/share/smarthome_vision/local_setup.zsh
[10.533s] -- Up-to-date symlink: /home/nvidia4/smarthome_2026/ws/install/smarthome_vision/share/smarthome_vision/local_setup.dsv
[10.533s] -- Symlinking: /home/nvidia4/smarthome_2026/ws/install/smarthome_vision/share/smarthome_vision/package.dsv
[10.558s] -- Up-to-date symlink: /home/nvidia4/smarthome_2026/ws/install/smarthome_vision/share/ament_index/resource_index/packages/smarthome_vision
[10.558s] -- Up-to-date symlink: /home/nvidia4/smarthome_2026/ws/install/smarthome_vision/share/smarthome_vision/cmake/rosidl_cmake-extras.cmake
[10.558s] -- Up-to-date symlink: /home/nvidia4/smarthome_2026/ws/install/smarthome_vision/share/smarthome_vision/cmake/ament_cmake_export_dependencies-extras.cmake
[10.559s] -- Up-to-date symlink: /home/nvidia4/smarthome_2026/ws/install/smarthome_vision/share/smarthome_vision/cmake/ament_cmake_export_include_directories-extras.cmake
[10.559s] -- Up-to-date symlink: /home/nvidia4/smarthome_2026/ws/install/smarthome_vision/share/smarthome_vision/cmake/ament_cmake_export_libraries-extras.cmake
[10.560s] -- Up-to-date symlink: /home/nvidia4/smarthome_2026/ws/install/smarthome_vision/share/smarthome_vision/cmake/ament_cmake_export_targets-extras.cmake
[10.561s] -- Up-to-date symlink: /home/nvidia4/smarthome_2026/ws/install/smarthome_vision/share/smarthome_vision/cmake/rosidl_cmake_export_typesupport_targets-extras.cmake
[10.561s] -- Up-to-date symlink: /home/nvidia4/smarthome_2026/ws/install/smarthome_vision/share/smarthome_vision/cmake/rosidl_cmake_export_typesupport_libraries-extras.cmake
[10.561s] -- Up-to-date symlink: /home/nvidia4/smarthome_2026/ws/install/smarthome_vision/share/smarthome_vision/cmake/smarthome_visionConfig.cmake
[10.562s] -- Up-to-date symlink: /home/nvidia4/smarthome_2026/ws/install/smarthome_vision/share/smarthome_vision/cmake/smarthome_visionConfig-version.cmake
[10.562s] -- Up-to-date symlink: /home/nvidia4/smarthome_2026/ws/install/smarthome_vision/share/smarthome_vision/package.xml
[10.563s] -- Up-to-date: /home/nvidia4/smarthome_2026/ws/install/smarthome_vision/lib/libsmarthome_vision__rosidl_generator_c.so
[10.572s] -- Up-to-date: /home/nvidia4/smarthome_2026/ws/install/smarthome_vision/lib/libsmarthome_vision__rosidl_typesupport_fastrtps_c.so
[10.572s] -- Up-to-date: /home/nvidia4/smarthome_2026/ws/install/smarthome_vision/lib/libsmarthome_vision__rosidl_typesupport_fastrtps_cpp.so
[10.572s] -- Up-to-date: /home/nvidia4/smarthome_2026/ws/install/smarthome_vision/lib/libsmarthome_vision__rosidl_typesupport_introspection_c.so
[10.573s] -- Up-to-date: /home/nvidia4/smarthome_2026/ws/install/smarthome_vision/lib/libsmarthome_vision__rosidl_typesupport_c.so
[10.573s] -- Up-to-date: /home/nvidia4/smarthome_2026/ws/install/smarthome_vision/lib/libsmarthome_vision__rosidl_typesupport_introspection_cpp.so
[10.573s] -- Up-to-date: /home/nvidia4/smarthome_2026/ws/install/smarthome_vision/lib/libsmarthome_vision__rosidl_typesupport_cpp.so
[10.626s] Listing '/home/nvidia4/smarthome_2026/ws/install/smarthome_vision/local/lib/python3.10/dist-packages/smarthome_vision'...
[10.627s] Listing '/home/nvidia4/smarthome_2026/ws/install/smarthome_vision/local/lib/python3.10/dist-packages/smarthome_vision/msg'...
[10.649s] -- Up-to-date: /home/nvidia4/smarthome_2026/ws/install/smarthome_vision/lib/libsmarthome_vision__rosidl_generator_py.so
[10.650s] -- Up-to-date: /home/nvidia4/smarthome_2026/ws/install/smarthome_vision/share/smarthome_vision/cmake/export_smarthome_vision__rosidl_generator_cExport.cmake
[10.650s] -- Up-to-date: /home/nvidia4/smarthome_2026/ws/install/smarthome_vision/share/smarthome_vision/cmake/export_smarthome_vision__rosidl_generator_cExport-noconfig.cmake
[10.650s] -- Up-to-date: /home/nvidia4/smarthome_2026/ws/install/smarthome_vision/share/smarthome_vision/cmake/export_smarthome_vision__rosidl_typesupport_fastrtps_cExport.cmake
[10.650s] -- Up-to-date: /home/nvidia4/smarthome_2026/ws/install/smarthome_vision/share/smarthome_vision/cmake/export_smarthome_vision__rosidl_typesupport_fastrtps_cExport-noconfig.cmake
[10.650s] -- Up-to-date: /home/nvidia4/smarthome_2026/ws/install/smarthome_vision/share/smarthome_vision/cmake/export_smarthome_vision__rosidl_generator_cppExport.cmake
[10.650s] -- Up-to-date: /home/nvidia4/smarthome_2026/ws/install/smarthome_vision/share/smarthome_vision/cmake/export_smarthome_vision__rosidl_typesupport_fastrtps_cppExport.cmake
[10.650s] -- Up-to-date: /home/nvidia4/smarthome_2026/ws/install/smarthome_vision/share/smarthome_vision/cmake/export_smarthome_vision__rosidl_typesupport_fastrtps_cppExport-noconfig.cmake
[10.650s] -- Up-to-date: /home/nvidia4/smarthome_2026/ws/install/smarthome_vision/share/smarthome_vision/cmake/smarthome_vision__rosidl_typesupport_introspection_cExport.cmake
[10.650s] -- Up-to-date: /home/nvidia4/smarthome_2026/ws/install/smarthome_vision/share/smarthome_vision/cmake/smarthome_vision__rosidl_typesupport_introspection_cExport-noconfig.cmake
[10.651s] -- Up-to-date: /home/nvidia4/smarthome_2026/ws/install/smarthome_vision/share/smarthome_vision/cmake/smarthome_vision__rosidl_typesupport_cExport.cmake
[10.651s] -- Up-to-date: /home/nvidia4/smarthome_2026/ws/install/smarthome_vision/share/smarthome_vision/cmake/smarthome_vision__rosidl_typesupport_cExport-noconfig.cmake
[10.651s] -- Up-to-date: /home/nvidia4/smarthome_2026/ws/install/smarthome_vision/share/smarthome_vision/cmake/smarthome_vision__rosidl_typesupport_introspection_cppExport.cmake
[10.651s] -- Up-to-date: /home/nvidia4/smarthome_2026/ws/install/smarthome_vision/share/smarthome_vision/cmake/smarthome_vision__rosidl_typesupport_introspection_cppExport-noconfig.cmake
[10.651s] -- Up-to-date: /home/nvidia4/smarthome_2026/ws/install/smarthome_vision/share/smarthome_vision/cmake/smarthome_vision__rosidl_typesupport_cppExport.cmake
[10.651s] -- Up-to-date: /home/nvidia4/smarthome_2026/ws/install/smarthome_vision/share/smarthome_vision/cmake/smarthome_vision__rosidl_typesupport_cppExport-noconfig.cmake
[10.651s] -- Up-to-date: /home/nvidia4/smarthome_2026/ws/install/smarthome_vision/share/smarthome_vision/cmake/export_smarthome_vision__rosidl_generator_pyExport.cmake
[10.651s] -- Up-to-date: /home/nvidia4/smarthome_2026/ws/install/smarthome_vision/share/smarthome_vision/cmake/export_smarthome_vision__rosidl_generator_pyExport-noconfig.cmake
[10.656s] Invoked command in '/home/nvidia4/smarthome_2026/ws/build/smarthome_vision' returned '0': CMAKE_PREFIX_PATH=${CMAKE_PREFIX_PATH}:/opt/ros/humble /usr/bin/cmake --install /home/nvidia4/smarthome_2026/ws/build/smarthome_vision
