[0.014s] Invoking command in '/home/nvidia4/smarthome_2026/ws/build/smarthome_vision': CMAKE_PREFIX_PATH=/opt/ros/humble /usr/bin/cmake /home/nvidia4/smarthome_2026/ws/src/smarthome_vision_ros2 -DOpenCV_DIR=/usr/local/lib/cmake/opencv4 -DCMAKE_INSTALL_PREFIX=/home/nvidia4/smarthome_2026/ws/install/smarthome_vision
[0.132s] -- The C compiler identification is GNU 11.4.0
[0.243s] -- The CXX compiler identification is GNU 11.4.0
[0.265s] -- Detecting C compiler ABI info
[0.398s] -- Detecting C compiler ABI info - done
[0.407s] -- Check for working C compiler: /usr/bin/cc - skipped
[0.408s] -- Detecting C compile features
[0.408s] -- Detecting C compile features - done
[0.413s] -- Detecting CXX compiler ABI info
[0.596s] -- Detecting CXX compiler ABI info - done
[0.605s] -- Check for working CXX compiler: /usr/bin/c++ - skipped
[0.605s] -- Detecting CXX compile features
[0.606s] -- Detecting CXX compile features - done
[0.610s] -- Found ament_cmake: 1.3.14 (/opt/ros/humble/share/ament_cmake/cmake)
[0.931s] -- Found Python3: /usr/bin/python3 (found version "3.10.12") found components: Interpreter 
[1.119s] -- Found rclcpp: 16.0.19 (/opt/ros/humble/share/rclcpp/cmake)
[1.193s] -- Found rosidl_generator_c: 3.1.8 (/opt/ros/humble/share/rosidl_generator_c/cmake)
[1.207s] -- Found rosidl_adapter: 3.1.8 (/opt/ros/humble/share/rosidl_adapter/cmake)
[1.214s] -- Found rosidl_generator_cpp: 3.1.8 (/opt/ros/humble/share/rosidl_generator_cpp/cmake)
[1.240s] -- Using all available rosidl_typesupport_c: rosidl_typesupport_fastrtps_c;rosidl_typesupport_introspection_c
[1.274s] -- Using all available rosidl_typesupport_cpp: rosidl_typesupport_fastrtps_cpp;rosidl_typesupport_introspection_cpp
[1.342s] -- Found rmw_implementation_cmake: 6.1.2 (/opt/ros/humble/share/rmw_implementation_cmake/cmake)
[1.347s] -- Found rmw_fastrtps_cpp: 6.2.10 (/opt/ros/humble/share/rmw_fastrtps_cpp/cmake)
[1.505s] -- Found OpenSSL: /usr/lib/aarch64-linux-gnu/libcrypto.so (found version "3.0.2")  
[1.554s] -- Found FastRTPS: /opt/ros/humble/include  
[1.641s] -- Using RMW implementation 'rmw_fastrtps_cpp' as default
[1.649s] -- Looking for pthread.h
[1.777s] -- Looking for pthread.h - found
[1.778s] -- Performing Test CMAKE_HAVE_LIBC_PTHREAD
[1.926s] -- Performing Test CMAKE_HAVE_LIBC_PTHREAD - Success
[1.929s] -- Found Threads: TRUE  
[2.016s] -- Found sensor_msgs: 4.9.1 (/opt/ros/humble/share/sensor_msgs/cmake)
[2.073s] -- Found cv_bridge: 3.2.1 (/opt/ros/humble/share/cv_bridge/cmake)
[2.126s] -- Found CUDA: /usr/local/cuda (found suitable exact version "12.6") 
[2.152s] -- Found image_transport: 3.1.12 (/opt/ros/humble/share/image_transport/cmake)
[2.213s] -- Found camera_info_manager: 3.1.12 (/opt/ros/humble/share/camera_info_manager/cmake)
[2.240s] -- Found OpenCV: /usr/local (found version "4.10.0") found components: core imgproc highgui cudaarithm cudaimgproc cudawarping 
[2.242s] -- Found rosidl_default_generators: 1.2.1 (/opt/ros/humble/share/rosidl_default_generators/cmake)
[2.317s] -- Found CUDAToolkit: /usr/local/cuda/include (found version "12.6.68") 
[2.942s] -- Found ament_cmake_ros: 0.10.0 (/opt/ros/humble/share/ament_cmake_ros/cmake)
[3.774s] -- Using all available rosidl_typesupport_c: rosidl_typesupport_fastrtps_c;rosidl_typesupport_introspection_c
[4.061s] -- Using all available rosidl_typesupport_cpp: rosidl_typesupport_fastrtps_cpp;rosidl_typesupport_introspection_cpp
[4.105s] -- Found PythonInterp: /usr/bin/python3 (found suitable version "3.10.12", minimum required is "3.6") 
[4.107s] -- Found python_cmake_module: 0.10.0 (/opt/ros/humble/share/python_cmake_module/cmake)
[4.173s] -- Found PythonLibs: /usr/lib/aarch64-linux-gnu/libpython3.10.so (found suitable version "3.10.12", minimum required is "3.5") 
[4.173s] -- Using PYTHON_EXECUTABLE: /usr/bin/python3
[4.174s] -- Using PYTHON_INCLUDE_DIRS: /usr/include/python3.10
[4.174s] -- Using PYTHON_LIBRARIES: /usr/lib/aarch64-linux-gnu/libpython3.10.so
[4.214s] -- Found PythonExtra: .so  
[4.494s] -- Configuring done
[4.637s] -- Generating done
[4.668s] -- Build files have been written to: /home/nvidia4/smarthome_2026/ws/build/smarthome_vision
[4.721s] Invoked command in '/home/nvidia4/smarthome_2026/ws/build/smarthome_vision' returned '0': CMAKE_PREFIX_PATH=/opt/ros/humble /usr/bin/cmake /home/nvidia4/smarthome_2026/ws/src/smarthome_vision_ros2 -DOpenCV_DIR=/usr/local/lib/cmake/opencv4 -DCMAKE_INSTALL_PREFIX=/home/nvidia4/smarthome_2026/ws/install/smarthome_vision
[4.725s] Invoking command in '/home/nvidia4/smarthome_2026/ws/build/smarthome_vision': CMAKE_PREFIX_PATH=/opt/ros/humble /usr/bin/cmake --build /home/nvidia4/smarthome_2026/ws/build/smarthome_vision -- -j8 -l8
[4.808s] [  2%] [34m[1mGenerating C code for ROS interfaces[0m
[4.839s] [  5%] [34m[1mGenerating C++ code for ROS interfaces[0m
[4.840s] [  7%] [32mBuilding CXX object CMakeFiles/smarthome_vision_core.dir/src/gimbal_bridge.cpp.o[0m
[4.845s] [ 10%] [34m[1mGenerating Rust code for ROS interfaces[0m
[4.854s] [ 15%] [32mBuilding CXX object CMakeFiles/smarthome_vision_core.dir/src/pose_solver.cpp.o[0m
[4.854s] [ 15%] [32mBuilding CXX object CMakeFiles/smarthome_vision_core.dir/src/crc16.cpp.o[0m
[4.871s] [ 17%] [32mBuilding CXX object CMakeFiles/smarthome_vision_core.dir/src/trt_detector.cpp.o[0m
[4.933s] [ 17%] Built target ament_cmake_python_copy_smarthome_vision
[5.013s] [ 20%] [32mBuilding CXX object CMakeFiles/smarthome_vision_core.dir/src/detector.cpp.o[0m
[5.841s] running egg_info
[5.844s] creating smarthome_vision.egg-info
[5.844s] writing smarthome_vision.egg-info/PKG-INFO
[5.844s] writing dependency_links to smarthome_vision.egg-info/dependency_links.txt
[5.845s] writing top-level names to smarthome_vision.egg-info/top_level.txt
[5.845s] writing manifest file 'smarthome_vision.egg-info/SOURCES.txt'
[5.850s] reading manifest file 'smarthome_vision.egg-info/SOURCES.txt'
[5.852s] writing manifest file 'smarthome_vision.egg-info/SOURCES.txt'
[5.918s] [ 22%] [32mBuilding C object CMakeFiles/smarthome_vision__rosidl_generator_c.dir/rosidl_generator_c/smarthome_vision/msg/detail/detected_target__functions.c.o[0m
[5.953s] [ 22%] Built target smarthome_vision__cpp
[5.974s] [ 25%] [34m[1mGenerating C++ type support for eProsima Fast-RTPS[0m
[6.027s] [ 25%] Built target smarthome_vision__rs
[6.076s] [ 25%] Built target ament_cmake_python_build_smarthome_vision_egg
[6.117s] [ 27%] [34m[1mGenerating C++ type support dispatch for ROS interfaces[0m
[6.123s] [ 30%] [34m[1mGenerating C++ introspection for ROS interfaces[0m
[6.158s] [ 32%] [32m[1mLinking C shared library libsmarthome_vision__rosidl_generator_c.so[0m
[6.322s] [ 32%] Built target smarthome_vision__rosidl_generator_c
[6.350s] [ 35%] [34m[1mGenerating C type support for eProsima Fast-RTPS[0m
[6.358s] [ 37%] [34m[1mGenerating C introspection for ROS interfaces[0m
[6.842s] [ 40%] [32mBuilding CXX object CMakeFiles/smarthome_vision__rosidl_typesupport_cpp.dir/rosidl_typesupport_cpp/smarthome_vision/msg/detected_target__type_support.cpp.o[0m
[6.897s] [ 42%] [32mBuilding CXX object CMakeFiles/smarthome_vision__rosidl_typesupport_fastrtps_cpp.dir/rosidl_typesupport_fastrtps_cpp/smarthome_vision/msg/detail/dds_fastrtps/detected_target__type_support.cpp.o[0m
[7.127s] [ 45%] [32mBuilding CXX object CMakeFiles/smarthome_vision__rosidl_typesupport_introspection_cpp.dir/rosidl_typesupport_introspection_cpp/smarthome_vision/msg/detail/detected_target__type_support.cpp.o[0m
[7.130s] [ 47%] [32mBuilding C object CMakeFiles/smarthome_vision__rosidl_typesupport_introspection_c.dir/rosidl_typesupport_introspection_c/smarthome_vision/msg/detail/detected_target__type_support.c.o[0m
[7.296s] [ 50%] [32mBuilding CXX object CMakeFiles/smarthome_vision__rosidl_typesupport_fastrtps_c.dir/rosidl_typesupport_fastrtps_c/smarthome_vision/msg/detail/detected_target__type_support_c.cpp.o[0m
[7.317s] [ 52%] [32m[1mLinking C shared library libsmarthome_vision__rosidl_typesupport_introspection_c.so[0m
[7.525s] [ 52%] Built target smarthome_vision__rosidl_typesupport_introspection_c
[7.637s] [ 55%] [34m[1mGenerating C type support dispatch for ROS interfaces[0m
[7.741s] [ 57%] [32m[1mLinking CXX shared library libsmarthome_vision__rosidl_typesupport_cpp.so[0m
[7.912s] [ 57%] Built target smarthome_vision__rosidl_typesupport_cpp
[8.357s] [ 60%] [32m[1mLinking CXX shared library libsmarthome_vision__rosidl_typesupport_fastrtps_cpp.so[0m
[8.476s] [ 62%] [32m[1mLinking CXX shared library libsmarthome_vision__rosidl_typesupport_fastrtps_c.so[0m
[8.580s] [ 65%] [32mBuilding CXX object CMakeFiles/smarthome_vision__rosidl_typesupport_c.dir/rosidl_typesupport_c/smarthome_vision/msg/detected_target__type_support.cpp.o[0m
[8.679s] [ 65%] Built target smarthome_vision__rosidl_typesupport_fastrtps_cpp
[8.721s] [ 67%] [32m[1mLinking CXX shared library libsmarthome_vision__rosidl_typesupport_c.so[0m
[8.728s] [ 70%] [32m[1mLinking CXX shared library libsmarthome_vision__rosidl_typesupport_introspection_cpp.so[0m
[8.789s] [ 70%] Built target smarthome_vision__rosidl_typesupport_fastrtps_c
[8.842s] [ 70%] Built target smarthome_vision__rosidl_typesupport_c
[8.994s] [ 70%] Built target smarthome_vision__rosidl_typesupport_introspection_cpp
[9.034s] [ 70%] Built target smarthome_vision
[9.110s] [ 72%] [34m[1mGenerating Python code for ROS interfaces[0m
[9.815s] [ 72%] Built target smarthome_vision__py
[9.875s] [ 75%] [32mBuilding C object CMakeFiles/smarthome_vision__rosidl_generator_py.dir/rosidl_generator_py/smarthome_vision/msg/_detected_target_s.c.o[0m
[9.993s] [ 77%] [32m[1mLinking CXX shared library libsmarthome_vision_core.so[0m
[10.129s] [ 80%] [32m[1mLinking C shared library rosidl_generator_py/smarthome_vision/libsmarthome_vision__rosidl_generator_py.so[0m
[10.221s] [ 80%] Built target smarthome_vision__rosidl_generator_py
[10.264s] [ 82%] [32mBuilding C object CMakeFiles/smarthome_vision__rosidl_typesupport_c__pyext.dir/rosidl_generator_py/smarthome_vision/_smarthome_vision_s.ep.rosidl_typesupport_c.c.o[0m
[10.275s] [ 85%] [32mBuilding C object CMakeFiles/smarthome_vision__rosidl_typesupport_fastrtps_c__pyext.dir/rosidl_generator_py/smarthome_vision/_smarthome_vision_s.ep.rosidl_typesupport_fastrtps_c.c.o[0m
[10.282s] [ 87%] [32mBuilding C object CMakeFiles/smarthome_vision__rosidl_typesupport_introspection_c__pyext.dir/rosidl_generator_py/smarthome_vision/_smarthome_vision_s.ep.rosidl_typesupport_introspection_c.c.o[0m
[10.392s] [ 87%] Built target smarthome_vision_core
[10.452s] [ 90%] [32mBuilding CXX object CMakeFiles/vision_node.dir/src/vision_node.cpp.o[0m
[10.510s] [ 92%] [32m[1mLinking C shared library rosidl_generator_py/smarthome_vision/smarthome_vision_s__rosidl_typesupport_fastrtps_c.cpython-310-aarch64-linux-gnu.so[0m
[10.547s] [ 95%] [32m[1mLinking C shared library rosidl_generator_py/smarthome_vision/smarthome_vision_s__rosidl_typesupport_introspection_c.cpython-310-aarch64-linux-gnu.so[0m
[10.556s] [ 97%] [32m[1mLinking C shared library rosidl_generator_py/smarthome_vision/smarthome_vision_s__rosidl_typesupport_c.cpython-310-aarch64-linux-gnu.so[0m
[10.600s] [ 97%] Built target smarthome_vision__rosidl_typesupport_fastrtps_c__pyext
[10.641s] [ 97%] Built target smarthome_vision__rosidl_typesupport_introspection_c__pyext
[10.665s] [ 97%] Built target smarthome_vision__rosidl_typesupport_c__pyext
[32.338s] [100%] [32m[1mLinking CXX executable vision_node[0m
[33.053s] /usr/bin/ld: warning: libopencv_imgcodecs.so.4.5d, needed by /opt/ros/humble/lib/libcv_bridge.so, may conflict with libopencv_imgcodecs.so.410
[33.060s] /usr/bin/ld: warning: libopencv_core.so.4.5d, needed by /opt/ros/humble/lib/libcv_bridge.so, may conflict with libopencv_core.so.410
[34.556s] [100%] Built target vision_node
[34.603s] Invoked command in '/home/nvidia4/smarthome_2026/ws/build/smarthome_vision' returned '0': CMAKE_PREFIX_PATH=/opt/ros/humble /usr/bin/cmake --build /home/nvidia4/smarthome_2026/ws/build/smarthome_vision -- -j8 -l8
[34.623s] Invoking command in '/home/nvidia4/smarthome_2026/ws/build/smarthome_vision': CMAKE_PREFIX_PATH=/opt/ros/humble /usr/bin/cmake --install /home/nvidia4/smarthome_2026/ws/build/smarthome_vision
[34.639s] -- Install configuration: ""
[34.640s] -- Installing: /home/nvidia4/smarthome_2026/ws/install/smarthome_vision/share/ament_index/resource_index/rosidl_interfaces/smarthome_vision
[34.641s] -- Installing: /home/nvidia4/smarthome_2026/ws/install/smarthome_vision/include/smarthome_vision/smarthome_vision
[34.642s] -- Installing: /home/nvidia4/smarthome_2026/ws/install/smarthome_vision/include/smarthome_vision/smarthome_vision/msg
[34.644s] -- Installing: /home/nvidia4/smarthome_2026/ws/install/smarthome_vision/include/smarthome_vision/smarthome_vision/msg/rosidl_generator_c__visibility_control.h
[34.646s] -- Installing: /home/nvidia4/smarthome_2026/ws/install/smarthome_vision/include/smarthome_vision/smarthome_vision/msg/detail
[34.646s] -- Installing: /home/nvidia4/smarthome_2026/ws/install/smarthome_vision/include/smarthome_vision/smarthome_vision/msg/detail/detected_target__struct.h
[34.648s] -- Installing: /home/nvidia4/smarthome_2026/ws/install/smarthome_vision/include/smarthome_vision/smarthome_vision/msg/detail/detected_target__type_support.h
[34.649s] -- Installing: /home/nvidia4/smarthome_2026/ws/install/smarthome_vision/include/smarthome_vision/smarthome_vision/msg/detail/detected_target__functions.h
[34.649s] -- Installing: /home/nvidia4/smarthome_2026/ws/install/smarthome_vision/include/smarthome_vision/smarthome_vision/msg/detail/detected_target__functions.c
[34.649s] -- Installing: /home/nvidia4/smarthome_2026/ws/install/smarthome_vision/include/smarthome_vision/smarthome_vision/msg/detected_target.h
[34.651s] -- Installing: /home/nvidia4/smarthome_2026/ws/install/smarthome_vision/share/smarthome_vision/environment/library_path.sh
[34.651s] -- Installing: /home/nvidia4/smarthome_2026/ws/install/smarthome_vision/share/smarthome_vision/environment/library_path.dsv
[34.651s] -- Installing: /home/nvidia4/smarthome_2026/ws/install/smarthome_vision/lib/libsmarthome_vision__rosidl_generator_c.so
[34.652s] -- Set runtime path of "/home/nvidia4/smarthome_2026/ws/install/smarthome_vision/lib/libsmarthome_vision__rosidl_generator_c.so" to ""
[34.652s] -- Up-to-date: /home/nvidia4/smarthome_2026/ws/install/smarthome_vision/include/smarthome_vision/smarthome_vision
[34.653s] -- Up-to-date: /home/nvidia4/smarthome_2026/ws/install/smarthome_vision/include/smarthome_vision/smarthome_vision/msg
[34.653s] -- Up-to-date: /home/nvidia4/smarthome_2026/ws/install/smarthome_vision/include/smarthome_vision/smarthome_vision/msg/detail
[34.653s] -- Installing: /home/nvidia4/smarthome_2026/ws/install/smarthome_vision/include/smarthome_vision/smarthome_vision/msg/detail/detected_target__rosidl_typesupport_fastrtps_c.h
[34.654s] -- Installing: /home/nvidia4/smarthome_2026/ws/install/smarthome_vision/include/smarthome_vision/smarthome_vision/msg/rosidl_typesupport_fastrtps_c__visibility_control.h
[34.654s] -- Installing: /home/nvidia4/smarthome_2026/ws/install/smarthome_vision/lib/libsmarthome_vision__rosidl_typesupport_fastrtps_c.so
[34.654s] -- Set runtime path of "/home/nvidia4/smarthome_2026/ws/install/smarthome_vision/lib/libsmarthome_vision__rosidl_typesupport_fastrtps_c.so" to ""
[34.654s] -- Up-to-date: /home/nvidia4/smarthome_2026/ws/install/smarthome_vision/include/smarthome_vision/smarthome_vision
[34.654s] -- Up-to-date: /home/nvidia4/smarthome_2026/ws/install/smarthome_vision/include/smarthome_vision/smarthome_vision/msg
[34.654s] -- Up-to-date: /home/nvidia4/smarthome_2026/ws/install/smarthome_vision/include/smarthome_vision/smarthome_vision/msg/detail
[34.654s] -- Installing: /home/nvidia4/smarthome_2026/ws/install/smarthome_vision/include/smarthome_vision/smarthome_vision/msg/detail/detected_target__struct.hpp
[34.655s] -- Installing: /home/nvidia4/smarthome_2026/ws/install/smarthome_vision/include/smarthome_vision/smarthome_vision/msg/detail/detected_target__type_support.hpp
[34.655s] -- Installing: /home/nvidia4/smarthome_2026/ws/install/smarthome_vision/include/smarthome_vision/smarthome_vision/msg/detail/detected_target__traits.hpp
[34.655s] -- Installing: /home/nvidia4/smarthome_2026/ws/install/smarthome_vision/include/smarthome_vision/smarthome_vision/msg/detail/detected_target__builder.hpp
[34.655s] -- Installing: /home/nvidia4/smarthome_2026/ws/install/smarthome_vision/include/smarthome_vision/smarthome_vision/msg/detected_target.hpp
[34.656s] -- Installing: /home/nvidia4/smarthome_2026/ws/install/smarthome_vision/include/smarthome_vision/smarthome_vision/msg/rosidl_generator_cpp__visibility_control.hpp
[34.656s] -- Up-to-date: /home/nvidia4/smarthome_2026/ws/install/smarthome_vision/include/smarthome_vision/smarthome_vision
[34.656s] -- Up-to-date: /home/nvidia4/smarthome_2026/ws/install/smarthome_vision/include/smarthome_vision/smarthome_vision/msg
[34.657s] -- Up-to-date: /home/nvidia4/smarthome_2026/ws/install/smarthome_vision/include/smarthome_vision/smarthome_vision/msg/detail
[34.657s] -- Installing: /home/nvidia4/smarthome_2026/ws/install/smarthome_vision/include/smarthome_vision/smarthome_vision/msg/detail/detected_target__rosidl_typesupport_fastrtps_cpp.hpp
[34.657s] -- Installing: /home/nvidia4/smarthome_2026/ws/install/smarthome_vision/include/smarthome_vision/smarthome_vision/msg/detail/dds_fastrtps
[34.657s] -- Installing: /home/nvidia4/smarthome_2026/ws/install/smarthome_vision/include/smarthome_vision/smarthome_vision/msg/rosidl_typesupport_fastrtps_cpp__visibility_control.h
[34.657s] -- Installing: /home/nvidia4/smarthome_2026/ws/install/smarthome_vision/lib/libsmarthome_vision__rosidl_typesupport_fastrtps_cpp.so
[34.658s] -- Set runtime path of "/home/nvidia4/smarthome_2026/ws/install/smarthome_vision/lib/libsmarthome_vision__rosidl_typesupport_fastrtps_cpp.so" to ""
[34.658s] -- Up-to-date: /home/nvidia4/smarthome_2026/ws/install/smarthome_vision/include/smarthome_vision/smarthome_vision
[34.658s] -- Up-to-date: /home/nvidia4/smarthome_2026/ws/install/smarthome_vision/include/smarthome_vision/smarthome_vision/msg
[34.658s] -- Up-to-date: /home/nvidia4/smarthome_2026/ws/install/smarthome_vision/include/smarthome_vision/smarthome_vision/msg/detail
[34.658s] -- Installing: /home/nvidia4/smarthome_2026/ws/install/smarthome_vision/include/smarthome_vision/smarthome_vision/msg/detail/detected_target__rosidl_typesupport_introspection_c.h
[34.659s] -- Installing: /home/nvidia4/smarthome_2026/ws/install/smarthome_vision/include/smarthome_vision/smarthome_vision/msg/detail/detected_target__type_support.c
[34.659s] -- Installing: /home/nvidia4/smarthome_2026/ws/install/smarthome_vision/include/smarthome_vision/smarthome_vision/msg/rosidl_typesupport_introspection_c__visibility_control.h
[34.659s] -- Installing: /home/nvidia4/smarthome_2026/ws/install/smarthome_vision/lib/libsmarthome_vision__rosidl_typesupport_introspection_c.so
[34.659s] -- Set runtime path of "/home/nvidia4/smarthome_2026/ws/install/smarthome_vision/lib/libsmarthome_vision__rosidl_typesupport_introspection_c.so" to ""
[34.659s] -- Installing: /home/nvidia4/smarthome_2026/ws/install/smarthome_vision/lib/libsmarthome_vision__rosidl_typesupport_c.so
[34.660s] -- Set runtime path of "/home/nvidia4/smarthome_2026/ws/install/smarthome_vision/lib/libsmarthome_vision__rosidl_typesupport_c.so" to ""
[34.660s] -- Up-to-date: /home/nvidia4/smarthome_2026/ws/install/smarthome_vision/include/smarthome_vision/smarthome_vision
[34.660s] -- Up-to-date: /home/nvidia4/smarthome_2026/ws/install/smarthome_vision/include/smarthome_vision/smarthome_vision/msg
[34.660s] -- Up-to-date: /home/nvidia4/smarthome_2026/ws/install/smarthome_vision/include/smarthome_vision/smarthome_vision/msg/detail
[34.660s] -- Installing: /home/nvidia4/smarthome_2026/ws/install/smarthome_vision/include/smarthome_vision/smarthome_vision/msg/detail/detected_target__rosidl_typesupport_introspection_cpp.hpp
[34.660s] -- Installing: /home/nvidia4/smarthome_2026/ws/install/smarthome_vision/include/smarthome_vision/smarthome_vision/msg/detail/detected_target__type_support.cpp
[34.660s] -- Installing: /home/nvidia4/smarthome_2026/ws/install/smarthome_vision/lib/libsmarthome_vision__rosidl_typesupport_introspection_cpp.so
[34.661s] -- Set runtime path of "/home/nvidia4/smarthome_2026/ws/install/smarthome_vision/lib/libsmarthome_vision__rosidl_typesupport_introspection_cpp.so" to ""
[34.661s] -- Installing: /home/nvidia4/smarthome_2026/ws/install/smarthome_vision/lib/libsmarthome_vision__rosidl_typesupport_cpp.so
[34.661s] -- Set runtime path of "/home/nvidia4/smarthome_2026/ws/install/smarthome_vision/lib/libsmarthome_vision__rosidl_typesupport_cpp.so" to ""
[34.661s] -- Installing: /home/nvidia4/smarthome_2026/ws/install/smarthome_vision/share/smarthome_vision/environment/pythonpath.sh
[34.661s] -- Installing: /home/nvidia4/smarthome_2026/ws/install/smarthome_vision/share/smarthome_vision/environment/pythonpath.dsv
[34.662s] -- Installing: /home/nvidia4/smarthome_2026/ws/install/smarthome_vision/local/lib/python3.10/dist-packages/smarthome_vision-0.0.1-py3.10.egg-info
[34.662s] -- Installing: /home/nvidia4/smarthome_2026/ws/install/smarthome_vision/local/lib/python3.10/dist-packages/smarthome_vision-0.0.1-py3.10.egg-info/PKG-INFO
[34.662s] -- Installing: /home/nvidia4/smarthome_2026/ws/install/smarthome_vision/local/lib/python3.10/dist-packages/smarthome_vision-0.0.1-py3.10.egg-info/top_level.txt
[34.662s] -- Installing: /home/nvidia4/smarthome_2026/ws/install/smarthome_vision/local/lib/python3.10/dist-packages/smarthome_vision-0.0.1-py3.10.egg-info/SOURCES.txt
[34.662s] -- Installing: /home/nvidia4/smarthome_2026/ws/install/smarthome_vision/local/lib/python3.10/dist-packages/smarthome_vision-0.0.1-py3.10.egg-info/dependency_links.txt
[34.663s] -- Installing: /home/nvidia4/smarthome_2026/ws/install/smarthome_vision/local/lib/python3.10/dist-packages/smarthome_vision
[34.663s] -- Installing: /home/nvidia4/smarthome_2026/ws/install/smarthome_vision/local/lib/python3.10/dist-packages/smarthome_vision/smarthome_vision_s__rosidl_typesupport_c.cpython-310-aarch64-linux-gnu.so
[34.664s] -- Installing: /home/nvidia4/smarthome_2026/ws/install/smarthome_vision/local/lib/python3.10/dist-packages/smarthome_vision/smarthome_vision_s__rosidl_typesupport_introspection_c.cpython-310-aarch64-linux-gnu.so
[34.665s] -- Installing: /home/nvidia4/smarthome_2026/ws/install/smarthome_vision/local/lib/python3.10/dist-packages/smarthome_vision/msg
[34.665s] -- Installing: /home/nvidia4/smarthome_2026/ws/install/smarthome_vision/local/lib/python3.10/dist-packages/smarthome_vision/msg/_detected_target.py
[34.665s] -- Installing: /home/nvidia4/smarthome_2026/ws/install/smarthome_vision/local/lib/python3.10/dist-packages/smarthome_vision/msg/__init__.py
[34.665s] -- Installing: /home/nvidia4/smarthome_2026/ws/install/smarthome_vision/local/lib/python3.10/dist-packages/smarthome_vision/msg/_detected_target_s.c
[34.665s] -- Installing: /home/nvidia4/smarthome_2026/ws/install/smarthome_vision/local/lib/python3.10/dist-packages/smarthome_vision/smarthome_vision_s__rosidl_typesupport_fastrtps_c.cpython-310-aarch64-linux-gnu.so
[34.665s] -- Installing: /home/nvidia4/smarthome_2026/ws/install/smarthome_vision/local/lib/python3.10/dist-packages/smarthome_vision/_smarthome_vision_s.ep.rosidl_typesupport_c.c
[34.666s] -- Installing: /home/nvidia4/smarthome_2026/ws/install/smarthome_vision/local/lib/python3.10/dist-packages/smarthome_vision/libsmarthome_vision__rosidl_generator_py.so
[34.666s] -- Installing: /home/nvidia4/smarthome_2026/ws/install/smarthome_vision/local/lib/python3.10/dist-packages/smarthome_vision/_smarthome_vision_s.ep.rosidl_typesupport_fastrtps_c.c
[34.666s] -- Installing: /home/nvidia4/smarthome_2026/ws/install/smarthome_vision/local/lib/python3.10/dist-packages/smarthome_vision/__init__.py
[34.666s] -- Installing: /home/nvidia4/smarthome_2026/ws/install/smarthome_vision/local/lib/python3.10/dist-packages/smarthome_vision/_smarthome_vision_s.ep.rosidl_typesupport_introspection_c.c
[34.732s] Listing '/home/nvidia4/smarthome_2026/ws/install/smarthome_vision/local/lib/python3.10/dist-packages/smarthome_vision'...
[34.732s] Compiling '/home/nvidia4/smarthome_2026/ws/install/smarthome_vision/local/lib/python3.10/dist-packages/smarthome_vision/__init__.py'...
[34.732s] Listing '/home/nvidia4/smarthome_2026/ws/install/smarthome_vision/local/lib/python3.10/dist-packages/smarthome_vision/msg'...
[34.732s] Compiling '/home/nvidia4/smarthome_2026/ws/install/smarthome_vision/local/lib/python3.10/dist-packages/smarthome_vision/msg/__init__.py'...
[34.732s] Compiling '/home/nvidia4/smarthome_2026/ws/install/smarthome_vision/local/lib/python3.10/dist-packages/smarthome_vision/msg/_detected_target.py'...
[34.748s] -- Installing: /home/nvidia4/smarthome_2026/ws/install/smarthome_vision/local/lib/python3.10/dist-packages/smarthome_vision/smarthome_vision_s__rosidl_typesupport_fastrtps_c.cpython-310-aarch64-linux-gnu.so
[34.748s] -- Set runtime path of "/home/nvidia4/smarthome_2026/ws/install/smarthome_vision/local/lib/python3.10/dist-packages/smarthome_vision/smarthome_vision_s__rosidl_typesupport_fastrtps_c.cpython-310-aarch64-linux-gnu.so" to ""
[34.748s] -- Installing: /home/nvidia4/smarthome_2026/ws/install/smarthome_vision/local/lib/python3.10/dist-packages/smarthome_vision/smarthome_vision_s__rosidl_typesupport_introspection_c.cpython-310-aarch64-linux-gnu.so
[34.748s] -- Set runtime path of "/home/nvidia4/smarthome_2026/ws/install/smarthome_vision/local/lib/python3.10/dist-packages/smarthome_vision/smarthome_vision_s__rosidl_typesupport_introspection_c.cpython-310-aarch64-linux-gnu.so" to ""
[34.750s] -- Installing: /home/nvidia4/smarthome_2026/ws/install/smarthome_vision/local/lib/python3.10/dist-packages/smarthome_vision/smarthome_vision_s__rosidl_typesupport_c.cpython-310-aarch64-linux-gnu.so
[34.750s] -- Set runtime path of "/home/nvidia4/smarthome_2026/ws/install/smarthome_vision/local/lib/python3.10/dist-packages/smarthome_vision/smarthome_vision_s__rosidl_typesupport_c.cpython-310-aarch64-linux-gnu.so" to ""
[34.750s] -- Installing: /home/nvidia4/smarthome_2026/ws/install/smarthome_vision/lib/libsmarthome_vision__rosidl_generator_py.so
[34.751s] -- Set runtime path of "/home/nvidia4/smarthome_2026/ws/install/smarthome_vision/lib/libsmarthome_vision__rosidl_generator_py.so" to ""
[34.751s] -- Installing: /home/nvidia4/smarthome_2026/ws/install/smarthome_vision/share/ament_index/resource_index/rust_packages/smarthome_vision
[34.751s] -- Installing: /home/nvidia4/smarthome_2026/ws/install/smarthome_vision/share/smarthome_vision/rust
[34.751s] -- Installing: /home/nvidia4/smarthome_2026/ws/install/smarthome_vision/share/smarthome_vision/rust/build.rs
[34.751s] -- Installing: /home/nvidia4/smarthome_2026/ws/install/smarthome_vision/share/smarthome_vision/rust/src
[34.752s] -- Installing: /home/nvidia4/smarthome_2026/ws/install/smarthome_vision/share/smarthome_vision/rust/src/lib.rs
[34.752s] -- Installing: /home/nvidia4/smarthome_2026/ws/install/smarthome_vision/share/smarthome_vision/rust/src/msg
[34.752s] -- Installing: /home/nvidia4/smarthome_2026/ws/install/smarthome_vision/share/smarthome_vision/rust/src/msg/rmw.rs
[34.752s] -- Installing: /home/nvidia4/smarthome_2026/ws/install/smarthome_vision/share/smarthome_vision/rust/src/msg.rs
[34.752s] -- Installing: /home/nvidia4/smarthome_2026/ws/install/smarthome_vision/share/smarthome_vision/rust/Cargo.toml
[34.752s] -- Installing: /home/nvidia4/smarthome_2026/ws/install/smarthome_vision/share/smarthome_vision/msg/DetectedTarget.idl
[34.752s] -- Installing: /home/nvidia4/smarthome_2026/ws/install/smarthome_vision/share/smarthome_vision/msg/DetectedTarget.msg
[34.752s] -- Installing: /home/nvidia4/smarthome_2026/ws/install/smarthome_vision/lib/libsmarthome_vision_core.so
[34.754s] -- Set runtime path of "/home/nvidia4/smarthome_2026/ws/install/smarthome_vision/lib/libsmarthome_vision_core.so" to ""
[34.754s] -- Installing: /home/nvidia4/smarthome_2026/ws/install/smarthome_vision/lib/smarthome_vision/vision_node
[34.764s] -- Set runtime path of "/home/nvidia4/smarthome_2026/ws/install/smarthome_vision/lib/smarthome_vision/vision_node" to ""
[34.764s] -- Up-to-date: /home/nvidia4/smarthome_2026/ws/install/smarthome_vision/include/
[34.764s] -- Up-to-date: /home/nvidia4/smarthome_2026/ws/install/smarthome_vision/include//smarthome_vision
[34.765s] -- Installing: /home/nvidia4/smarthome_2026/ws/install/smarthome_vision/include//smarthome_vision/gimbal_bridge.hpp
[34.765s] -- Installing: /home/nvidia4/smarthome_2026/ws/install/smarthome_vision/include//smarthome_vision/detector.hpp
[34.766s] -- Installing: /home/nvidia4/smarthome_2026/ws/install/smarthome_vision/include//smarthome_vision/trt_detector.hpp
[34.766s] -- Installing: /home/nvidia4/smarthome_2026/ws/install/smarthome_vision/include//smarthome_vision/crc16.hpp
[34.767s] -- Installing: /home/nvidia4/smarthome_2026/ws/install/smarthome_vision/include//smarthome_vision/types.hpp
[34.767s] -- Installing: /home/nvidia4/smarthome_2026/ws/install/smarthome_vision/include//smarthome_vision/pose_solver.hpp
[34.768s] -- Installing: /home/nvidia4/smarthome_2026/ws/install/smarthome_vision/include//smarthome_vision/protocol.hpp
[34.769s] -- Installing: /home/nvidia4/smarthome_2026/ws/install/smarthome_vision/share/smarthome_vision/launch
[34.769s] -- Installing: /home/nvidia4/smarthome_2026/ws/install/smarthome_vision/share/smarthome_vision/launch/vision.launch.py
[34.770s] -- Installing: /home/nvidia4/smarthome_2026/ws/install/smarthome_vision/share/smarthome_vision/config
[34.771s] -- Installing: /home/nvidia4/smarthome_2026/ws/install/smarthome_vision/share/smarthome_vision/config/vision.yaml
[34.771s] -- Installing: /home/nvidia4/smarthome_2026/ws/install/smarthome_vision/share/ament_index/resource_index/package_run_dependencies/smarthome_vision
[34.772s] -- Installing: /home/nvidia4/smarthome_2026/ws/install/smarthome_vision/share/ament_index/resource_index/parent_prefix_path/smarthome_vision
[34.773s] -- Installing: /home/nvidia4/smarthome_2026/ws/install/smarthome_vision/share/smarthome_vision/environment/ament_prefix_path.sh
[34.773s] -- Installing: /home/nvidia4/smarthome_2026/ws/install/smarthome_vision/share/smarthome_vision/environment/ament_prefix_path.dsv
[34.773s] -- Installing: /home/nvidia4/smarthome_2026/ws/install/smarthome_vision/share/smarthome_vision/environment/path.sh
[34.774s] -- Installing: /home/nvidia4/smarthome_2026/ws/install/smarthome_vision/share/smarthome_vision/environment/path.dsv
[34.774s] -- Installing: /home/nvidia4/smarthome_2026/ws/install/smarthome_vision/share/smarthome_vision/local_setup.bash
[34.774s] -- Installing: /home/nvidia4/smarthome_2026/ws/install/smarthome_vision/share/smarthome_vision/local_setup.sh
[34.775s] -- Installing: /home/nvidia4/smarthome_2026/ws/install/smarthome_vision/share/smarthome_vision/local_setup.zsh
[34.775s] -- Installing: /home/nvidia4/smarthome_2026/ws/install/smarthome_vision/share/smarthome_vision/local_setup.dsv
[34.776s] -- Installing: /home/nvidia4/smarthome_2026/ws/install/smarthome_vision/share/smarthome_vision/package.dsv
[34.777s] -- Installing: /home/nvidia4/smarthome_2026/ws/install/smarthome_vision/share/ament_index/resource_index/packages/smarthome_vision
[34.777s] -- Installing: /home/nvidia4/smarthome_2026/ws/install/smarthome_vision/share/smarthome_vision/cmake/export_smarthome_vision__rosidl_generator_cExport.cmake
[34.778s] -- Installing: /home/nvidia4/smarthome_2026/ws/install/smarthome_vision/share/smarthome_vision/cmake/export_smarthome_vision__rosidl_generator_cExport-noconfig.cmake
[34.778s] -- Installing: /home/nvidia4/smarthome_2026/ws/install/smarthome_vision/share/smarthome_vision/cmake/export_smarthome_vision__rosidl_typesupport_fastrtps_cExport.cmake
[34.778s] -- Installing: /home/nvidia4/smarthome_2026/ws/install/smarthome_vision/share/smarthome_vision/cmake/export_smarthome_vision__rosidl_typesupport_fastrtps_cExport-noconfig.cmake
[34.778s] -- Installing: /home/nvidia4/smarthome_2026/ws/install/smarthome_vision/share/smarthome_vision/cmake/export_smarthome_vision__rosidl_generator_cppExport.cmake
[34.779s] -- Installing: /home/nvidia4/smarthome_2026/ws/install/smarthome_vision/share/smarthome_vision/cmake/export_smarthome_vision__rosidl_typesupport_fastrtps_cppExport.cmake
[34.779s] -- Installing: /home/nvidia4/smarthome_2026/ws/install/smarthome_vision/share/smarthome_vision/cmake/export_smarthome_vision__rosidl_typesupport_fastrtps_cppExport-noconfig.cmake
[34.780s] -- Installing: /home/nvidia4/smarthome_2026/ws/install/smarthome_vision/share/smarthome_vision/cmake/smarthome_vision__rosidl_typesupport_introspection_cExport.cmake
[34.781s] -- Installing: /home/nvidia4/smarthome_2026/ws/install/smarthome_vision/share/smarthome_vision/cmake/smarthome_vision__rosidl_typesupport_introspection_cExport-noconfig.cmake
[34.781s] -- Installing: /home/nvidia4/smarthome_2026/ws/install/smarthome_vision/share/smarthome_vision/cmake/smarthome_vision__rosidl_typesupport_cExport.cmake
[34.782s] -- Installing: /home/nvidia4/smarthome_2026/ws/install/smarthome_vision/share/smarthome_vision/cmake/smarthome_vision__rosidl_typesupport_cExport-noconfig.cmake
[34.783s] -- Installing: /home/nvidia4/smarthome_2026/ws/install/smarthome_vision/share/smarthome_vision/cmake/smarthome_vision__rosidl_typesupport_introspection_cppExport.cmake
[34.784s] -- Installing: /home/nvidia4/smarthome_2026/ws/install/smarthome_vision/share/smarthome_vision/cmake/smarthome_vision__rosidl_typesupport_introspection_cppExport-noconfig.cmake
[34.784s] -- Installing: /home/nvidia4/smarthome_2026/ws/install/smarthome_vision/share/smarthome_vision/cmake/smarthome_vision__rosidl_typesupport_cppExport.cmake
[34.785s] -- Installing: /home/nvidia4/smarthome_2026/ws/install/smarthome_vision/share/smarthome_vision/cmake/smarthome_vision__rosidl_typesupport_cppExport-noconfig.cmake
[34.786s] -- Installing: /home/nvidia4/smarthome_2026/ws/install/smarthome_vision/share/smarthome_vision/cmake/export_smarthome_vision__rosidl_generator_pyExport.cmake
[34.787s] -- Installing: /home/nvidia4/smarthome_2026/ws/install/smarthome_vision/share/smarthome_vision/cmake/export_smarthome_vision__rosidl_generator_pyExport-noconfig.cmake
[34.788s] -- Installing: /home/nvidia4/smarthome_2026/ws/install/smarthome_vision/share/smarthome_vision/cmake/rosidl_cmake-extras.cmake
[34.788s] -- Installing: /home/nvidia4/smarthome_2026/ws/install/smarthome_vision/share/smarthome_vision/cmake/ament_cmake_export_dependencies-extras.cmake
[34.789s] -- Installing: /home/nvidia4/smarthome_2026/ws/install/smarthome_vision/share/smarthome_vision/cmake/ament_cmake_export_include_directories-extras.cmake
[34.790s] -- Installing: /home/nvidia4/smarthome_2026/ws/install/smarthome_vision/share/smarthome_vision/cmake/ament_cmake_export_libraries-extras.cmake
[34.790s] -- Installing: /home/nvidia4/smarthome_2026/ws/install/smarthome_vision/share/smarthome_vision/cmake/ament_cmake_export_targets-extras.cmake
[34.790s] -- Installing: /home/nvidia4/smarthome_2026/ws/install/smarthome_vision/share/smarthome_vision/cmake/rosidl_cmake_export_typesupport_targets-extras.cmake
[34.790s] -- Installing: /home/nvidia4/smarthome_2026/ws/install/smarthome_vision/share/smarthome_vision/cmake/rosidl_cmake_export_typesupport_libraries-extras.cmake
[34.791s] -- Installing: /home/nvidia4/smarthome_2026/ws/install/smarthome_vision/share/smarthome_vision/cmake/smarthome_visionConfig.cmake
[34.791s] -- Installing: /home/nvidia4/smarthome_2026/ws/install/smarthome_vision/share/smarthome_vision/cmake/smarthome_visionConfig-version.cmake
[34.791s] -- Installing: /home/nvidia4/smarthome_2026/ws/install/smarthome_vision/share/smarthome_vision/package.xml
[34.802s] Invoked command in '/home/nvidia4/smarthome_2026/ws/build/smarthome_vision' returned '0': CMAKE_PREFIX_PATH=/opt/ros/humble /usr/bin/cmake --install /home/nvidia4/smarthome_2026/ws/build/smarthome_vision
