[0.026s] Invoking command in '/home/nvidia4/smarthome_2026/ws/build/smarthome_vision': CMAKE_PREFIX_PATH=${CMAKE_PREFIX_PATH}:/opt/ros/humble /usr/bin/cmake --build /home/nvidia4/smarthome_2026/ws/build/smarthome_vision -- -j8 -l8
[0.147s] [  2%] Built target smarthome_vision__rs
[0.161s] [  5%] Built target smarthome_vision__cpp
[0.187s] [ 12%] Built target smarthome_vision__rosidl_generator_c
[0.194s] [ 12%] Built target ament_cmake_python_copy_smarthome_vision
[0.226s] [ 27%] Built target smarthome_vision_core
[0.245s] [ 35%] Built target smarthome_vision__rosidl_typesupport_cpp
[0.265s] [ 42%] Built target smarthome_vision__rosidl_typesupport_introspection_cpp
[0.265s] [ 50%] Built target smarthome_vision__rosidl_typesupport_fastrtps_cpp
[0.270s] [ 57%] Built target smarthome_vision__rosidl_typesupport_fastrtps_c
[0.270s] [ 65%] Built target smarthome_vision__rosidl_typesupport_c
[0.285s] [ 72%] Built target smarthome_vision__rosidl_typesupport_introspection_c
[0.288s] [35m[1mConsolidate compiler generated dependencies of target vision_node[0m
[0.331s] [ 72%] Built target smarthome_vision
[0.352s] [ 77%] Built target vision_node
[0.386s] [ 80%] Built target smarthome_vision__py
[0.445s] [ 85%] Built target smarthome_vision__rosidl_generator_py
[0.491s] [ 90%] Built target smarthome_vision__rosidl_typesupport_fastrtps_c__pyext
[0.494s] [100%] Built target smarthome_vision__rosidl_typesupport_introspection_c__pyext
[0.494s] [100%] Built target smarthome_vision__rosidl_typesupport_c__pyext
[0.784s] running egg_info
[0.785s] writing smarthome_vision.egg-info/PKG-INFO
[0.786s] writing dependency_links to smarthome_vision.egg-info/dependency_links.txt
[0.786s] writing top-level names to smarthome_vision.egg-info/top_level.txt
[0.791s] reading manifest file 'smarthome_vision.egg-info/SOURCES.txt'
[0.792s] writing manifest file 'smarthome_vision.egg-info/SOURCES.txt'
[0.895s] [100%] Built target ament_cmake_python_build_smarthome_vision_egg
[0.929s] Invoked command in '/home/nvidia4/smarthome_2026/ws/build/smarthome_vision' returned '0': CMAKE_PREFIX_PATH=${CMAKE_PREFIX_PATH}:/opt/ros/humble /usr/bin/cmake --build /home/nvidia4/smarthome_2026/ws/build/smarthome_vision -- -j8 -l8
[0.950s] Invoking command in '/home/nvidia4/smarthome_2026/ws/build/smarthome_vision': CMAKE_PREFIX_PATH=${CMAKE_PREFIX_PATH}:/opt/ros/humble /usr/bin/cmake --install /home/nvidia4/smarthome_2026/ws/build/smarthome_vision
[0.969s] -- Install configuration: ""
[0.980s] -- Up-to-date: /home/nvidia4/smarthome_2026/ws/install/smarthome_vision/share/ament_index/resource_index/rosidl_interfaces/smarthome_vision
[0.980s] -- Up-to-date: /home/nvidia4/smarthome_2026/ws/install/smarthome_vision/include/smarthome_vision/smarthome_vision
[0.980s] -- Up-to-date: /home/nvidia4/smarthome_2026/ws/install/smarthome_vision/include/smarthome_vision/smarthome_vision/msg
[0.980s] -- Up-to-date: /home/nvidia4/smarthome_2026/ws/install/smarthome_vision/include/smarthome_vision/smarthome_vision/msg/rosidl_generator_c__visibility_control.h
[0.980s] -- Up-to-date: /home/nvidia4/smarthome_2026/ws/install/smarthome_vision/include/smarthome_vision/smarthome_vision/msg/detail
[0.981s] -- Up-to-date: /home/nvidia4/smarthome_2026/ws/install/smarthome_vision/include/smarthome_vision/smarthome_vision/msg/detail/detected_target__struct.h
[0.981s] -- Up-to-date: /home/nvidia4/smarthome_2026/ws/install/smarthome_vision/include/smarthome_vision/smarthome_vision/msg/detail/detected_target__type_support.h
[0.981s] -- Up-to-date: /home/nvidia4/smarthome_2026/ws/install/smarthome_vision/include/smarthome_vision/smarthome_vision/msg/detail/detected_target__functions.h
[0.981s] -- Up-to-date: /home/nvidia4/smarthome_2026/ws/install/smarthome_vision/include/smarthome_vision/smarthome_vision/msg/detail/detected_target__functions.c
[0.981s] -- Up-to-date: /home/nvidia4/smarthome_2026/ws/install/smarthome_vision/include/smarthome_vision/smarthome_vision/msg/detected_target.h
[0.981s] -- Up-to-date: /home/nvidia4/smarthome_2026/ws/install/smarthome_vision/share/smarthome_vision/environment/library_path.sh
[0.981s] -- Up-to-date: /home/nvidia4/smarthome_2026/ws/install/smarthome_vision/share/smarthome_vision/environment/library_path.dsv
[0.981s] -- Up-to-date: /home/nvidia4/smarthome_2026/ws/install/smarthome_vision/lib/libsmarthome_vision__rosidl_generator_c.so
[0.981s] -- Up-to-date: /home/nvidia4/smarthome_2026/ws/install/smarthome_vision/include/smarthome_vision/smarthome_vision
[0.982s] -- Up-to-date: /home/nvidia4/smarthome_2026/ws/install/smarthome_vision/include/smarthome_vision/smarthome_vision/msg
[0.982s] -- Up-to-date: /home/nvidia4/smarthome_2026/ws/install/smarthome_vision/include/smarthome_vision/smarthome_vision/msg/detail
[0.982s] -- Up-to-date: /home/nvidia4/smarthome_2026/ws/install/smarthome_vision/include/smarthome_vision/smarthome_vision/msg/detail/detected_target__rosidl_typesupport_fastrtps_c.h
[0.982s] -- Up-to-date: /home/nvidia4/smarthome_2026/ws/install/smarthome_vision/include/smarthome_vision/smarthome_vision/msg/rosidl_typesupport_fastrtps_c__visibility_control.h
[0.982s] -- Up-to-date: /home/nvidia4/smarthome_2026/ws/install/smarthome_vision/lib/libsmarthome_vision__rosidl_typesupport_fastrtps_c.so
[0.982s] -- Up-to-date: /home/nvidia4/smarthome_2026/ws/install/smarthome_vision/include/smarthome_vision/smarthome_vision
[0.982s] -- Up-to-date: /home/nvidia4/smarthome_2026/ws/install/smarthome_vision/include/smarthome_vision/smarthome_vision/msg
[0.982s] -- Up-to-date: /home/nvidia4/smarthome_2026/ws/install/smarthome_vision/include/smarthome_vision/smarthome_vision/msg/detail
[0.982s] -- Up-to-date: /home/nvidia4/smarthome_2026/ws/install/smarthome_vision/include/smarthome_vision/smarthome_vision/msg/detail/detected_target__struct.hpp
[0.983s] -- Up-to-date: /home/nvidia4/smarthome_2026/ws/install/smarthome_vision/include/smarthome_vision/smarthome_vision/msg/detail/detected_target__type_support.hpp
[0.983s] -- Up-to-date: /home/nvidia4/smarthome_2026/ws/install/smarthome_vision/include/smarthome_vision/smarthome_vision/msg/detail/detected_target__traits.hpp
[0.983s] -- Up-to-date: /home/nvidia4/smarthome_2026/ws/install/smarthome_vision/include/smarthome_vision/smarthome_vision/msg/detail/detected_target__builder.hpp
[0.983s] -- Up-to-date: /home/nvidia4/smarthome_2026/ws/install/smarthome_vision/include/smarthome_vision/smarthome_vision/msg/detected_target.hpp
[0.983s] -- Up-to-date: /home/nvidia4/smarthome_2026/ws/install/smarthome_vision/include/smarthome_vision/smarthome_vision/msg/rosidl_generator_cpp__visibility_control.hpp
[0.983s] -- Up-to-date: /home/nvidia4/smarthome_2026/ws/install/smarthome_vision/include/smarthome_vision/smarthome_vision
[0.984s] -- Up-to-date: /home/nvidia4/smarthome_2026/ws/install/smarthome_vision/include/smarthome_vision/smarthome_vision/msg
[0.984s] -- Up-to-date: /home/nvidia4/smarthome_2026/ws/install/smarthome_vision/include/smarthome_vision/smarthome_vision/msg/detail
[0.984s] -- Up-to-date: /home/nvidia4/smarthome_2026/ws/install/smarthome_vision/include/smarthome_vision/smarthome_vision/msg/detail/detected_target__rosidl_typesupport_fastrtps_cpp.hpp
[0.984s] -- Up-to-date: /home/nvidia4/smarthome_2026/ws/install/smarthome_vision/include/smarthome_vision/smarthome_vision/msg/detail/dds_fastrtps
[0.984s] -- Up-to-date: /home/nvidia4/smarthome_2026/ws/install/smarthome_vision/include/smarthome_vision/smarthome_vision/msg/rosidl_typesupport_fastrtps_cpp__visibility_control.h
[0.984s] -- Up-to-date: /home/nvidia4/smarthome_2026/ws/install/smarthome_vision/lib/libsmarthome_vision__rosidl_typesupport_fastrtps_cpp.so
[0.984s] -- Up-to-date: /home/nvidia4/smarthome_2026/ws/install/smarthome_vision/include/smarthome_vision/smarthome_vision
[0.985s] -- Up-to-date: /home/nvidia4/smarthome_2026/ws/install/smarthome_vision/include/smarthome_vision/smarthome_vision/msg
[0.985s] -- Up-to-date: /home/nvidia4/smarthome_2026/ws/install/smarthome_vision/include/smarthome_vision/smarthome_vision/msg/detail
[0.985s] -- Up-to-date: /home/nvidia4/smarthome_2026/ws/install/smarthome_vision/include/smarthome_vision/smarthome_vision/msg/detail/detected_target__rosidl_typesupport_introspection_c.h
[0.985s] -- Up-to-date: /home/nvidia4/smarthome_2026/ws/install/smarthome_vision/include/smarthome_vision/smarthome_vision/msg/detail/detected_target__type_support.c
[0.985s] -- Up-to-date: /home/nvidia4/smarthome_2026/ws/install/smarthome_vision/include/smarthome_vision/smarthome_vision/msg/rosidl_typesupport_introspection_c__visibility_control.h
[0.985s] -- Up-to-date: /home/nvidia4/smarthome_2026/ws/install/smarthome_vision/lib/libsmarthome_vision__rosidl_typesupport_introspection_c.so
[0.985s] -- Up-to-date: /home/nvidia4/smarthome_2026/ws/install/smarthome_vision/lib/libsmarthome_vision__rosidl_typesupport_c.so
[0.985s] -- Up-to-date: /home/nvidia4/smarthome_2026/ws/install/smarthome_vision/include/smarthome_vision/smarthome_vision
[0.986s] -- Up-to-date: /home/nvidia4/smarthome_2026/ws/install/smarthome_vision/include/smarthome_vision/smarthome_vision/msg
[0.986s] -- Up-to-date: /home/nvidia4/smarthome_2026/ws/install/smarthome_vision/include/smarthome_vision/smarthome_vision/msg/detail
[0.986s] -- Up-to-date: /home/nvidia4/smarthome_2026/ws/install/smarthome_vision/include/smarthome_vision/smarthome_vision/msg/detail/detected_target__rosidl_typesupport_introspection_cpp.hpp
[0.986s] -- Up-to-date: /home/nvidia4/smarthome_2026/ws/install/smarthome_vision/include/smarthome_vision/smarthome_vision/msg/detail/detected_target__type_support.cpp
[0.986s] -- Up-to-date: /home/nvidia4/smarthome_2026/ws/install/smarthome_vision/lib/libsmarthome_vision__rosidl_typesupport_introspection_cpp.so
[0.986s] -- Up-to-date: /home/nvidia4/smarthome_2026/ws/install/smarthome_vision/lib/libsmarthome_vision__rosidl_typesupport_cpp.so
[0.986s] -- Up-to-date: /home/nvidia4/smarthome_2026/ws/install/smarthome_vision/share/smarthome_vision/environment/pythonpath.sh
[0.986s] -- Up-to-date: /home/nvidia4/smarthome_2026/ws/install/smarthome_vision/share/smarthome_vision/environment/pythonpath.dsv
[0.986s] -- Up-to-date: /home/nvidia4/smarthome_2026/ws/install/smarthome_vision/local/lib/python3.10/dist-packages/smarthome_vision-0.0.1-py3.10.egg-info
[0.987s] -- Installing: /home/nvidia4/smarthome_2026/ws/install/smarthome_vision/local/lib/python3.10/dist-packages/smarthome_vision-0.0.1-py3.10.egg-info/PKG-INFO
[0.987s] -- Installing: /home/nvidia4/smarthome_2026/ws/install/smarthome_vision/local/lib/python3.10/dist-packages/smarthome_vision-0.0.1-py3.10.egg-info/top_level.txt
[0.987s] -- Installing: /home/nvidia4/smarthome_2026/ws/install/smarthome_vision/local/lib/python3.10/dist-packages/smarthome_vision-0.0.1-py3.10.egg-info/SOURCES.txt
[0.987s] -- Installing: /home/nvidia4/smarthome_2026/ws/install/smarthome_vision/local/lib/python3.10/dist-packages/smarthome_vision-0.0.1-py3.10.egg-info/dependency_links.txt
[0.987s] -- Up-to-date: /home/nvidia4/smarthome_2026/ws/install/smarthome_vision/local/lib/python3.10/dist-packages/smarthome_vision
[0.987s] -- Up-to-date: /home/nvidia4/smarthome_2026/ws/install/smarthome_vision/local/lib/python3.10/dist-packages/smarthome_vision/smarthome_vision_s__rosidl_typesupport_c.cpython-310-aarch64-linux-gnu.so
[0.987s] -- Up-to-date: /home/nvidia4/smarthome_2026/ws/install/smarthome_vision/local/lib/python3.10/dist-packages/smarthome_vision/smarthome_vision_s__rosidl_typesupport_introspection_c.cpython-310-aarch64-linux-gnu.so
[0.987s] -- Up-to-date: /home/nvidia4/smarthome_2026/ws/install/smarthome_vision/local/lib/python3.10/dist-packages/smarthome_vision/msg
[0.987s] -- Up-to-date: /home/nvidia4/smarthome_2026/ws/install/smarthome_vision/local/lib/python3.10/dist-packages/smarthome_vision/msg/_detected_target.py
[0.987s] -- Up-to-date: /home/nvidia4/smarthome_2026/ws/install/smarthome_vision/local/lib/python3.10/dist-packages/smarthome_vision/msg/__init__.py
[0.987s] -- Up-to-date: /home/nvidia4/smarthome_2026/ws/install/smarthome_vision/local/lib/python3.10/dist-packages/smarthome_vision/msg/_detected_target_s.c
[0.988s] -- Up-to-date: /home/nvidia4/smarthome_2026/ws/install/smarthome_vision/local/lib/python3.10/dist-packages/smarthome_vision/smarthome_vision_s__rosidl_typesupport_fastrtps_c.cpython-310-aarch64-linux-gnu.so
[0.988s] -- Up-to-date: /home/nvidia4/smarthome_2026/ws/install/smarthome_vision/local/lib/python3.10/dist-packages/smarthome_vision/_smarthome_vision_s.ep.rosidl_typesupport_c.c
[0.988s] -- Up-to-date: /home/nvidia4/smarthome_2026/ws/install/smarthome_vision/local/lib/python3.10/dist-packages/smarthome_vision/libsmarthome_vision__rosidl_generator_py.so
[0.988s] -- Up-to-date: /home/nvidia4/smarthome_2026/ws/install/smarthome_vision/local/lib/python3.10/dist-packages/smarthome_vision/_smarthome_vision_s.ep.rosidl_typesupport_fastrtps_c.c
[0.988s] -- Up-to-date: /home/nvidia4/smarthome_2026/ws/install/smarthome_vision/local/lib/python3.10/dist-packages/smarthome_vision/__init__.py
[0.988s] -- Up-to-date: /home/nvidia4/smarthome_2026/ws/install/smarthome_vision/local/lib/python3.10/dist-packages/smarthome_vision/_smarthome_vision_s.ep.rosidl_typesupport_introspection_c.c
[1.063s] Listing '/home/nvidia4/smarthome_2026/ws/install/smarthome_vision/local/lib/python3.10/dist-packages/smarthome_vision'...
[1.063s] Listing '/home/nvidia4/smarthome_2026/ws/install/smarthome_vision/local/lib/python3.10/dist-packages/smarthome_vision/msg'...
[1.088s] -- Up-to-date: /home/nvidia4/smarthome_2026/ws/install/smarthome_vision/local/lib/python3.10/dist-packages/smarthome_vision/smarthome_vision_s__rosidl_typesupport_fastrtps_c.cpython-310-aarch64-linux-gnu.so
[1.089s] -- Up-to-date: /home/nvidia4/smarthome_2026/ws/install/smarthome_vision/local/lib/python3.10/dist-packages/smarthome_vision/smarthome_vision_s__rosidl_typesupport_introspection_c.cpython-310-aarch64-linux-gnu.so
[1.089s] -- Up-to-date: /home/nvidia4/smarthome_2026/ws/install/smarthome_vision/local/lib/python3.10/dist-packages/smarthome_vision/smarthome_vision_s__rosidl_typesupport_c.cpython-310-aarch64-linux-gnu.so
[1.089s] -- Up-to-date: /home/nvidia4/smarthome_2026/ws/install/smarthome_vision/lib/libsmarthome_vision__rosidl_generator_py.so
[1.089s] -- Up-to-date: /home/nvidia4/smarthome_2026/ws/install/smarthome_vision/share/ament_index/resource_index/rust_packages/smarthome_vision
[1.090s] -- Up-to-date: /home/nvidia4/smarthome_2026/ws/install/smarthome_vision/share/smarthome_vision/rust
[1.090s] -- Up-to-date: /home/nvidia4/smarthome_2026/ws/install/smarthome_vision/share/smarthome_vision/rust/build.rs
[1.090s] -- Up-to-date: /home/nvidia4/smarthome_2026/ws/install/smarthome_vision/share/smarthome_vision/rust/src
[1.090s] -- Up-to-date: /home/nvidia4/smarthome_2026/ws/install/smarthome_vision/share/smarthome_vision/rust/src/lib.rs
[1.090s] -- Up-to-date: /home/nvidia4/smarthome_2026/ws/install/smarthome_vision/share/smarthome_vision/rust/src/msg
[1.090s] -- Up-to-date: /home/nvidia4/smarthome_2026/ws/install/smarthome_vision/share/smarthome_vision/rust/src/msg/rmw.rs
[1.091s] -- Up-to-date: /home/nvidia4/smarthome_2026/ws/install/smarthome_vision/share/smarthome_vision/rust/src/msg.rs
[1.091s] -- Up-to-date: /home/nvidia4/smarthome_2026/ws/install/smarthome_vision/share/smarthome_vision/rust/Cargo.toml
[1.091s] -- Up-to-date: /home/nvidia4/smarthome_2026/ws/install/smarthome_vision/share/smarthome_vision/msg/DetectedTarget.idl
[1.092s] -- Up-to-date: /home/nvidia4/smarthome_2026/ws/install/smarthome_vision/share/smarthome_vision/msg/DetectedTarget.msg
[1.092s] -- Up-to-date: /home/nvidia4/smarthome_2026/ws/install/smarthome_vision/lib/libsmarthome_vision_core.so
[1.092s] -- Up-to-date: /home/nvidia4/smarthome_2026/ws/install/smarthome_vision/lib/smarthome_vision/vision_node
[1.092s] -- Up-to-date: /home/nvidia4/smarthome_2026/ws/install/smarthome_vision/include/
[1.092s] -- Up-to-date: /home/nvidia4/smarthome_2026/ws/install/smarthome_vision/include//smarthome_vision
[1.092s] -- Up-to-date: /home/nvidia4/smarthome_2026/ws/install/smarthome_vision/include//smarthome_vision/gimbal_bridge.hpp
[1.093s] -- Up-to-date: /home/nvidia4/smarthome_2026/ws/install/smarthome_vision/include//smarthome_vision/detector.hpp
[1.093s] -- Up-to-date: /home/nvidia4/smarthome_2026/ws/install/smarthome_vision/include//smarthome_vision/trt_detector.hpp
[1.093s] -- Up-to-date: /home/nvidia4/smarthome_2026/ws/install/smarthome_vision/include//smarthome_vision/crc16.hpp
[1.094s] -- Up-to-date: /home/nvidia4/smarthome_2026/ws/install/smarthome_vision/include//smarthome_vision/types.hpp
[1.094s] -- Up-to-date: /home/nvidia4/smarthome_2026/ws/install/smarthome_vision/include//smarthome_vision/pose_solver.hpp
[1.095s] -- Up-to-date: /home/nvidia4/smarthome_2026/ws/install/smarthome_vision/include//smarthome_vision/protocol.hpp
[1.095s] -- Up-to-date: /home/nvidia4/smarthome_2026/ws/install/smarthome_vision/share/smarthome_vision/launch
[1.095s] -- Up-to-date: /home/nvidia4/smarthome_2026/ws/install/smarthome_vision/share/smarthome_vision/launch/vision.launch.py
[1.095s] -- Up-to-date: /home/nvidia4/smarthome_2026/ws/install/smarthome_vision/share/smarthome_vision/config
[1.096s] -- Up-to-date: /home/nvidia4/smarthome_2026/ws/install/smarthome_vision/share/smarthome_vision/config/vision.yaml
[1.096s] -- Up-to-date: /home/nvidia4/smarthome_2026/ws/install/smarthome_vision/share/ament_index/resource_index/package_run_dependencies/smarthome_vision
[1.096s] -- Up-to-date: /home/nvidia4/smarthome_2026/ws/install/smarthome_vision/share/ament_index/resource_index/parent_prefix_path/smarthome_vision
[1.096s] -- Up-to-date: /home/nvidia4/smarthome_2026/ws/install/smarthome_vision/share/smarthome_vision/environment/ament_prefix_path.sh
[1.096s] -- Up-to-date: /home/nvidia4/smarthome_2026/ws/install/smarthome_vision/share/smarthome_vision/environment/ament_prefix_path.dsv
[1.097s] -- Up-to-date: /home/nvidia4/smarthome_2026/ws/install/smarthome_vision/share/smarthome_vision/environment/path.sh
[1.097s] -- Up-to-date: /home/nvidia4/smarthome_2026/ws/install/smarthome_vision/share/smarthome_vision/environment/path.dsv
[1.097s] -- Up-to-date: /home/nvidia4/smarthome_2026/ws/install/smarthome_vision/share/smarthome_vision/local_setup.bash
[1.097s] -- Up-to-date: /home/nvidia4/smarthome_2026/ws/install/smarthome_vision/share/smarthome_vision/local_setup.sh
[1.097s] -- Up-to-date: /home/nvidia4/smarthome_2026/ws/install/smarthome_vision/share/smarthome_vision/local_setup.zsh
[1.097s] -- Up-to-date: /home/nvidia4/smarthome_2026/ws/install/smarthome_vision/share/smarthome_vision/local_setup.dsv
[1.098s] -- Installing: /home/nvidia4/smarthome_2026/ws/install/smarthome_vision/share/smarthome_vision/package.dsv
[1.098s] -- Up-to-date: /home/nvidia4/smarthome_2026/ws/install/smarthome_vision/share/ament_index/resource_index/packages/smarthome_vision
[1.098s] -- Up-to-date: /home/nvidia4/smarthome_2026/ws/install/smarthome_vision/share/smarthome_vision/cmake/export_smarthome_vision__rosidl_generator_cExport.cmake
[1.098s] -- Up-to-date: /home/nvidia4/smarthome_2026/ws/install/smarthome_vision/share/smarthome_vision/cmake/export_smarthome_vision__rosidl_generator_cExport-noconfig.cmake
[1.098s] -- Up-to-date: /home/nvidia4/smarthome_2026/ws/install/smarthome_vision/share/smarthome_vision/cmake/export_smarthome_vision__rosidl_typesupport_fastrtps_cExport.cmake
[1.098s] -- Up-to-date: /home/nvidia4/smarthome_2026/ws/install/smarthome_vision/share/smarthome_vision/cmake/export_smarthome_vision__rosidl_typesupport_fastrtps_cExport-noconfig.cmake
[1.098s] -- Up-to-date: /home/nvidia4/smarthome_2026/ws/install/smarthome_vision/share/smarthome_vision/cmake/export_smarthome_vision__rosidl_generator_cppExport.cmake
[1.098s] -- Up-to-date: /home/nvidia4/smarthome_2026/ws/install/smarthome_vision/share/smarthome_vision/cmake/export_smarthome_vision__rosidl_typesupport_fastrtps_cppExport.cmake
[1.099s] -- Up-to-date: /home/nvidia4/smarthome_2026/ws/install/smarthome_vision/share/smarthome_vision/cmake/export_smarthome_vision__rosidl_typesupport_fastrtps_cppExport-noconfig.cmake
[1.099s] -- Up-to-date: /home/nvidia4/smarthome_2026/ws/install/smarthome_vision/share/smarthome_vision/cmake/smarthome_vision__rosidl_typesupport_introspection_cExport.cmake
[1.101s] -- Up-to-date: /home/nvidia4/smarthome_2026/ws/install/smarthome_vision/share/smarthome_vision/cmake/smarthome_vision__rosidl_typesupport_introspection_cExport-noconfig.cmake
[1.114s] -- Up-to-date: /home/nvidia4/smarthome_2026/ws/install/smarthome_vision/share/smarthome_vision/cmake/smarthome_vision__rosidl_typesupport_cExport.cmake
[1.115s] -- Up-to-date: /home/nvidia4/smarthome_2026/ws/install/smarthome_vision/share/smarthome_vision/cmake/smarthome_vision__rosidl_typesupport_cExport-noconfig.cmake
[1.115s] -- Up-to-date: /home/nvidia4/smarthome_2026/ws/install/smarthome_vision/share/smarthome_vision/cmake/smarthome_vision__rosidl_typesupport_introspection_cppExport.cmake
[1.115s] -- Up-to-date: /home/nvidia4/smarthome_2026/ws/install/smarthome_vision/share/smarthome_vision/cmake/smarthome_vision__rosidl_typesupport_introspection_cppExport-noconfig.cmake
[1.121s] -- Up-to-date: /home/nvidia4/smarthome_2026/ws/install/smarthome_vision/share/smarthome_vision/cmake/smarthome_vision__rosidl_typesupport_cppExport.cmake
[1.124s] -- Up-to-date: /home/nvidia4/smarthome_2026/ws/install/smarthome_vision/share/smarthome_vision/cmake/smarthome_vision__rosidl_typesupport_cppExport-noconfig.cmake
[1.124s] -- Up-to-date: /home/nvidia4/smarthome_2026/ws/install/smarthome_vision/share/smarthome_vision/cmake/export_smarthome_vision__rosidl_generator_pyExport.cmake
[1.124s] -- Up-to-date: /home/nvidia4/smarthome_2026/ws/install/smarthome_vision/share/smarthome_vision/cmake/export_smarthome_vision__rosidl_generator_pyExport-noconfig.cmake
[1.125s] -- Up-to-date: /home/nvidia4/smarthome_2026/ws/install/smarthome_vision/share/smarthome_vision/cmake/rosidl_cmake-extras.cmake
[1.125s] -- Up-to-date: /home/nvidia4/smarthome_2026/ws/install/smarthome_vision/share/smarthome_vision/cmake/ament_cmake_export_dependencies-extras.cmake
[1.125s] -- Up-to-date: /home/nvidia4/smarthome_2026/ws/install/smarthome_vision/share/smarthome_vision/cmake/ament_cmake_export_include_directories-extras.cmake
[1.125s] -- Up-to-date: /home/nvidia4/smarthome_2026/ws/install/smarthome_vision/share/smarthome_vision/cmake/ament_cmake_export_libraries-extras.cmake
[1.125s] -- Up-to-date: /home/nvidia4/smarthome_2026/ws/install/smarthome_vision/share/smarthome_vision/cmake/ament_cmake_export_targets-extras.cmake
[1.125s] -- Up-to-date: /home/nvidia4/smarthome_2026/ws/install/smarthome_vision/share/smarthome_vision/cmake/rosidl_cmake_export_typesupport_targets-extras.cmake
[1.125s] -- Up-to-date: /home/nvidia4/smarthome_2026/ws/install/smarthome_vision/share/smarthome_vision/cmake/rosidl_cmake_export_typesupport_libraries-extras.cmake
[1.125s] -- Up-to-date: /home/nvidia4/smarthome_2026/ws/install/smarthome_vision/share/smarthome_vision/cmake/smarthome_visionConfig.cmake
[1.126s] -- Up-to-date: /home/nvidia4/smarthome_2026/ws/install/smarthome_vision/share/smarthome_vision/cmake/smarthome_visionConfig-version.cmake
[1.126s] -- Up-to-date: /home/nvidia4/smarthome_2026/ws/install/smarthome_vision/share/smarthome_vision/package.xml
[1.126s] Invoked command in '/home/nvidia4/smarthome_2026/ws/build/smarthome_vision' returned '0': CMAKE_PREFIX_PATH=${CMAKE_PREFIX_PATH}:/opt/ros/humble /usr/bin/cmake --install /home/nvidia4/smarthome_2026/ws/build/smarthome_vision
