[0.274s] DEBUG:colcon:Command line arguments: ['/usr/bin/colcon', 'build', '--symlink-install']
[0.275s] DEBUG:colcon:Parsed command line arguments: Namespace(log_base=None, log_level=None, verb_name='build', build_base='build', install_base='install', merge_install=False, symlink_install=True, test_result_base=None, continue_on_error=False, executor='parallel', parallel_workers=8, event_handlers=None, ignore_user_meta=False, metas=['./colcon.meta'], base_paths=['.'], packages_ignore=None, packages_ignore_regex=None, paths=None, packages_up_to=None, packages_up_to_regex=None, packages_above=None, packages_above_and_dependencies=None, packages_above_depth=None, packages_select_by_dep=None, packages_skip_by_dep=None, packages_skip_up_to=None, packages_select_build_failed=False, packages_skip_build_finished=False, packages_select_test_failures=False, packages_skip_test_passed=False, packages_select=None, packages_skip=None, packages_select_regex=None, packages_skip_regex=None, packages_start=None, packages_end=None, allow_overriding=[], cmake_args=None, cmake_target=None, cmake_target_skip_unavailable=False, cmake_clean_cache=False, cmake_clean_first=False, cmake_force_configure=False, ament_cmake_args=None, catkin_cmake_args=None, catkin_skip_building_tests=False, verb_parser=<colcon_defaults.argument_parser.defaults.DefaultArgumentsDecorator object at 0xffffbabc57b0>, verb_extension=<colcon_core.verb.build.BuildVerb object at 0xffffbabc5360>, main=<bound method BuildVerb.main of <colcon_core.verb.build.BuildVerb object at 0xffffbabc5360>>)
[0.724s] Level 1:colcon.colcon_core.package_discovery:discover_packages(colcon_meta) check parameters
[0.724s] Level 1:colcon.colcon_core.package_discovery:discover_packages(recursive) check parameters
[0.725s] Level 1:colcon.colcon_core.package_discovery:discover_packages(ignore) check parameters
[0.725s] Level 1:colcon.colcon_core.package_discovery:discover_packages(path) check parameters
[0.725s] Level 1:colcon.colcon_core.package_discovery:discover_packages(colcon_meta) discover
[0.725s] Level 1:colcon.colcon_core.package_discovery:discover_packages(recursive) discover
[0.725s] INFO:colcon.colcon_core.package_discovery:Crawling recursively for packages in '/home/nvidia4/smarthome_2026/ws'
[0.726s] Level 1:colcon.colcon_core.package_identification:_identify(.) by extensions ['ignore', 'ignore_ament_install']
[0.726s] Level 1:colcon.colcon_core.package_identification:_identify(.) by extension 'ignore'
[0.726s] Level 1:colcon.colcon_core.package_identification:_identify(.) by extension 'ignore_ament_install'
[0.726s] Level 1:colcon.colcon_core.package_identification:_identify(.) by extensions ['colcon_pkg']
[0.726s] Level 1:colcon.colcon_core.package_identification:_identify(.) by extension 'colcon_pkg'
[0.726s] Level 1:colcon.colcon_core.package_identification:_identify(.) by extensions ['colcon_meta']
[0.726s] Level 1:colcon.colcon_core.package_identification:_identify(.) by extension 'colcon_meta'
[0.726s] Level 1:colcon.colcon_core.package_identification:_identify(.) by extensions ['ros']
[0.726s] Level 1:colcon.colcon_core.package_identification:_identify(.) by extension 'ros'
[0.754s] Level 1:colcon.colcon_core.package_identification:_identify(.) by extensions ['cmake', 'python']
[0.754s] Level 1:colcon.colcon_core.package_identification:_identify(.) by extension 'cmake'
[0.754s] Level 1:colcon.colcon_core.package_identification:_identify(.) by extension 'python'
[0.754s] Level 1:colcon.colcon_core.package_identification:_identify(.) by extensions ['python_setup_py']
[0.754s] Level 1:colcon.colcon_core.package_identification:_identify(.) by extension 'python_setup_py'
[0.755s] Level 1:colcon.colcon_core.package_identification:_identify(build) by extensions ['ignore', 'ignore_ament_install']
[0.755s] Level 1:colcon.colcon_core.package_identification:_identify(build) by extension 'ignore'
[0.755s] Level 1:colcon.colcon_core.package_identification:_identify(build) ignored
[0.755s] Level 1:colcon.colcon_core.package_identification:_identify(install) by extensions ['ignore', 'ignore_ament_install']
[0.755s] Level 1:colcon.colcon_core.package_identification:_identify(install) by extension 'ignore'
[0.755s] Level 1:colcon.colcon_core.package_identification:_identify(install) ignored
[0.756s] Level 1:colcon.colcon_core.package_identification:_identify(log) by extensions ['ignore', 'ignore_ament_install']
[0.756s] Level 1:colcon.colcon_core.package_identification:_identify(log) by extension 'ignore'
[0.756s] Level 1:colcon.colcon_core.package_identification:_identify(log) ignored
[0.756s] Level 1:colcon.colcon_core.package_identification:_identify(src) by extensions ['ignore', 'ignore_ament_install']
[0.756s] Level 1:colcon.colcon_core.package_identification:_identify(src) by extension 'ignore'
[0.756s] Level 1:colcon.colcon_core.package_identification:_identify(src) by extension 'ignore_ament_install'
[0.756s] Level 1:colcon.colcon_core.package_identification:_identify(src) by extensions ['colcon_pkg']
[0.756s] Level 1:colcon.colcon_core.package_identification:_identify(src) by extension 'colcon_pkg'
[0.757s] Level 1:colcon.colcon_core.package_identification:_identify(src) by extensions ['colcon_meta']
[0.757s] Level 1:colcon.colcon_core.package_identification:_identify(src) by extension 'colcon_meta'
[0.757s] Level 1:colcon.colcon_core.package_identification:_identify(src) by extensions ['ros']
[0.757s] Level 1:colcon.colcon_core.package_identification:_identify(src) by extension 'ros'
[0.757s] Level 1:colcon.colcon_core.package_identification:_identify(src) by extensions ['cmake', 'python']
[0.757s] Level 1:colcon.colcon_core.package_identification:_identify(src) by extension 'cmake'
[0.757s] Level 1:colcon.colcon_core.package_identification:_identify(src) by extension 'python'
[0.757s] Level 1:colcon.colcon_core.package_identification:_identify(src) by extensions ['python_setup_py']
[0.757s] Level 1:colcon.colcon_core.package_identification:_identify(src) by extension 'python_setup_py'
[0.757s] Level 1:colcon.colcon_core.package_identification:_identify(src/smarthome_vision_ros2) by extensions ['ignore', 'ignore_ament_install']
[0.758s] Level 1:colcon.colcon_core.package_identification:_identify(src/smarthome_vision_ros2) by extension 'ignore'
[0.758s] Level 1:colcon.colcon_core.package_identification:_identify(src/smarthome_vision_ros2) by extension 'ignore_ament_install'
[0.758s] Level 1:colcon.colcon_core.package_identification:_identify(src/smarthome_vision_ros2) by extensions ['colcon_pkg']
[0.758s] Level 1:colcon.colcon_core.package_identification:_identify(src/smarthome_vision_ros2) by extension 'colcon_pkg'
[0.758s] Level 1:colcon.colcon_core.package_identification:_identify(src/smarthome_vision_ros2) by extensions ['colcon_meta']
[0.758s] Level 1:colcon.colcon_core.package_identification:_identify(src/smarthome_vision_ros2) by extension 'colcon_meta'
[0.758s] Level 1:colcon.colcon_core.package_identification:_identify(src/smarthome_vision_ros2) by extensions ['ros']
[0.758s] Level 1:colcon.colcon_core.package_identification:_identify(src/smarthome_vision_ros2) by extension 'ros'
[0.763s] DEBUG:colcon.colcon_core.package_identification:Package 'src/smarthome_vision_ros2' with type 'ros.ament_cmake' and name 'smarthome_vision'
[0.764s] Level 1:colcon.colcon_core.package_discovery:discover_packages(recursive) using defaults
[0.764s] Level 1:colcon.colcon_core.package_discovery:discover_packages(ignore) discover
[0.764s] Level 1:colcon.colcon_core.package_discovery:discover_packages(ignore) using defaults
[0.764s] Level 1:colcon.colcon_core.package_discovery:discover_packages(path) discover
[0.764s] Level 1:colcon.colcon_core.package_discovery:discover_packages(path) using defaults
[0.884s] Level 1:colcon.colcon_core.package_discovery:discover_packages(prefix_path) check parameters
[0.884s] Level 1:colcon.colcon_core.package_discovery:discover_packages(prefix_path) discover
[0.887s] DEBUG:colcon.colcon_installed_package_information.package_discovery:Found 1 installed packages in /home/nvidia4/smarthome_2026/ws/install
[0.890s] DEBUG:colcon.colcon_installed_package_information.package_discovery:Found 374 installed packages in /opt/ros/humble
[0.892s] Level 1:colcon.colcon_core.package_discovery:discover_packages(prefix_path) using defaults
[1.000s] Level 5:colcon.colcon_core.verb:set package 'smarthome_vision' build argument 'cmake_args' from command line to 'None'
[1.001s] Level 5:colcon.colcon_core.verb:set package 'smarthome_vision' build argument 'cmake_target' from command line to 'None'
[1.001s] Level 5:colcon.colcon_core.verb:set package 'smarthome_vision' build argument 'cmake_target_skip_unavailable' from command line to 'False'
[1.001s] Level 5:colcon.colcon_core.verb:set package 'smarthome_vision' build argument 'cmake_clean_cache' from command line to 'False'
[1.001s] Level 5:colcon.colcon_core.verb:set package 'smarthome_vision' build argument 'cmake_clean_first' from command line to 'False'
[1.001s] Level 5:colcon.colcon_core.verb:set package 'smarthome_vision' build argument 'cmake_force_configure' from command line to 'False'
[1.001s] Level 5:colcon.colcon_core.verb:set package 'smarthome_vision' build argument 'ament_cmake_args' from command line to 'None'
[1.001s] Level 5:colcon.colcon_core.verb:set package 'smarthome_vision' build argument 'catkin_cmake_args' from command line to 'None'
[1.001s] Level 5:colcon.colcon_core.verb:set package 'smarthome_vision' build argument 'catkin_skip_building_tests' from command line to 'False'
[1.001s] DEBUG:colcon.colcon_core.verb:Building package 'smarthome_vision' with the following arguments: {'ament_cmake_args': None, 'build_base': '/home/nvidia4/smarthome_2026/ws/build/smarthome_vision', 'catkin_cmake_args': None, 'catkin_skip_building_tests': False, 'cmake_args': None, 'cmake_clean_cache': False, 'cmake_clean_first': False, 'cmake_force_configure': False, 'cmake_target': None, 'cmake_target_skip_unavailable': False, 'install_base': '/home/nvidia4/smarthome_2026/ws/install/smarthome_vision', 'merge_install': False, 'path': '/home/nvidia4/smarthome_2026/ws/src/smarthome_vision_ros2', 'symlink_install': True, 'test_result_base': None}
[1.002s] INFO:colcon.colcon_core.executor:Executing jobs using 'parallel' executor
[1.005s] DEBUG:colcon.colcon_parallel_executor.executor.parallel:run_until_complete
[1.005s] INFO:colcon.colcon_ros.task.ament_cmake.build:Building ROS package in '/home/nvidia4/smarthome_2026/ws/src/smarthome_vision_ros2' with build type 'ament_cmake'
[1.006s] INFO:colcon.colcon_cmake.task.cmake.build:Building CMake package in '/home/nvidia4/smarthome_2026/ws/src/smarthome_vision_ros2'
[1.011s] INFO:colcon.colcon_core.plugin_system:Skipping extension 'colcon_core.shell.bat': Not used on non-Windows systems
[1.011s] INFO:colcon.colcon_core.shell:Skip shell extension 'powershell' for command environment: Not usable outside of PowerShell
[1.012s] DEBUG:colcon.colcon_core.shell:Skip shell extension 'dsv' for command environment
[1.053s] DEBUG:colcon.colcon_core.event_handler.log_command:Invoking command in '/home/nvidia4/smarthome_2026/ws/build/smarthome_vision': CMAKE_PREFIX_PATH=${CMAKE_PREFIX_PATH}:/opt/ros/humble /usr/bin/cmake --build /home/nvidia4/smarthome_2026/ws/build/smarthome_vision -- -j8 -l8
[11.379s] DEBUG:colcon.colcon_core.event_handler.log_command:Invoked command in '/home/nvidia4/smarthome_2026/ws/build/smarthome_vision' returned '0': CMAKE_PREFIX_PATH=${CMAKE_PREFIX_PATH}:/opt/ros/humble /usr/bin/cmake --build /home/nvidia4/smarthome_2026/ws/build/smarthome_vision -- -j8 -l8
[11.402s] DEBUG:colcon.colcon_core.event_handler.log_command:Invoking command in '/home/nvidia4/smarthome_2026/ws/build/smarthome_vision': CMAKE_PREFIX_PATH=${CMAKE_PREFIX_PATH}:/opt/ros/humble /usr/bin/cmake --install /home/nvidia4/smarthome_2026/ws/build/smarthome_vision
[11.661s] Level 1:colcon.colcon_core.environment:create_environment_scripts_only(smarthome_vision)
[11.662s] DEBUG:colcon.colcon_core.event_handler.log_command:Invoked command in '/home/nvidia4/smarthome_2026/ws/build/smarthome_vision' returned '0': CMAKE_PREFIX_PATH=${CMAKE_PREFIX_PATH}:/opt/ros/humble /usr/bin/cmake --install /home/nvidia4/smarthome_2026/ws/build/smarthome_vision
[11.675s] Level 1:colcon.colcon_core.environment:checking '/home/nvidia4/smarthome_2026/ws/install/smarthome_vision' for CMake module files
[11.677s] Level 1:colcon.colcon_core.environment:checking '/home/nvidia4/smarthome_2026/ws/install/smarthome_vision' for CMake config files
[11.679s] Level 1:colcon.colcon_core.shell:create_environment_hook('smarthome_vision', 'cmake_prefix_path')
[11.680s] INFO:colcon.colcon_core.shell:Creating environment hook '/home/nvidia4/smarthome_2026/ws/install/smarthome_vision/share/smarthome_vision/hook/cmake_prefix_path.ps1'
[11.683s] INFO:colcon.colcon_core.shell:Creating environment descriptor '/home/nvidia4/smarthome_2026/ws/install/smarthome_vision/share/smarthome_vision/hook/cmake_prefix_path.dsv'
[11.685s] INFO:colcon.colcon_core.shell:Creating environment hook '/home/nvidia4/smarthome_2026/ws/install/smarthome_vision/share/smarthome_vision/hook/cmake_prefix_path.sh'
[11.688s] Level 1:colcon.colcon_core.environment:checking '/home/nvidia4/smarthome_2026/ws/install/smarthome_vision/lib'
[11.688s] Level 1:colcon.colcon_core.shell:create_environment_hook('smarthome_vision', 'ld_library_path_lib')
[11.690s] INFO:colcon.colcon_core.shell:Creating environment hook '/home/nvidia4/smarthome_2026/ws/install/smarthome_vision/share/smarthome_vision/hook/ld_library_path_lib.ps1'
[11.692s] INFO:colcon.colcon_core.shell:Creating environment descriptor '/home/nvidia4/smarthome_2026/ws/install/smarthome_vision/share/smarthome_vision/hook/ld_library_path_lib.dsv'
[11.692s] INFO:colcon.colcon_core.shell:Creating environment hook '/home/nvidia4/smarthome_2026/ws/install/smarthome_vision/share/smarthome_vision/hook/ld_library_path_lib.sh'
[11.693s] Level 1:colcon.colcon_core.environment:checking '/home/nvidia4/smarthome_2026/ws/install/smarthome_vision/bin'
[11.693s] Level 1:colcon.colcon_core.environment:checking '/home/nvidia4/smarthome_2026/ws/install/smarthome_vision/lib/pkgconfig/smarthome_vision.pc'
[11.694s] Level 1:colcon.colcon_core.environment:checking '/home/nvidia4/smarthome_2026/ws/install/smarthome_vision/lib/python3.10/site-packages'
[11.694s] Level 1:colcon.colcon_core.environment:checking '/home/nvidia4/smarthome_2026/ws/install/smarthome_vision/bin'
[11.695s] INFO:colcon.colcon_core.shell:Creating package script '/home/nvidia4/smarthome_2026/ws/install/smarthome_vision/share/smarthome_vision/package.ps1'
[11.698s] INFO:colcon.colcon_core.shell:Creating package descriptor '/home/nvidia4/smarthome_2026/ws/install/smarthome_vision/share/smarthome_vision/package.dsv'
[11.704s] INFO:colcon.colcon_core.shell:Creating package script '/home/nvidia4/smarthome_2026/ws/install/smarthome_vision/share/smarthome_vision/package.sh'
[11.707s] INFO:colcon.colcon_core.shell:Creating package script '/home/nvidia4/smarthome_2026/ws/install/smarthome_vision/share/smarthome_vision/package.bash'
[11.710s] INFO:colcon.colcon_core.shell:Creating package script '/home/nvidia4/smarthome_2026/ws/install/smarthome_vision/share/smarthome_vision/package.zsh'
[11.713s] Level 1:colcon.colcon_core.environment:create_file_with_runtime_dependencies(/home/nvidia4/smarthome_2026/ws/install/smarthome_vision/share/colcon-core/packages/smarthome_vision)
[11.717s] Level 1:colcon.colcon_core.environment:create_environment_scripts_only(smarthome_vision)
[11.718s] Level 1:colcon.colcon_core.environment:checking '/home/nvidia4/smarthome_2026/ws/install/smarthome_vision' for CMake module files
[11.719s] Level 1:colcon.colcon_core.environment:checking '/home/nvidia4/smarthome_2026/ws/install/smarthome_vision' for CMake config files
[11.721s] Level 1:colcon.colcon_core.shell:create_environment_hook('smarthome_vision', 'cmake_prefix_path')
[11.721s] INFO:colcon.colcon_core.shell:Creating environment hook '/home/nvidia4/smarthome_2026/ws/install/smarthome_vision/share/smarthome_vision/hook/cmake_prefix_path.ps1'
[11.722s] INFO:colcon.colcon_core.shell:Creating environment descriptor '/home/nvidia4/smarthome_2026/ws/install/smarthome_vision/share/smarthome_vision/hook/cmake_prefix_path.dsv'
[11.723s] INFO:colcon.colcon_core.shell:Creating environment hook '/home/nvidia4/smarthome_2026/ws/install/smarthome_vision/share/smarthome_vision/hook/cmake_prefix_path.sh'
[11.725s] Level 1:colcon.colcon_core.environment:checking '/home/nvidia4/smarthome_2026/ws/install/smarthome_vision/lib'
[11.725s] Level 1:colcon.colcon_core.shell:create_environment_hook('smarthome_vision', 'ld_library_path_lib')
[11.725s] INFO:colcon.colcon_core.shell:Creating environment hook '/home/nvidia4/smarthome_2026/ws/install/smarthome_vision/share/smarthome_vision/hook/ld_library_path_lib.ps1'
[11.730s] INFO:colcon.colcon_core.shell:Creating environment descriptor '/home/nvidia4/smarthome_2026/ws/install/smarthome_vision/share/smarthome_vision/hook/ld_library_path_lib.dsv'
[11.731s] INFO:colcon.colcon_core.shell:Creating environment hook '/home/nvidia4/smarthome_2026/ws/install/smarthome_vision/share/smarthome_vision/hook/ld_library_path_lib.sh'
[11.732s] Level 1:colcon.colcon_core.environment:checking '/home/nvidia4/smarthome_2026/ws/install/smarthome_vision/bin'
[11.732s] Level 1:colcon.colcon_core.environment:checking '/home/nvidia4/smarthome_2026/ws/install/smarthome_vision/lib/pkgconfig/smarthome_vision.pc'
[11.733s] Level 1:colcon.colcon_core.environment:checking '/home/nvidia4/smarthome_2026/ws/install/smarthome_vision/lib/python3.10/site-packages'
[11.735s] Level 1:colcon.colcon_core.environment:checking '/home/nvidia4/smarthome_2026/ws/install/smarthome_vision/bin'
[11.736s] INFO:colcon.colcon_core.shell:Creating package script '/home/nvidia4/smarthome_2026/ws/install/smarthome_vision/share/smarthome_vision/package.ps1'
[11.738s] INFO:colcon.colcon_core.shell:Creating package descriptor '/home/nvidia4/smarthome_2026/ws/install/smarthome_vision/share/smarthome_vision/package.dsv'
[11.739s] INFO:colcon.colcon_core.shell:Creating package script '/home/nvidia4/smarthome_2026/ws/install/smarthome_vision/share/smarthome_vision/package.sh'
[11.740s] INFO:colcon.colcon_core.shell:Creating package script '/home/nvidia4/smarthome_2026/ws/install/smarthome_vision/share/smarthome_vision/package.bash'
[11.742s] INFO:colcon.colcon_core.shell:Creating package script '/home/nvidia4/smarthome_2026/ws/install/smarthome_vision/share/smarthome_vision/package.zsh'
[11.746s] Level 1:colcon.colcon_core.environment:create_file_with_runtime_dependencies(/home/nvidia4/smarthome_2026/ws/install/smarthome_vision/share/colcon-core/packages/smarthome_vision)
[11.747s] DEBUG:colcon.colcon_parallel_executor.executor.parallel:closing loop
[11.747s] DEBUG:colcon.colcon_parallel_executor.executor.parallel:loop closed
[11.748s] DEBUG:colcon.colcon_parallel_executor.executor.parallel:run_until_complete finished with '0'
[11.748s] DEBUG:colcon.colcon_core.event_reactor:joining thread
[11.785s] INFO:colcon.colcon_core.plugin_system:Skipping extension 'colcon_notification.desktop_notification.terminal_notifier': Not used on non-Darwin systems
[11.785s] INFO:colcon.colcon_core.plugin_system:Skipping extension 'colcon_notification.desktop_notification.win32': Not used on non-Windows systems
[11.785s] INFO:colcon.colcon_notification.desktop_notification:Sending desktop notification using 'notify2'
[11.845s] DEBUG:colcon.colcon_core.event_reactor:joined thread
[11.846s] INFO:colcon.colcon_core.shell:Creating prefix script '/home/nvidia4/smarthome_2026/ws/install/local_setup.ps1'
[11.849s] INFO:colcon.colcon_core.shell:Creating prefix util module '/home/nvidia4/smarthome_2026/ws/install/_local_setup_util_ps1.py'
[11.852s] INFO:colcon.colcon_core.shell:Creating prefix chain script '/home/nvidia4/smarthome_2026/ws/install/setup.ps1'
[11.855s] INFO:colcon.colcon_core.shell:Creating prefix script '/home/nvidia4/smarthome_2026/ws/install/local_setup.sh'
[11.857s] INFO:colcon.colcon_core.shell:Creating prefix util module '/home/nvidia4/smarthome_2026/ws/install/_local_setup_util_sh.py'
[11.858s] INFO:colcon.colcon_core.shell:Creating prefix chain script '/home/nvidia4/smarthome_2026/ws/install/setup.sh'
[11.860s] INFO:colcon.colcon_core.shell:Creating prefix script '/home/nvidia4/smarthome_2026/ws/install/local_setup.bash'
[11.861s] INFO:colcon.colcon_core.shell:Creating prefix chain script '/home/nvidia4/smarthome_2026/ws/install/setup.bash'
[11.863s] INFO:colcon.colcon_core.shell:Creating prefix script '/home/nvidia4/smarthome_2026/ws/install/local_setup.zsh'
[11.864s] INFO:colcon.colcon_core.shell:Creating prefix chain script '/home/nvidia4/smarthome_2026/ws/install/setup.zsh'
