[0.363s] DEBUG:colcon:Command line arguments: ['/usr/bin/colcon', 'build', '--packages-select', 'smarthome_vision', '--cmake-clean-cache']
[0.363s] DEBUG:colcon:Parsed command line arguments: Namespace(log_base=None, log_level=None, verb_name='build', build_base='build', install_base='install', merge_install=False, symlink_install=False, test_result_base=None, continue_on_error=False, executor='parallel', parallel_workers=8, event_handlers=None, ignore_user_meta=False, metas=['./colcon.meta'], base_paths=['.'], packages_ignore=None, packages_ignore_regex=None, paths=None, packages_up_to=None, packages_up_to_regex=None, packages_above=None, packages_above_and_dependencies=None, packages_above_depth=None, packages_select_by_dep=None, packages_skip_by_dep=None, packages_skip_up_to=None, packages_select_build_failed=False, packages_skip_build_finished=False, packages_select_test_failures=False, packages_skip_test_passed=False, packages_select=['smarthome_vision'], packages_skip=None, packages_select_regex=None, packages_skip_regex=None, packages_start=None, packages_end=None, allow_overriding=[], cmake_args=None, cmake_target=None, cmake_target_skip_unavailable=False, cmake_clean_cache=True, cmake_clean_first=False, cmake_force_configure=False, ament_cmake_args=None, catkin_cmake_args=None, catkin_skip_building_tests=False, verb_parser=<colcon_defaults.argument_parser.defaults.DefaultArgumentsDecorator object at 0xffffb1a90fa0>, verb_extension=<colcon_core.verb.build.BuildVerb object at 0xffffb1a92e30>, main=<bound method BuildVerb.main of <colcon_core.verb.build.BuildVerb object at 0xffffb1a92e30>>)
[0.781s] Level 1:colcon.colcon_core.package_discovery:discover_packages(colcon_meta) check parameters
[0.781s] Level 1:colcon.colcon_core.package_discovery:discover_packages(recursive) check parameters
[0.781s] Level 1:colcon.colcon_core.package_discovery:discover_packages(ignore) check parameters
[0.781s] Level 1:colcon.colcon_core.package_discovery:discover_packages(path) check parameters
[0.781s] Level 1:colcon.colcon_core.package_discovery:discover_packages(colcon_meta) discover
[0.781s] Level 1:colcon.colcon_core.package_discovery:discover_packages(recursive) discover
[0.781s] INFO:colcon.colcon_core.package_discovery:Crawling recursively for packages in '/home/nvidia4/smarthome_2026/ws'
[0.782s] Level 1:colcon.colcon_core.package_identification:_identify(.) by extensions ['ignore', 'ignore_ament_install']
[0.782s] Level 1:colcon.colcon_core.package_identification:_identify(.) by extension 'ignore'
[0.782s] Level 1:colcon.colcon_core.package_identification:_identify(.) by extension 'ignore_ament_install'
[0.782s] Level 1:colcon.colcon_core.package_identification:_identify(.) by extensions ['colcon_pkg']
[0.782s] Level 1:colcon.colcon_core.package_identification:_identify(.) by extension 'colcon_pkg'
[0.782s] Level 1:colcon.colcon_core.package_identification:_identify(.) by extensions ['colcon_meta']
[0.782s] Level 1:colcon.colcon_core.package_identification:_identify(.) by extension 'colcon_meta'
[0.783s] Level 1:colcon.colcon_core.package_identification:_identify(.) by extensions ['ros']
[0.783s] Level 1:colcon.colcon_core.package_identification:_identify(.) by extension 'ros'
[0.805s] Level 1:colcon.colcon_core.package_identification:_identify(.) by extensions ['cmake', 'python']
[0.806s] Level 1:colcon.colcon_core.package_identification:_identify(.) by extension 'cmake'
[0.806s] Level 1:colcon.colcon_core.package_identification:_identify(.) by extension 'python'
[0.806s] Level 1:colcon.colcon_core.package_identification:_identify(.) by extensions ['python_setup_py']
[0.806s] Level 1:colcon.colcon_core.package_identification:_identify(.) by extension 'python_setup_py'
[0.806s] Level 1:colcon.colcon_core.package_identification:_identify(build) by extensions ['ignore', 'ignore_ament_install']
[0.806s] Level 1:colcon.colcon_core.package_identification:_identify(build) by extension 'ignore'
[0.806s] Level 1:colcon.colcon_core.package_identification:_identify(build) ignored
[0.807s] Level 1:colcon.colcon_core.package_identification:_identify(install) by extensions ['ignore', 'ignore_ament_install']
[0.807s] Level 1:colcon.colcon_core.package_identification:_identify(install) by extension 'ignore'
[0.807s] Level 1:colcon.colcon_core.package_identification:_identify(install) ignored
[0.808s] Level 1:colcon.colcon_core.package_identification:_identify(log) by extensions ['ignore', 'ignore_ament_install']
[0.808s] Level 1:colcon.colcon_core.package_identification:_identify(log) by extension 'ignore'
[0.808s] Level 1:colcon.colcon_core.package_identification:_identify(log) ignored
[0.808s] Level 1:colcon.colcon_core.package_identification:_identify(src) by extensions ['ignore', 'ignore_ament_install']
[0.808s] Level 1:colcon.colcon_core.package_identification:_identify(src) by extension 'ignore'
[0.808s] Level 1:colcon.colcon_core.package_identification:_identify(src) by extension 'ignore_ament_install'
[0.809s] Level 1:colcon.colcon_core.package_identification:_identify(src) by extensions ['colcon_pkg']
[0.809s] Level 1:colcon.colcon_core.package_identification:_identify(src) by extension 'colcon_pkg'
[0.809s] Level 1:colcon.colcon_core.package_identification:_identify(src) by extensions ['colcon_meta']
[0.809s] Level 1:colcon.colcon_core.package_identification:_identify(src) by extension 'colcon_meta'
[0.809s] Level 1:colcon.colcon_core.package_identification:_identify(src) by extensions ['ros']
[0.809s] Level 1:colcon.colcon_core.package_identification:_identify(src) by extension 'ros'
[0.809s] Level 1:colcon.colcon_core.package_identification:_identify(src) by extensions ['cmake', 'python']
[0.809s] Level 1:colcon.colcon_core.package_identification:_identify(src) by extension 'cmake'
[0.809s] Level 1:colcon.colcon_core.package_identification:_identify(src) by extension 'python'
[0.809s] Level 1:colcon.colcon_core.package_identification:_identify(src) by extensions ['python_setup_py']
[0.809s] Level 1:colcon.colcon_core.package_identification:_identify(src) by extension 'python_setup_py'
[0.810s] Level 1:colcon.colcon_core.package_identification:_identify(src/smarthome_vision_ros2) by extensions ['ignore', 'ignore_ament_install']
[0.810s] Level 1:colcon.colcon_core.package_identification:_identify(src/smarthome_vision_ros2) by extension 'ignore'
[0.810s] Level 1:colcon.colcon_core.package_identification:_identify(src/smarthome_vision_ros2) by extension 'ignore_ament_install'
[0.810s] Level 1:colcon.colcon_core.package_identification:_identify(src/smarthome_vision_ros2) by extensions ['colcon_pkg']
[0.810s] Level 1:colcon.colcon_core.package_identification:_identify(src/smarthome_vision_ros2) by extension 'colcon_pkg'
[0.810s] Level 1:colcon.colcon_core.package_identification:_identify(src/smarthome_vision_ros2) by extensions ['colcon_meta']
[0.810s] Level 1:colcon.colcon_core.package_identification:_identify(src/smarthome_vision_ros2) by extension 'colcon_meta'
[0.810s] Level 1:colcon.colcon_core.package_identification:_identify(src/smarthome_vision_ros2) by extensions ['ros']
[0.810s] Level 1:colcon.colcon_core.package_identification:_identify(src/smarthome_vision_ros2) by extension 'ros'
[0.824s] DEBUG:colcon.colcon_core.package_identification:Package 'src/smarthome_vision_ros2' with type 'ros.ament_cmake' and name 'smarthome_vision'
[0.825s] Level 1:colcon.colcon_core.package_discovery:discover_packages(recursive) using defaults
[0.825s] Level 1:colcon.colcon_core.package_discovery:discover_packages(ignore) discover
[0.825s] Level 1:colcon.colcon_core.package_discovery:discover_packages(ignore) using defaults
[0.825s] Level 1:colcon.colcon_core.package_discovery:discover_packages(path) discover
[0.825s] Level 1:colcon.colcon_core.package_discovery:discover_packages(path) using defaults
[0.943s] Level 1:colcon.colcon_core.package_discovery:discover_packages(prefix_path) check parameters
[0.943s] Level 1:colcon.colcon_core.package_discovery:discover_packages(prefix_path) discover
[0.984s] DEBUG:colcon.colcon_installed_package_information.package_discovery:Found 1 installed packages in /home/nvidia4/smarthome_2026/ws/install
[0.986s] DEBUG:colcon.colcon_installed_package_information.package_discovery:Found 296 installed packages in /opt/ros/humble
[0.989s] Level 1:colcon.colcon_core.package_discovery:discover_packages(prefix_path) using defaults
[1.061s] Level 5:colcon.colcon_core.verb:set package 'smarthome_vision' build argument 'cmake_args' from command line to 'None'
[1.061s] Level 5:colcon.colcon_core.verb:set package 'smarthome_vision' build argument 'cmake_target' from command line to 'None'
[1.061s] Level 5:colcon.colcon_core.verb:set package 'smarthome_vision' build argument 'cmake_target_skip_unavailable' from command line to 'False'
[1.061s] Level 5:colcon.colcon_core.verb:set package 'smarthome_vision' build argument 'cmake_clean_cache' from command line to 'True'
[1.061s] Level 5:colcon.colcon_core.verb:set package 'smarthome_vision' build argument 'cmake_clean_first' from command line to 'False'
[1.061s] Level 5:colcon.colcon_core.verb:set package 'smarthome_vision' build argument 'cmake_force_configure' from command line to 'False'
[1.061s] Level 5:colcon.colcon_core.verb:set package 'smarthome_vision' build argument 'ament_cmake_args' from command line to 'None'
[1.061s] Level 5:colcon.colcon_core.verb:set package 'smarthome_vision' build argument 'catkin_cmake_args' from command line to 'None'
[1.061s] Level 5:colcon.colcon_core.verb:set package 'smarthome_vision' build argument 'catkin_skip_building_tests' from command line to 'False'
[1.061s] DEBUG:colcon.colcon_core.verb:Building package 'smarthome_vision' with the following arguments: {'ament_cmake_args': None, 'build_base': '/home/nvidia4/smarthome_2026/ws/build/smarthome_vision', 'catkin_cmake_args': None, 'catkin_skip_building_tests': False, 'cmake_args': None, 'cmake_clean_cache': True, 'cmake_clean_first': False, 'cmake_force_configure': False, 'cmake_target': None, 'cmake_target_skip_unavailable': False, 'install_base': '/home/nvidia4/smarthome_2026/ws/install/smarthome_vision', 'merge_install': False, 'path': '/home/nvidia4/smarthome_2026/ws/src/smarthome_vision_ros2', 'symlink_install': False, 'test_result_base': None}
[1.062s] INFO:colcon.colcon_core.executor:Executing jobs using 'parallel' executor
[1.064s] DEBUG:colcon.colcon_parallel_executor.executor.parallel:run_until_complete
[1.065s] INFO:colcon.colcon_ros.task.ament_cmake.build:Building ROS package in '/home/nvidia4/smarthome_2026/ws/src/smarthome_vision_ros2' with build type 'ament_cmake'
[1.065s] INFO:colcon.colcon_cmake.task.cmake.build:Building CMake package in '/home/nvidia4/smarthome_2026/ws/src/smarthome_vision_ros2'
[1.072s] INFO:colcon.colcon_core.plugin_system:Skipping extension 'colcon_core.shell.bat': Not used on non-Windows systems
[1.072s] INFO:colcon.colcon_core.shell:Skip shell extension 'powershell' for command environment: Not usable outside of PowerShell
[1.072s] DEBUG:colcon.colcon_core.shell:Skip shell extension 'dsv' for command environment
[1.090s] DEBUG:colcon.colcon_core.event_handler.log_command:Invoking command in '/home/nvidia4/smarthome_2026/ws/build/smarthome_vision': CMAKE_PREFIX_PATH=${CMAKE_PREFIX_PATH}:/opt/ros/humble /usr/bin/cmake /home/nvidia4/smarthome_2026/ws/src/smarthome_vision_ros2 -DCMAKE_INSTALL_PREFIX=/home/nvidia4/smarthome_2026/ws/install/smarthome_vision
[6.110s] DEBUG:colcon.colcon_core.event_handler.log_command:Invoked command in '/home/nvidia4/smarthome_2026/ws/build/smarthome_vision' returned '0': CMAKE_PREFIX_PATH=${CMAKE_PREFIX_PATH}:/opt/ros/humble /usr/bin/cmake /home/nvidia4/smarthome_2026/ws/src/smarthome_vision_ros2 -DCMAKE_INSTALL_PREFIX=/home/nvidia4/smarthome_2026/ws/install/smarthome_vision
[6.114s] DEBUG:colcon.colcon_core.event_handler.log_command:Invoking command in '/home/nvidia4/smarthome_2026/ws/build/smarthome_vision': CMAKE_PREFIX_PATH=${CMAKE_PREFIX_PATH}:/opt/ros/humble /usr/bin/cmake --build /home/nvidia4/smarthome_2026/ws/build/smarthome_vision -- -j8 -l8
[34.074s] DEBUG:colcon.colcon_core.event_handler.log_command:Invoked command in '/home/nvidia4/smarthome_2026/ws/build/smarthome_vision' returned '0': CMAKE_PREFIX_PATH=${CMAKE_PREFIX_PATH}:/opt/ros/humble /usr/bin/cmake --build /home/nvidia4/smarthome_2026/ws/build/smarthome_vision -- -j8 -l8
[34.105s] DEBUG:colcon.colcon_core.event_handler.log_command:Invoking command in '/home/nvidia4/smarthome_2026/ws/build/smarthome_vision': CMAKE_PREFIX_PATH=${CMAKE_PREFIX_PATH}:/opt/ros/humble /usr/bin/cmake --install /home/nvidia4/smarthome_2026/ws/build/smarthome_vision
[34.252s] Level 1:colcon.colcon_core.environment:create_environment_scripts_only(smarthome_vision)
[34.253s] DEBUG:colcon.colcon_core.event_handler.log_command:Invoked command in '/home/nvidia4/smarthome_2026/ws/build/smarthome_vision' returned '0': CMAKE_PREFIX_PATH=${CMAKE_PREFIX_PATH}:/opt/ros/humble /usr/bin/cmake --install /home/nvidia4/smarthome_2026/ws/build/smarthome_vision
[34.264s] Level 1:colcon.colcon_core.environment:checking '/home/nvidia4/smarthome_2026/ws/install/smarthome_vision' for CMake module files
[34.265s] Level 1:colcon.colcon_core.environment:checking '/home/nvidia4/smarthome_2026/ws/install/smarthome_vision' for CMake config files
[34.266s] Level 1:colcon.colcon_core.shell:create_environment_hook('smarthome_vision', 'cmake_prefix_path')
[34.266s] INFO:colcon.colcon_core.shell:Creating environment hook '/home/nvidia4/smarthome_2026/ws/install/smarthome_vision/share/smarthome_vision/hook/cmake_prefix_path.ps1'
[34.268s] INFO:colcon.colcon_core.shell:Creating environment descriptor '/home/nvidia4/smarthome_2026/ws/install/smarthome_vision/share/smarthome_vision/hook/cmake_prefix_path.dsv'
[34.270s] INFO:colcon.colcon_core.shell:Creating environment hook '/home/nvidia4/smarthome_2026/ws/install/smarthome_vision/share/smarthome_vision/hook/cmake_prefix_path.sh'
[34.274s] Level 1:colcon.colcon_core.environment:checking '/home/nvidia4/smarthome_2026/ws/install/smarthome_vision/lib'
[34.274s] Level 1:colcon.colcon_core.shell:create_environment_hook('smarthome_vision', 'ld_library_path_lib')
[34.275s] INFO:colcon.colcon_core.shell:Creating environment hook '/home/nvidia4/smarthome_2026/ws/install/smarthome_vision/share/smarthome_vision/hook/ld_library_path_lib.ps1'
[34.276s] INFO:colcon.colcon_core.shell:Creating environment descriptor '/home/nvidia4/smarthome_2026/ws/install/smarthome_vision/share/smarthome_vision/hook/ld_library_path_lib.dsv'
[34.277s] INFO:colcon.colcon_core.shell:Creating environment hook '/home/nvidia4/smarthome_2026/ws/install/smarthome_vision/share/smarthome_vision/hook/ld_library_path_lib.sh'
[34.278s] Level 1:colcon.colcon_core.environment:checking '/home/nvidia4/smarthome_2026/ws/install/smarthome_vision/bin'
[34.278s] Level 1:colcon.colcon_core.environment:checking '/home/nvidia4/smarthome_2026/ws/install/smarthome_vision/lib/pkgconfig/smarthome_vision.pc'
[34.279s] Level 1:colcon.colcon_core.environment:checking '/home/nvidia4/smarthome_2026/ws/install/smarthome_vision/lib/python3.10/site-packages'
[34.280s] Level 1:colcon.colcon_core.environment:checking '/home/nvidia4/smarthome_2026/ws/install/smarthome_vision/bin'
[34.280s] INFO:colcon.colcon_core.shell:Creating package script '/home/nvidia4/smarthome_2026/ws/install/smarthome_vision/share/smarthome_vision/package.ps1'
[34.283s] INFO:colcon.colcon_core.shell:Creating package descriptor '/home/nvidia4/smarthome_2026/ws/install/smarthome_vision/share/smarthome_vision/package.dsv'
[34.285s] INFO:colcon.colcon_core.shell:Creating package script '/home/nvidia4/smarthome_2026/ws/install/smarthome_vision/share/smarthome_vision/package.sh'
[34.286s] INFO:colcon.colcon_core.shell:Creating package script '/home/nvidia4/smarthome_2026/ws/install/smarthome_vision/share/smarthome_vision/package.bash'
[34.289s] INFO:colcon.colcon_core.shell:Creating package script '/home/nvidia4/smarthome_2026/ws/install/smarthome_vision/share/smarthome_vision/package.zsh'
[34.291s] Level 1:colcon.colcon_core.environment:create_file_with_runtime_dependencies(/home/nvidia4/smarthome_2026/ws/install/smarthome_vision/share/colcon-core/packages/smarthome_vision)
[34.292s] Level 1:colcon.colcon_core.environment:create_environment_scripts_only(smarthome_vision)
[34.293s] Level 1:colcon.colcon_core.environment:checking '/home/nvidia4/smarthome_2026/ws/install/smarthome_vision' for CMake module files
[34.294s] Level 1:colcon.colcon_core.environment:checking '/home/nvidia4/smarthome_2026/ws/install/smarthome_vision' for CMake config files
[34.295s] Level 1:colcon.colcon_core.shell:create_environment_hook('smarthome_vision', 'cmake_prefix_path')
[34.295s] INFO:colcon.colcon_core.shell:Creating environment hook '/home/nvidia4/smarthome_2026/ws/install/smarthome_vision/share/smarthome_vision/hook/cmake_prefix_path.ps1'
[34.296s] INFO:colcon.colcon_core.shell:Creating environment descriptor '/home/nvidia4/smarthome_2026/ws/install/smarthome_vision/share/smarthome_vision/hook/cmake_prefix_path.dsv'
[34.297s] INFO:colcon.colcon_core.shell:Creating environment hook '/home/nvidia4/smarthome_2026/ws/install/smarthome_vision/share/smarthome_vision/hook/cmake_prefix_path.sh'
[34.298s] Level 1:colcon.colcon_core.environment:checking '/home/nvidia4/smarthome_2026/ws/install/smarthome_vision/lib'
[34.298s] Level 1:colcon.colcon_core.shell:create_environment_hook('smarthome_vision', 'ld_library_path_lib')
[34.299s] INFO:colcon.colcon_core.shell:Creating environment hook '/home/nvidia4/smarthome_2026/ws/install/smarthome_vision/share/smarthome_vision/hook/ld_library_path_lib.ps1'
[34.299s] INFO:colcon.colcon_core.shell:Creating environment descriptor '/home/nvidia4/smarthome_2026/ws/install/smarthome_vision/share/smarthome_vision/hook/ld_library_path_lib.dsv'
[34.300s] INFO:colcon.colcon_core.shell:Creating environment hook '/home/nvidia4/smarthome_2026/ws/install/smarthome_vision/share/smarthome_vision/hook/ld_library_path_lib.sh'
[34.301s] Level 1:colcon.colcon_core.environment:checking '/home/nvidia4/smarthome_2026/ws/install/smarthome_vision/bin'
[34.301s] Level 1:colcon.colcon_core.environment:checking '/home/nvidia4/smarthome_2026/ws/install/smarthome_vision/lib/pkgconfig/smarthome_vision.pc'
[34.301s] Level 1:colcon.colcon_core.environment:checking '/home/nvidia4/smarthome_2026/ws/install/smarthome_vision/lib/python3.10/site-packages'
[34.302s] Level 1:colcon.colcon_core.environment:checking '/home/nvidia4/smarthome_2026/ws/install/smarthome_vision/bin'
[34.303s] INFO:colcon.colcon_core.shell:Creating package script '/home/nvidia4/smarthome_2026/ws/install/smarthome_vision/share/smarthome_vision/package.ps1'
[34.304s] INFO:colcon.colcon_core.shell:Creating package descriptor '/home/nvidia4/smarthome_2026/ws/install/smarthome_vision/share/smarthome_vision/package.dsv'
[34.305s] INFO:colcon.colcon_core.shell:Creating package script '/home/nvidia4/smarthome_2026/ws/install/smarthome_vision/share/smarthome_vision/package.sh'
[34.308s] INFO:colcon.colcon_core.shell:Creating package script '/home/nvidia4/smarthome_2026/ws/install/smarthome_vision/share/smarthome_vision/package.bash'
[34.309s] INFO:colcon.colcon_core.shell:Creating package script '/home/nvidia4/smarthome_2026/ws/install/smarthome_vision/share/smarthome_vision/package.zsh'
[34.310s] Level 1:colcon.colcon_core.environment:create_file_with_runtime_dependencies(/home/nvidia4/smarthome_2026/ws/install/smarthome_vision/share/colcon-core/packages/smarthome_vision)
[34.311s] DEBUG:colcon.colcon_parallel_executor.executor.parallel:closing loop
[34.312s] DEBUG:colcon.colcon_parallel_executor.executor.parallel:loop closed
[34.312s] DEBUG:colcon.colcon_parallel_executor.executor.parallel:run_until_complete finished with '0'
[34.312s] DEBUG:colcon.colcon_core.event_reactor:joining thread
[34.327s] INFO:colcon.colcon_core.plugin_system:Skipping extension 'colcon_notification.desktop_notification.terminal_notifier': Not used on non-Darwin systems
[34.327s] INFO:colcon.colcon_core.plugin_system:Skipping extension 'colcon_notification.desktop_notification.win32': Not used on non-Windows systems
[34.327s] INFO:colcon.colcon_notification.desktop_notification:Sending desktop notification using 'notify2'
[34.365s] DEBUG:colcon.colcon_core.event_reactor:joined thread
[34.365s] INFO:colcon.colcon_core.shell:Creating prefix script '/home/nvidia4/smarthome_2026/ws/install/local_setup.ps1'
[34.368s] INFO:colcon.colcon_core.shell:Creating prefix util module '/home/nvidia4/smarthome_2026/ws/install/_local_setup_util_ps1.py'
[34.372s] INFO:colcon.colcon_core.shell:Creating prefix chain script '/home/nvidia4/smarthome_2026/ws/install/setup.ps1'
[34.376s] INFO:colcon.colcon_core.shell:Creating prefix script '/home/nvidia4/smarthome_2026/ws/install/local_setup.sh'
[34.379s] INFO:colcon.colcon_core.shell:Creating prefix util module '/home/nvidia4/smarthome_2026/ws/install/_local_setup_util_sh.py'
[34.380s] INFO:colcon.colcon_core.shell:Creating prefix chain script '/home/nvidia4/smarthome_2026/ws/install/setup.sh'
[34.391s] INFO:colcon.colcon_core.shell:Creating prefix script '/home/nvidia4/smarthome_2026/ws/install/local_setup.bash'
[34.394s] INFO:colcon.colcon_core.shell:Creating prefix chain script '/home/nvidia4/smarthome_2026/ws/install/setup.bash'
[34.398s] INFO:colcon.colcon_core.shell:Creating prefix script '/home/nvidia4/smarthome_2026/ws/install/local_setup.zsh'
[34.400s] INFO:colcon.colcon_core.shell:Creating prefix chain script '/home/nvidia4/smarthome_2026/ws/install/setup.zsh'
