[0.211s] DEBUG:colcon:Command line arguments: ['/usr/bin/colcon', 'build', '--packages-select', 'smarthome_vision']
[0.211s] DEBUG:colcon:Parsed command line arguments: Namespace(log_base=None, log_level=None, verb_name='build', build_base='build', install_base='install', merge_install=False, symlink_install=False, test_result_base=None, continue_on_error=False, executor='parallel', parallel_workers=8, event_handlers=None, ignore_user_meta=False, metas=['./colcon.meta'], base_paths=['.'], packages_ignore=None, packages_ignore_regex=None, paths=None, packages_up_to=None, packages_up_to_regex=None, packages_above=None, packages_above_and_dependencies=None, packages_above_depth=None, packages_select_by_dep=None, packages_skip_by_dep=None, packages_skip_up_to=None, packages_select_build_failed=False, packages_skip_build_finished=False, packages_select_test_failures=False, packages_skip_test_passed=False, packages_select=['smarthome_vision'], packages_skip=None, packages_select_regex=None, packages_skip_regex=None, packages_start=None, packages_end=None, allow_overriding=[], cmake_args=None, cmake_target=None, cmake_target_skip_unavailable=False, cmake_clean_cache=False, cmake_clean_first=False, cmake_force_configure=False, ament_cmake_args=None, catkin_cmake_args=None, catkin_skip_building_tests=False, verb_parser=<colcon_defaults.argument_parser.defaults.DefaultArgumentsDecorator object at 0xffff90f88220>, verb_extension=<colcon_core.verb.build.BuildVerb object at 0xffff90f5bd90>, main=<bound method BuildVerb.main of <colcon_core.verb.build.BuildVerb object at 0xffff90f5bd90>>)
[0.533s] Level 1:colcon.colcon_core.package_discovery:discover_packages(colcon_meta) check parameters
[0.534s] Level 1:colcon.colcon_core.package_discovery:discover_packages(recursive) check parameters
[0.534s] Level 1:colcon.colcon_core.package_discovery:discover_packages(ignore) check parameters
[0.534s] Level 1:colcon.colcon_core.package_discovery:discover_packages(path) check parameters
[0.534s] Level 1:colcon.colcon_core.package_discovery:discover_packages(colcon_meta) discover
[0.535s] Level 1:colcon.colcon_core.package_discovery:discover_packages(recursive) discover
[0.536s] INFO:colcon.colcon_core.package_discovery:Crawling recursively for packages in '/home/nvidia4/smarthome_2026/ws'
[0.537s] Level 1:colcon.colcon_core.package_identification:_identify(.) by extensions ['ignore', 'ignore_ament_install']
[0.537s] Level 1:colcon.colcon_core.package_identification:_identify(.) by extension 'ignore'
[0.537s] Level 1:colcon.colcon_core.package_identification:_identify(.) by extension 'ignore_ament_install'
[0.537s] Level 1:colcon.colcon_core.package_identification:_identify(.) by extensions ['colcon_pkg']
[0.537s] Level 1:colcon.colcon_core.package_identification:_identify(.) by extension 'colcon_pkg'
[0.537s] Level 1:colcon.colcon_core.package_identification:_identify(.) by extensions ['colcon_meta']
[0.537s] Level 1:colcon.colcon_core.package_identification:_identify(.) by extension 'colcon_meta'
[0.538s] Level 1:colcon.colcon_core.package_identification:_identify(.) by extensions ['ros']
[0.538s] Level 1:colcon.colcon_core.package_identification:_identify(.) by extension 'ros'
[0.559s] Level 1:colcon.colcon_core.package_identification:_identify(.) by extensions ['cmake', 'python']
[0.559s] Level 1:colcon.colcon_core.package_identification:_identify(.) by extension 'cmake'
[0.559s] Level 1:colcon.colcon_core.package_identification:_identify(.) by extension 'python'
[0.560s] Level 1:colcon.colcon_core.package_identification:_identify(.) by extensions ['python_setup_py']
[0.560s] Level 1:colcon.colcon_core.package_identification:_identify(.) by extension 'python_setup_py'
[0.560s] Level 1:colcon.colcon_core.package_identification:_identify(build) by extensions ['ignore', 'ignore_ament_install']
[0.560s] Level 1:colcon.colcon_core.package_identification:_identify(build) by extension 'ignore'
[0.560s] Level 1:colcon.colcon_core.package_identification:_identify(build) ignored
[0.560s] Level 1:colcon.colcon_core.package_identification:_identify(install) by extensions ['ignore', 'ignore_ament_install']
[0.561s] Level 1:colcon.colcon_core.package_identification:_identify(install) by extension 'ignore'
[0.561s] Level 1:colcon.colcon_core.package_identification:_identify(install) ignored
[0.561s] Level 1:colcon.colcon_core.package_identification:_identify(log) by extensions ['ignore', 'ignore_ament_install']
[0.561s] Level 1:colcon.colcon_core.package_identification:_identify(log) by extension 'ignore'
[0.561s] Level 1:colcon.colcon_core.package_identification:_identify(log) ignored
[0.561s] Level 1:colcon.colcon_core.package_identification:_identify(src) by extensions ['ignore', 'ignore_ament_install']
[0.562s] Level 1:colcon.colcon_core.package_identification:_identify(src) by extension 'ignore'
[0.562s] Level 1:colcon.colcon_core.package_identification:_identify(src) by extension 'ignore_ament_install'
[0.562s] Level 1:colcon.colcon_core.package_identification:_identify(src) by extensions ['colcon_pkg']
[0.562s] Level 1:colcon.colcon_core.package_identification:_identify(src) by extension 'colcon_pkg'
[0.562s] Level 1:colcon.colcon_core.package_identification:_identify(src) by extensions ['colcon_meta']
[0.562s] Level 1:colcon.colcon_core.package_identification:_identify(src) by extension 'colcon_meta'
[0.562s] Level 1:colcon.colcon_core.package_identification:_identify(src) by extensions ['ros']
[0.562s] Level 1:colcon.colcon_core.package_identification:_identify(src) by extension 'ros'
[0.562s] Level 1:colcon.colcon_core.package_identification:_identify(src) by extensions ['cmake', 'python']
[0.562s] Level 1:colcon.colcon_core.package_identification:_identify(src) by extension 'cmake'
[0.562s] Level 1:colcon.colcon_core.package_identification:_identify(src) by extension 'python'
[0.563s] Level 1:colcon.colcon_core.package_identification:_identify(src) by extensions ['python_setup_py']
[0.563s] Level 1:colcon.colcon_core.package_identification:_identify(src) by extension 'python_setup_py'
[0.563s] Level 1:colcon.colcon_core.package_identification:_identify(src/smarthome_vision_ros2) by extensions ['ignore', 'ignore_ament_install']
[0.563s] Level 1:colcon.colcon_core.package_identification:_identify(src/smarthome_vision_ros2) by extension 'ignore'
[0.563s] Level 1:colcon.colcon_core.package_identification:_identify(src/smarthome_vision_ros2) by extension 'ignore_ament_install'
[0.563s] Level 1:colcon.colcon_core.package_identification:_identify(src/smarthome_vision_ros2) by extensions ['colcon_pkg']
[0.563s] Level 1:colcon.colcon_core.package_identification:_identify(src/smarthome_vision_ros2) by extension 'colcon_pkg'
[0.563s] Level 1:colcon.colcon_core.package_identification:_identify(src/smarthome_vision_ros2) by extensions ['colcon_meta']
[0.563s] Level 1:colcon.colcon_core.package_identification:_identify(src/smarthome_vision_ros2) by extension 'colcon_meta'
[0.563s] Level 1:colcon.colcon_core.package_identification:_identify(src/smarthome_vision_ros2) by extensions ['ros']
[0.563s] Level 1:colcon.colcon_core.package_identification:_identify(src/smarthome_vision_ros2) by extension 'ros'
[0.573s] DEBUG:colcon.colcon_core.package_identification:Package 'src/smarthome_vision_ros2' with type 'ros.ament_cmake' and name 'smarthome_vision'
[0.573s] Level 1:colcon.colcon_core.package_discovery:discover_packages(recursive) using defaults
[0.574s] Level 1:colcon.colcon_core.package_discovery:discover_packages(ignore) discover
[0.574s] Level 1:colcon.colcon_core.package_discovery:discover_packages(ignore) using defaults
[0.574s] Level 1:colcon.colcon_core.package_discovery:discover_packages(path) discover
[0.574s] Level 1:colcon.colcon_core.package_discovery:discover_packages(path) using defaults
[0.615s] Level 1:colcon.colcon_core.package_discovery:discover_packages(prefix_path) check parameters
[0.616s] Level 1:colcon.colcon_core.package_discovery:discover_packages(prefix_path) discover
[0.619s] DEBUG:colcon.colcon_installed_package_information.package_discovery:Found 1 installed packages in /home/nvidia4/smarthome_2026/ws/install
[0.621s] DEBUG:colcon.colcon_installed_package_information.package_discovery:Found 281 installed packages in /opt/ros/humble
[0.658s] Level 1:colcon.colcon_core.package_discovery:discover_packages(prefix_path) using defaults
[0.724s] Level 5:colcon.colcon_core.verb:set package 'smarthome_vision' build argument 'cmake_args' from command line to 'None'
[0.724s] Level 5:colcon.colcon_core.verb:set package 'smarthome_vision' build argument 'cmake_target' from command line to 'None'
[0.724s] Level 5:colcon.colcon_core.verb:set package 'smarthome_vision' build argument 'cmake_target_skip_unavailable' from command line to 'False'
[0.724s] Level 5:colcon.colcon_core.verb:set package 'smarthome_vision' build argument 'cmake_clean_cache' from command line to 'False'
[0.724s] Level 5:colcon.colcon_core.verb:set package 'smarthome_vision' build argument 'cmake_clean_first' from command line to 'False'
[0.725s] Level 5:colcon.colcon_core.verb:set package 'smarthome_vision' build argument 'cmake_force_configure' from command line to 'False'
[0.725s] Level 5:colcon.colcon_core.verb:set package 'smarthome_vision' build argument 'ament_cmake_args' from command line to 'None'
[0.725s] Level 5:colcon.colcon_core.verb:set package 'smarthome_vision' build argument 'catkin_cmake_args' from command line to 'None'
[0.725s] Level 5:colcon.colcon_core.verb:set package 'smarthome_vision' build argument 'catkin_skip_building_tests' from command line to 'False'
[0.725s] DEBUG:colcon.colcon_core.verb:Building package 'smarthome_vision' with the following arguments: {'ament_cmake_args': None, 'build_base': '/home/nvidia4/smarthome_2026/ws/build/smarthome_vision', 'catkin_cmake_args': None, 'catkin_skip_building_tests': False, 'cmake_args': None, 'cmake_clean_cache': False, 'cmake_clean_first': False, 'cmake_force_configure': False, 'cmake_target': None, 'cmake_target_skip_unavailable': False, 'install_base': '/home/nvidia4/smarthome_2026/ws/install/smarthome_vision', 'merge_install': False, 'path': '/home/nvidia4/smarthome_2026/ws/src/smarthome_vision_ros2', 'symlink_install': False, 'test_result_base': None}
[0.725s] INFO:colcon.colcon_core.executor:Executing jobs using 'parallel' executor
[0.728s] DEBUG:colcon.colcon_parallel_executor.executor.parallel:run_until_complete
[0.729s] INFO:colcon.colcon_ros.task.ament_cmake.build:Building ROS package in '/home/nvidia4/smarthome_2026/ws/src/smarthome_vision_ros2' with build type 'ament_cmake'
[0.729s] INFO:colcon.colcon_cmake.task.cmake.build:Building CMake package in '/home/nvidia4/smarthome_2026/ws/src/smarthome_vision_ros2'
[0.732s] INFO:colcon.colcon_core.plugin_system:Skipping extension 'colcon_core.shell.bat': Not used on non-Windows systems
[0.733s] INFO:colcon.colcon_core.shell:Skip shell extension 'powershell' for command environment: Not usable outside of PowerShell
[0.733s] DEBUG:colcon.colcon_core.shell:Skip shell extension 'dsv' for command environment
[0.753s] DEBUG:colcon.colcon_core.event_handler.log_command:Invoking command in '/home/nvidia4/smarthome_2026/ws/build/smarthome_vision': CMAKE_PREFIX_PATH=${CMAKE_PREFIX_PATH}:/opt/ros/humble /usr/bin/cmake --build /home/nvidia4/smarthome_2026/ws/build/smarthome_vision -- -j8 -l8
[6.840s] DEBUG:colcon.colcon_core.event_handler.log_command:Invoked command in '/home/nvidia4/smarthome_2026/ws/build/smarthome_vision' returned '0': CMAKE_PREFIX_PATH=${CMAKE_PREFIX_PATH}:/opt/ros/humble /usr/bin/cmake --build /home/nvidia4/smarthome_2026/ws/build/smarthome_vision -- -j8 -l8
[6.863s] DEBUG:colcon.colcon_core.event_handler.log_command:Invoking command in '/home/nvidia4/smarthome_2026/ws/build/smarthome_vision': CMAKE_PREFIX_PATH=${CMAKE_PREFIX_PATH}:/opt/ros/humble /usr/bin/cmake --install /home/nvidia4/smarthome_2026/ws/build/smarthome_vision
[7.001s] Level 1:colcon.colcon_core.environment:create_environment_scripts_only(smarthome_vision)
[7.008s] Level 1:colcon.colcon_core.environment:checking '/home/nvidia4/smarthome_2026/ws/install/smarthome_vision' for CMake module files
[7.015s] Level 1:colcon.colcon_core.environment:checking '/home/nvidia4/smarthome_2026/ws/install/smarthome_vision' for CMake config files
[7.016s] DEBUG:colcon.colcon_core.event_handler.log_command:Invoked command in '/home/nvidia4/smarthome_2026/ws/build/smarthome_vision' returned '0': CMAKE_PREFIX_PATH=${CMAKE_PREFIX_PATH}:/opt/ros/humble /usr/bin/cmake --install /home/nvidia4/smarthome_2026/ws/build/smarthome_vision
[7.016s] Level 1:colcon.colcon_core.shell:create_environment_hook('smarthome_vision', 'cmake_prefix_path')
[7.017s] INFO:colcon.colcon_core.shell:Creating environment hook '/home/nvidia4/smarthome_2026/ws/install/smarthome_vision/share/smarthome_vision/hook/cmake_prefix_path.ps1'
[7.031s] INFO:colcon.colcon_core.shell:Creating environment descriptor '/home/nvidia4/smarthome_2026/ws/install/smarthome_vision/share/smarthome_vision/hook/cmake_prefix_path.dsv'
[7.032s] INFO:colcon.colcon_core.shell:Creating environment hook '/home/nvidia4/smarthome_2026/ws/install/smarthome_vision/share/smarthome_vision/hook/cmake_prefix_path.sh'
[7.034s] Level 1:colcon.colcon_core.environment:checking '/home/nvidia4/smarthome_2026/ws/install/smarthome_vision/lib'
[7.034s] Level 1:colcon.colcon_core.shell:create_environment_hook('smarthome_vision', 'ld_library_path_lib')
[7.035s] INFO:colcon.colcon_core.shell:Creating environment hook '/home/nvidia4/smarthome_2026/ws/install/smarthome_vision/share/smarthome_vision/hook/ld_library_path_lib.ps1'
[7.036s] INFO:colcon.colcon_core.shell:Creating environment descriptor '/home/nvidia4/smarthome_2026/ws/install/smarthome_vision/share/smarthome_vision/hook/ld_library_path_lib.dsv'
[7.038s] INFO:colcon.colcon_core.shell:Creating environment hook '/home/nvidia4/smarthome_2026/ws/install/smarthome_vision/share/smarthome_vision/hook/ld_library_path_lib.sh'
[7.039s] Level 1:colcon.colcon_core.environment:checking '/home/nvidia4/smarthome_2026/ws/install/smarthome_vision/bin'
[7.039s] Level 1:colcon.colcon_core.environment:checking '/home/nvidia4/smarthome_2026/ws/install/smarthome_vision/lib/pkgconfig/smarthome_vision.pc'
[7.039s] Level 1:colcon.colcon_core.environment:checking '/home/nvidia4/smarthome_2026/ws/install/smarthome_vision/lib/python3.10/site-packages'
[7.040s] Level 1:colcon.colcon_core.environment:checking '/home/nvidia4/smarthome_2026/ws/install/smarthome_vision/bin'
[7.041s] INFO:colcon.colcon_core.shell:Creating package script '/home/nvidia4/smarthome_2026/ws/install/smarthome_vision/share/smarthome_vision/package.ps1'
[7.043s] INFO:colcon.colcon_core.shell:Creating package descriptor '/home/nvidia4/smarthome_2026/ws/install/smarthome_vision/share/smarthome_vision/package.dsv'
[7.044s] INFO:colcon.colcon_core.shell:Creating package script '/home/nvidia4/smarthome_2026/ws/install/smarthome_vision/share/smarthome_vision/package.sh'
[7.046s] INFO:colcon.colcon_core.shell:Creating package script '/home/nvidia4/smarthome_2026/ws/install/smarthome_vision/share/smarthome_vision/package.bash'
[7.047s] INFO:colcon.colcon_core.shell:Creating package script '/home/nvidia4/smarthome_2026/ws/install/smarthome_vision/share/smarthome_vision/package.zsh'
[7.048s] Level 1:colcon.colcon_core.environment:create_file_with_runtime_dependencies(/home/nvidia4/smarthome_2026/ws/install/smarthome_vision/share/colcon-core/packages/smarthome_vision)
[7.062s] Level 1:colcon.colcon_core.environment:create_environment_scripts_only(smarthome_vision)
[7.062s] Level 1:colcon.colcon_core.environment:checking '/home/nvidia4/smarthome_2026/ws/install/smarthome_vision' for CMake module files
[7.063s] Level 1:colcon.colcon_core.environment:checking '/home/nvidia4/smarthome_2026/ws/install/smarthome_vision' for CMake config files
[7.064s] Level 1:colcon.colcon_core.shell:create_environment_hook('smarthome_vision', 'cmake_prefix_path')
[7.064s] INFO:colcon.colcon_core.shell:Creating environment hook '/home/nvidia4/smarthome_2026/ws/install/smarthome_vision/share/smarthome_vision/hook/cmake_prefix_path.ps1'
[7.065s] INFO:colcon.colcon_core.shell:Creating environment descriptor '/home/nvidia4/smarthome_2026/ws/install/smarthome_vision/share/smarthome_vision/hook/cmake_prefix_path.dsv'
[7.066s] INFO:colcon.colcon_core.shell:Creating environment hook '/home/nvidia4/smarthome_2026/ws/install/smarthome_vision/share/smarthome_vision/hook/cmake_prefix_path.sh'
[7.067s] Level 1:colcon.colcon_core.environment:checking '/home/nvidia4/smarthome_2026/ws/install/smarthome_vision/lib'
[7.067s] Level 1:colcon.colcon_core.shell:create_environment_hook('smarthome_vision', 'ld_library_path_lib')
[7.067s] INFO:colcon.colcon_core.shell:Creating environment hook '/home/nvidia4/smarthome_2026/ws/install/smarthome_vision/share/smarthome_vision/hook/ld_library_path_lib.ps1'
[7.068s] INFO:colcon.colcon_core.shell:Creating environment descriptor '/home/nvidia4/smarthome_2026/ws/install/smarthome_vision/share/smarthome_vision/hook/ld_library_path_lib.dsv'
[7.069s] INFO:colcon.colcon_core.shell:Creating environment hook '/home/nvidia4/smarthome_2026/ws/install/smarthome_vision/share/smarthome_vision/hook/ld_library_path_lib.sh'
[7.070s] Level 1:colcon.colcon_core.environment:checking '/home/nvidia4/smarthome_2026/ws/install/smarthome_vision/bin'
[7.071s] Level 1:colcon.colcon_core.environment:checking '/home/nvidia4/smarthome_2026/ws/install/smarthome_vision/lib/pkgconfig/smarthome_vision.pc'
[7.071s] Level 1:colcon.colcon_core.environment:checking '/home/nvidia4/smarthome_2026/ws/install/smarthome_vision/lib/python3.10/site-packages'
[7.072s] Level 1:colcon.colcon_core.environment:checking '/home/nvidia4/smarthome_2026/ws/install/smarthome_vision/bin'
[7.073s] INFO:colcon.colcon_core.shell:Creating package script '/home/nvidia4/smarthome_2026/ws/install/smarthome_vision/share/smarthome_vision/package.ps1'
[7.074s] INFO:colcon.colcon_core.shell:Creating package descriptor '/home/nvidia4/smarthome_2026/ws/install/smarthome_vision/share/smarthome_vision/package.dsv'
[7.076s] INFO:colcon.colcon_core.shell:Creating package script '/home/nvidia4/smarthome_2026/ws/install/smarthome_vision/share/smarthome_vision/package.sh'
[7.076s] INFO:colcon.colcon_core.shell:Creating package script '/home/nvidia4/smarthome_2026/ws/install/smarthome_vision/share/smarthome_vision/package.bash'
[7.077s] INFO:colcon.colcon_core.shell:Creating package script '/home/nvidia4/smarthome_2026/ws/install/smarthome_vision/share/smarthome_vision/package.zsh'
[7.078s] Level 1:colcon.colcon_core.environment:create_file_with_runtime_dependencies(/home/nvidia4/smarthome_2026/ws/install/smarthome_vision/share/colcon-core/packages/smarthome_vision)
[7.078s] DEBUG:colcon.colcon_parallel_executor.executor.parallel:closing loop
[7.079s] DEBUG:colcon.colcon_parallel_executor.executor.parallel:loop closed
[7.079s] DEBUG:colcon.colcon_parallel_executor.executor.parallel:run_until_complete finished with '0'
[7.079s] DEBUG:colcon.colcon_core.event_reactor:joining thread
[7.101s] INFO:colcon.colcon_core.plugin_system:Skipping extension 'colcon_notification.desktop_notification.terminal_notifier': Not used on non-Darwin systems
[7.102s] INFO:colcon.colcon_core.plugin_system:Skipping extension 'colcon_notification.desktop_notification.win32': Not used on non-Windows systems
[7.102s] INFO:colcon.colcon_notification.desktop_notification:Sending desktop notification using 'notify2'
[7.134s] DEBUG:colcon.colcon_core.event_reactor:joined thread
[7.134s] INFO:colcon.colcon_core.shell:Creating prefix script '/home/nvidia4/smarthome_2026/ws/install/local_setup.ps1'
[7.137s] INFO:colcon.colcon_core.shell:Creating prefix util module '/home/nvidia4/smarthome_2026/ws/install/_local_setup_util_ps1.py'
[7.140s] INFO:colcon.colcon_core.shell:Creating prefix chain script '/home/nvidia4/smarthome_2026/ws/install/setup.ps1'
[7.143s] INFO:colcon.colcon_core.shell:Creating prefix script '/home/nvidia4/smarthome_2026/ws/install/local_setup.sh'
[7.144s] INFO:colcon.colcon_core.shell:Creating prefix util module '/home/nvidia4/smarthome_2026/ws/install/_local_setup_util_sh.py'
[7.145s] INFO:colcon.colcon_core.shell:Creating prefix chain script '/home/nvidia4/smarthome_2026/ws/install/setup.sh'
[7.147s] INFO:colcon.colcon_core.shell:Creating prefix script '/home/nvidia4/smarthome_2026/ws/install/local_setup.bash'
[7.149s] INFO:colcon.colcon_core.shell:Creating prefix chain script '/home/nvidia4/smarthome_2026/ws/install/setup.bash'
[7.151s] INFO:colcon.colcon_core.shell:Creating prefix script '/home/nvidia4/smarthome_2026/ws/install/local_setup.zsh'
[7.152s] INFO:colcon.colcon_core.shell:Creating prefix chain script '/home/nvidia4/smarthome_2026/ws/install/setup.zsh'
